Archive member included to satisfy reference by file (symbol)

/Applications/STM32CubeIDE.app/Contents/Eclipse/plugins/com.st.stm32cube.ide.mcu.externaltools.gnu-tools-for-stm32.9-2020-q2-update.macos64_2.0.0.202105311346/tools/bin/../lib/gcc/arm-none-eabi/9.3.1/../../../../arm-none-eabi/lib/thumb/v7e-m+fp/hard/libc_nano.a(lib_a-errno.o)
                              ./Core/Src/syscalls.o (__errno)
/Applications/STM32CubeIDE.app/Contents/Eclipse/plugins/com.st.stm32cube.ide.mcu.externaltools.gnu-tools-for-stm32.9-2020-q2-update.macos64_2.0.0.202105311346/tools/bin/../lib/gcc/arm-none-eabi/9.3.1/../../../../arm-none-eabi/lib/thumb/v7e-m+fp/hard/libc_nano.a(lib_a-exit.o)
                              /Applications/STM32CubeIDE.app/Contents/Eclipse/plugins/com.st.stm32cube.ide.mcu.externaltools.gnu-tools-for-stm32.9-2020-q2-update.macos64_2.0.0.202105311346/tools/bin/../lib/gcc/arm-none-eabi/9.3.1/../../../../arm-none-eabi/lib/thumb/v7e-m+fp/hard/crt0.o (exit)
/Applications/STM32CubeIDE.app/Contents/Eclipse/plugins/com.st.stm32cube.ide.mcu.externaltools.gnu-tools-for-stm32.9-2020-q2-update.macos64_2.0.0.202105311346/tools/bin/../lib/gcc/arm-none-eabi/9.3.1/../../../../arm-none-eabi/lib/thumb/v7e-m+fp/hard/libc_nano.a(lib_a-impure.o)
                              /Applications/STM32CubeIDE.app/Contents/Eclipse/plugins/com.st.stm32cube.ide.mcu.externaltools.gnu-tools-for-stm32.9-2020-q2-update.macos64_2.0.0.202105311346/tools/bin/../lib/gcc/arm-none-eabi/9.3.1/../../../../arm-none-eabi/lib/thumb/v7e-m+fp/hard/libc_nano.a(lib_a-exit.o) (_global_impure_ptr)
/Applications/STM32CubeIDE.app/Contents/Eclipse/plugins/com.st.stm32cube.ide.mcu.externaltools.gnu-tools-for-stm32.9-2020-q2-update.macos64_2.0.0.202105311346/tools/bin/../lib/gcc/arm-none-eabi/9.3.1/../../../../arm-none-eabi/lib/thumb/v7e-m+fp/hard/libc_nano.a(lib_a-init.o)
                              /Applications/STM32CubeIDE.app/Contents/Eclipse/plugins/com.st.stm32cube.ide.mcu.externaltools.gnu-tools-for-stm32.9-2020-q2-update.macos64_2.0.0.202105311346/tools/bin/../lib/gcc/arm-none-eabi/9.3.1/../../../../arm-none-eabi/lib/thumb/v7e-m+fp/hard/crt0.o (__libc_init_array)
/Applications/STM32CubeIDE.app/Contents/Eclipse/plugins/com.st.stm32cube.ide.mcu.externaltools.gnu-tools-for-stm32.9-2020-q2-update.macos64_2.0.0.202105311346/tools/bin/../lib/gcc/arm-none-eabi/9.3.1/../../../../arm-none-eabi/lib/thumb/v7e-m+fp/hard/libc_nano.a(lib_a-memcpy-stub.o)
                              ./Core/Src/main.o (memcpy)
/Applications/STM32CubeIDE.app/Contents/Eclipse/plugins/com.st.stm32cube.ide.mcu.externaltools.gnu-tools-for-stm32.9-2020-q2-update.macos64_2.0.0.202105311346/tools/bin/../lib/gcc/arm-none-eabi/9.3.1/../../../../arm-none-eabi/lib/thumb/v7e-m+fp/hard/libc_nano.a(lib_a-memset.o)
                              /Applications/STM32CubeIDE.app/Contents/Eclipse/plugins/com.st.stm32cube.ide.mcu.externaltools.gnu-tools-for-stm32.9-2020-q2-update.macos64_2.0.0.202105311346/tools/bin/../lib/gcc/arm-none-eabi/9.3.1/../../../../arm-none-eabi/lib/thumb/v7e-m+fp/hard/crt0.o (memset)

Allocating common symbols
Common symbol       size              file

retSD               0x1               ./FATFS/App/fatfs.o
hsd1                0x84              ./Core/Src/main.o
uwTick              0x4               ./Drivers/STM32L4xx_HAL_Driver/Src/stm32l4xx_hal.o
workBuffer          0x200             ./Core/Src/main.o
SDPath              0x4               ./Core/Src/main.o
SDFatFs             0x230             ./Core/Src/main.o
MyFile              0x230             ./Core/Src/main.o
hdma_sdmmc1_rx      0x48              ./Core/Src/main.o
SDFile              0x230             ./FATFS/App/fatfs.o
hdma_sdmmc1_tx      0x48              ./Core/Src/main.o
SDFatFS             0x230             ./FATFS/App/fatfs.o

Discarded input sections

 .text          0x0000000000000000        0x0 /Applications/STM32CubeIDE.app/Contents/Eclipse/plugins/com.st.stm32cube.ide.mcu.externaltools.gnu-tools-for-stm32.9-2020-q2-update.macos64_2.0.0.202105311346/tools/bin/../lib/gcc/arm-none-eabi/9.3.1/thumb/v7e-m+fp/hard/crti.o
 .data          0x0000000000000000        0x0 /Applications/STM32CubeIDE.app/Contents/Eclipse/plugins/com.st.stm32cube.ide.mcu.externaltools.gnu-tools-for-stm32.9-2020-q2-update.macos64_2.0.0.202105311346/tools/bin/../lib/gcc/arm-none-eabi/9.3.1/thumb/v7e-m+fp/hard/crti.o
 .bss           0x0000000000000000        0x0 /Applications/STM32CubeIDE.app/Contents/Eclipse/plugins/com.st.stm32cube.ide.mcu.externaltools.gnu-tools-for-stm32.9-2020-q2-update.macos64_2.0.0.202105311346/tools/bin/../lib/gcc/arm-none-eabi/9.3.1/thumb/v7e-m+fp/hard/crti.o
 .data          0x0000000000000000        0x4 /Applications/STM32CubeIDE.app/Contents/Eclipse/plugins/com.st.stm32cube.ide.mcu.externaltools.gnu-tools-for-stm32.9-2020-q2-update.macos64_2.0.0.202105311346/tools/bin/../lib/gcc/arm-none-eabi/9.3.1/thumb/v7e-m+fp/hard/crtbegin.o
[...]
Memory Configuration

Name             Origin             Length             Attributes
RAM              0x0000000020000000 0x0000000000050000 xrw
RAM2             0x0000000010000000 0x0000000000010000 xrw
FLASH            0x0000000008000000 0x0000000000100000 xr
*default*        0x0000000000000000 0xffffffffffffffff

Linker script and memory map

LOAD /Applications/STM32CubeIDE.app/Contents/Eclipse/plugins/com.st.stm32cube.ide.mcu.externaltools.gnu-tools-for-stm32.9-2020-q2-update.macos64_2.0.0.202105311346/tools/bin/../lib/gcc/arm-none-eabi/9.3.1/thumb/v7e-m+fp/hard/crti.o
LOAD /Applications/STM32CubeIDE.app/Contents/Eclipse/plugins/com.st.stm32cube.ide.mcu.externaltools.gnu-tools-for-stm32.9-2020-q2-update.macos64_2.0.0.202105311346/tools/bin/../lib/gcc/arm-none-eabi/9.3.1/thumb/v7e-m+fp/hard/crtbegin.o
LOAD /Applications/STM32CubeIDE.app/Contents/Eclipse/plugins/com.st.stm32cube.ide.mcu.externaltools.gnu-tools-for-stm32.9-2020-q2-update.macos64_2.0.0.202105311346/tools/bin/../lib/gcc/arm-none-eabi/9.3.1/../../../../arm-none-eabi/lib/thumb/v7e-m+fp/hard/crt0.o
LOAD ./Core/Src/main.o
LOAD ./Core/Src/stm32l4xx_hal_msp.o
LOAD ./Core/Src/stm32l4xx_it.o
LOAD ./Core/Src/syscalls.o
LOAD ./Core/Src/sysmem.o
LOAD ./Core/Src/system_stm32l4xx.o
LOAD ./Core/Startup/startup_stm32l496agix.o
LOAD ./Drivers/STM32L4xx_HAL_Driver/Src/stm32l4xx_hal.o
LOAD ./Drivers/STM32L4xx_HAL_Driver/Src/stm32l4xx_hal_cortex.o
LOAD ./Drivers/STM32L4xx_HAL_Driver/Src/stm32l4xx_hal_dma.o
LOAD ./Drivers/STM32L4xx_HAL_Driver/Src/stm32l4xx_hal_dma_ex.o
LOAD ./Drivers/STM32L4xx_HAL_Driver/Src/stm32l4xx_hal_exti.o
LOAD ./Drivers/STM32L4xx_HAL_Driver/Src/stm32l4xx_hal_flash.o
LOAD ./Drivers/STM32L4xx_HAL_Driver/Src/stm32l4xx_hal_flash_ex.o
LOAD ./Drivers/STM32L4xx_HAL_Driver/Src/stm32l4xx_hal_flash_ramfunc.o
LOAD ./Drivers/STM32L4xx_HAL_Driver/Src/stm32l4xx_hal_gpio.o
LOAD ./Drivers/STM32L4xx_HAL_Driver/Src/stm32l4xx_hal_i2c.o
LOAD ./Drivers/STM32L4xx_HAL_Driver/Src/stm32l4xx_hal_i2c_ex.o
LOAD ./Drivers/STM32L4xx_HAL_Driver/Src/stm32l4xx_hal_pwr.o
LOAD ./Drivers/STM32L4xx_HAL_Driver/Src/stm32l4xx_hal_pwr_ex.o
LOAD ./Drivers/STM32L4xx_HAL_Driver/Src/stm32l4xx_hal_rcc.o
LOAD ./Drivers/STM32L4xx_HAL_Driver/Src/stm32l4xx_hal_rcc_ex.o
LOAD ./Drivers/STM32L4xx_HAL_Driver/Src/stm32l4xx_hal_sd.o
LOAD ./Drivers/STM32L4xx_HAL_Driver/Src/stm32l4xx_hal_sd_ex.o
LOAD ./Drivers/STM32L4xx_HAL_Driver/Src/stm32l4xx_hal_tim.o
LOAD ./Drivers/STM32L4xx_HAL_Driver/Src/stm32l4xx_hal_tim_ex.o
LOAD ./Drivers/STM32L4xx_HAL_Driver/Src/stm32l4xx_ll_sdmmc.o
LOAD ./FATFS/App/fatfs.o
LOAD ./FATFS/Target/bsp_driver_sd.o
LOAD ./FATFS/Target/fatfs_platform.o
LOAD ./FATFS/Target/sd_diskio.o
LOAD ./Middlewares/Third_Party/FatFs/src/diskio.o
LOAD ./Middlewares/Third_Party/FatFs/src/ff.o
LOAD ./Middlewares/Third_Party/FatFs/src/ff_gen_drv.o
LOAD ./Middlewares/Third_Party/FatFs/src/option/syscall.o
START GROUP
LOAD /Applications/STM32CubeIDE.app/Contents/Eclipse/plugins/com.st.stm32cube.ide.mcu.externaltools.gnu-tools-for-stm32.9-2020-q2-update.macos64_2.0.0.202105311346/tools/bin/../lib/gcc/arm-none-eabi/9.3.1/../../../../arm-none-eabi/lib/thumb/v7e-m+fp/hard/libc_nano.a
LOAD /Applications/STM32CubeIDE.app/Contents/Eclipse/plugins/com.st.stm32cube.ide.mcu.externaltools.gnu-tools-for-stm32.9-2020-q2-update.macos64_2.0.0.202105311346/tools/bin/../lib/gcc/arm-none-eabi/9.3.1/../../../../arm-none-eabi/lib/thumb/v7e-m+fp/hard/libm.a
END GROUP
START GROUP
LOAD /Applications/STM32CubeIDE.app/Contents/Eclipse/plugins/com.st.stm32cube.ide.mcu.externaltools.gnu-tools-for-stm32.9-2020-q2-update.macos64_2.0.0.202105311346/tools/bin/../lib/gcc/arm-none-eabi/9.3.1/thumb/v7e-m+fp/hard/libgcc.a
LOAD /Applications/STM32CubeIDE.app/Contents/Eclipse/plugins/com.st.stm32cube.ide.mcu.externaltools.gnu-tools-for-stm32.9-2020-q2-update.macos64_2.0.0.202105311346/tools/bin/../lib/gcc/arm-none-eabi/9.3.1/../../../../arm-none-eabi/lib/thumb/v7e-m+fp/hard/libc_nano.a
END GROUP
START GROUP
LOAD /Applications/STM32CubeIDE.app/Contents/Eclipse/plugins/com.st.stm32cube.ide.mcu.externaltools.gnu-tools-for-stm32.9-2020-q2-update.macos64_2.0.0.202105311346/tools/bin/../lib/gcc/arm-none-eabi/9.3.1/thumb/v7e-m+fp/hard/libgcc.a
LOAD /Applications/STM32CubeIDE.app/Contents/Eclipse/plugins/com.st.stm32cube.ide.mcu.externaltools.gnu-tools-for-stm32.9-2020-q2-update.macos64_2.0.0.202105311346/tools/bin/../lib/gcc/arm-none-eabi/9.3.1/../../../../arm-none-eabi/lib/thumb/v7e-m+fp/hard/libc_nano.a
LOAD /Applications/STM32CubeIDE.app/Contents/Eclipse/plugins/com.st.stm32cube.ide.mcu.externaltools.gnu-tools-for-stm32.9-2020-q2-update.macos64_2.0.0.202105311346/tools/bin/../lib/gcc/arm-none-eabi/9.3.1/../../../../arm-none-eabi/lib/thumb/v7e-m+fp/hard/libnosys.a
END GROUP
START GROUP
LOAD /Applications/STM32CubeIDE.app/Contents/Eclipse/plugins/com.st.stm32cube.ide.mcu.externaltools.gnu-tools-for-stm32.9-2020-q2-update.macos64_2.0.0.202105311346/tools/bin/../lib/gcc/arm-none-eabi/9.3.1/thumb/v7e-m+fp/hard/libgcc.a
LOAD /Applications/STM32CubeIDE.app/Contents/Eclipse/plugins/com.st.stm32cube.ide.mcu.externaltools.gnu-tools-for-stm32.9-2020-q2-update.macos64_2.0.0.202105311346/tools/bin/../lib/gcc/arm-none-eabi/9.3.1/../../../../arm-none-eabi/lib/thumb/v7e-m+fp/hard/libc_nano.a
LOAD /Applications/STM32CubeIDE.app/Contents/Eclipse/plugins/com.st.stm32cube.ide.mcu.externaltools.gnu-tools-for-stm32.9-2020-q2-update.macos64_2.0.0.202105311346/tools/bin/../lib/gcc/arm-none-eabi/9.3.1/../../../../arm-none-eabi/lib/thumb/v7e-m+fp/hard/libnosys.a
END GROUP
LOAD /Applications/STM32CubeIDE.app/Contents/Eclipse/plugins/com.st.stm32cube.ide.mcu.externaltools.gnu-tools-for-stm32.9-2020-q2-update.macos64_2.0.0.202105311346/tools/bin/../lib/gcc/arm-none-eabi/9.3.1/thumb/v7e-m+fp/hard/crtend.o
LOAD /Applications/STM32CubeIDE.app/Contents/Eclipse/plugins/com.st.stm32cube.ide.mcu.externaltools.gnu-tools-for-stm32.9-2020-q2-update.macos64_2.0.0.202105311346/tools/bin/../lib/gcc/arm-none-eabi/9.3.1/thumb/v7e-m+fp/hard/crtn.o
                0x0000000020050000                _estack = (ORIGIN (RAM) + LENGTH (RAM))
                0x0000000000001000                _Min_Heap_Size = 0x1000
                0x0000000000001000                _Min_Stack_Size = 0x1000

.isr_vector     0x0000000008000000      0x1ac
                0x0000000008000000                . = ALIGN (0x4)
 *(.isr_vector)
 .isr_vector    0x0000000008000000      0x1ac ./Core/Startup/startup_stm32l496agix.o
                0x0000000008000000                g_pfnVectors
                0x00000000080001ac                . = ALIGN (0x4)

.text           0x00000000080001ac     0x8c4c
                0x00000000080001ac                . = ALIGN (0x4)
 *(.text)
 .text          0x00000000080001ac       0x40 /Applications/STM32CubeIDE.app/Contents/Eclipse/plugins/com.st.stm32cube.ide.mcu.externaltools.gnu-tools-for-stm32.9-2020-q2-update.macos64_2.0.0.202105311346/tools/bin/../lib/gcc/arm-none-eabi/9.3.1/thumb/v7e-m+fp/hard/crtbegin.o
 *(.text*)
 .text.main     0x00000000080001ec       0xa4 ./Core/Src/main.o
                0x00000000080001ec                main
 .text.SystemClock_Config
                0x0000000008000290       0x8c ./Core/Src/main.o
                0x0000000008000290                SystemClock_Config
 .text.MX_SDMMC1_SD_Init
                0x000000000800031c       0x40 ./Core/Src/main.o
 .text.MX_DMA_Init
                0x000000000800035c       0x4c ./Core/Src/main.o
 .text.MX_GPIO_Init
                0x00000000080003a8       0xf0 ./Core/Src/main.o
 .text.BSP_LED_On
                0x0000000008000498       0x34 ./Core/Src/main.o
                0x0000000008000498                BSP_LED_On
 .text.BSP_LED_Off
                0x00000000080004cc       0x34 ./Core/Src/main.o
                0x00000000080004cc                BSP_LED_Off
 .text.FS_FileOperations
                0x0000000008000500      0x10c ./Core/Src/main.o
 .text.SD_Initialize
                0x000000000800060c       0x44 ./Core/Src/main.o
 .text.Error_Handler
                0x0000000008000650        0xa ./Core/Src/main.o
                0x0000000008000650                Error_Handler
 *fill*         0x000000000800065a        0x2 
 .text.HAL_MspInit
                0x000000000800065c       0x48 ./Core/Src/stm32l4xx_hal_msp.o
                0x000000000800065c                HAL_MspInit
 .text.HAL_SD_MspInit
                0x00000000080006a4      0x1f4 ./Core/Src/stm32l4xx_hal_msp.o
                0x00000000080006a4                HAL_SD_MspInit
 .text.NMI_Handler
                0x0000000008000898        0x6 ./Core/Src/stm32l4xx_it.o
                0x0000000008000898                NMI_Handler
 .text.HardFault_Handler
                0x000000000800089e        0x6 ./Core/Src/stm32l4xx_it.o
                0x000000000800089e                HardFault_Handler
 .text.MemManage_Handler
                0x00000000080008a4        0x6 ./Core/Src/stm32l4xx_it.o
                0x00000000080008a4                MemManage_Handler
 .text.BusFault_Handler
                0x00000000080008aa        0x6 ./Core/Src/stm32l4xx_it.o
                0x00000000080008aa                BusFault_Handler
 .text.UsageFault_Handler
                0x00000000080008b0        0x6 ./Core/Src/stm32l4xx_it.o
                0x00000000080008b0                UsageFault_Handler
 .text.SVC_Handler
                0x00000000080008b6        0xe ./Core/Src/stm32l4xx_it.o
                0x00000000080008b6                SVC_Handler
 .text.DebugMon_Handler
                0x00000000080008c4        0xe ./Core/Src/stm32l4xx_it.o
                0x00000000080008c4                DebugMon_Handler
 .text.PendSV_Handler
                0x00000000080008d2        0xe ./Core/Src/stm32l4xx_it.o
                0x00000000080008d2                PendSV_Handler
 .text.SysTick_Handler
                0x00000000080008e0        0xc ./Core/Src/stm32l4xx_it.o
                0x00000000080008e0                SysTick_Handler
 .text.SDMMC1_IRQHandler
                0x00000000080008ec       0x14 ./Core/Src/stm32l4xx_it.o
                0x00000000080008ec                SDMMC1_IRQHandler
 .text.DMA2_Channel4_IRQHandler
                0x0000000008000900       0x14 ./Core/Src/stm32l4xx_it.o
                0x0000000008000900                DMA2_Channel4_IRQHandler
 .text.DMA2_Channel5_IRQHandler
                0x0000000008000914       0x14 ./Core/Src/stm32l4xx_it.o
                0x0000000008000914                DMA2_Channel5_IRQHandler
 .text.SystemInit
                0x0000000008000928       0x24 ./Core/Src/system_stm32l4xx.o
                0x0000000008000928                SystemInit
 .text.Reset_Handler
                0x000000000800094c       0x50 ./Core/Startup/startup_stm32l496agix.o
                0x000000000800094c                Reset_Handler
 .text.Default_Handler
                0x000000000800099c        0x2 ./Core/Startup/startup_stm32l496agix.o
                0x000000000800099c                TIM1_BRK_TIM15_IRQHandler
                0x000000000800099c                EXTI2_IRQHandler
                0x000000000800099c                TIM8_TRG_COM_IRQHandler
                0x000000000800099c                TIM8_CC_IRQHandler
                0x000000000800099c                TIM1_CC_IRQHandler
                0x000000000800099c                TSC_IRQHandler
                0x000000000800099c                TAMP_STAMP_IRQHandler
                0x000000000800099c                CAN2_RX1_IRQHandler
                0x000000000800099c                EXTI3_IRQHandler
                0x000000000800099c                LPTIM2_IRQHandler
                0x000000000800099c                DFSDM1_FLT1_IRQHandler
                0x000000000800099c                I2C3_ER_IRQHandler
                0x000000000800099c                DFSDM1_FLT2_IRQHandler
                0x000000000800099c                EXTI0_IRQHandler
                0x000000000800099c                I2C2_EV_IRQHandler
                0x000000000800099c                CAN1_RX0_IRQHandler
                0x000000000800099c                FPU_IRQHandler
                0x000000000800099c                TIM1_UP_TIM16_IRQHandler
                0x000000000800099c                CAN2_SCE_IRQHandler
                0x000000000800099c                ADC1_2_IRQHandler
                0x000000000800099c                SPI1_IRQHandler
                0x000000000800099c                TIM6_DAC_IRQHandler
                0x000000000800099c                DCMI_IRQHandler
                0x000000000800099c                CAN2_RX0_IRQHandler
                0x000000000800099c                TIM8_UP_IRQHandler
                0x000000000800099c                DMA2_Channel2_IRQHandler
                0x000000000800099c                DMA1_Channel4_IRQHandler
                0x000000000800099c                SAI2_IRQHandler
                0x000000000800099c                DFSDM1_FLT3_IRQHandler
                0x000000000800099c                USART3_IRQHandler
                0x000000000800099c                DMA1_Channel7_IRQHandler
                0x000000000800099c                CAN1_RX1_IRQHandler
                0x000000000800099c                LCD_IRQHandler
                0x000000000800099c                UART5_IRQHandler
                0x000000000800099c                ADC3_IRQHandler
                0x000000000800099c                TIM4_IRQHandler
                0x000000000800099c                DMA2_Channel1_IRQHandler
                0x000000000800099c                QUADSPI_IRQHandler
                0x000000000800099c                I2C1_EV_IRQHandler
                0x000000000800099c                DMA1_Channel6_IRQHandler
                0x000000000800099c                UART4_IRQHandler
                0x000000000800099c                TIM3_IRQHandler
                0x000000000800099c                RCC_IRQHandler
                0x000000000800099c                DMA1_Channel1_IRQHandler
                0x000000000800099c                Default_Handler
                0x000000000800099c                DMA2_Channel7_IRQHandler
                0x000000000800099c                EXTI15_10_IRQHandler
                0x000000000800099c                TIM7_IRQHandler
                0x000000000800099c                CAN2_TX_IRQHandler
                0x000000000800099c                TIM5_IRQHandler
                0x000000000800099c                I2C3_EV_IRQHandler
                0x000000000800099c                EXTI9_5_IRQHandler
                0x000000000800099c                RTC_WKUP_IRQHandler
                0x000000000800099c                PVD_PVM_IRQHandler
                0x000000000800099c                SPI2_IRQHandler
                0x000000000800099c                CAN1_TX_IRQHandler
                0x000000000800099c                CRS_IRQHandler
                0x000000000800099c                DMA1_Channel5_IRQHandler
                0x000000000800099c                EXTI4_IRQHandler
                0x000000000800099c                RNG_IRQHandler
                0x000000000800099c                TIM1_TRG_COM_TIM17_IRQHandler
                0x000000000800099c                DMA1_Channel3_IRQHandler
                0x000000000800099c                COMP_IRQHandler
                0x000000000800099c                WWDG_IRQHandler
                0x000000000800099c                I2C4_EV_IRQHandler
                0x000000000800099c                LPUART1_IRQHandler
                0x000000000800099c                DMA2_Channel6_IRQHandler
                0x000000000800099c                TIM2_IRQHandler
                0x000000000800099c                EXTI1_IRQHandler
                0x000000000800099c                USART2_IRQHandler
                0x000000000800099c                DFSDM1_FLT0_IRQHandler
                0x000000000800099c                I2C2_ER_IRQHandler
                0x000000000800099c                DMA1_Channel2_IRQHandler
                0x000000000800099c                TIM8_BRK_IRQHandler
                0x000000000800099c                CAN1_SCE_IRQHandler
                0x000000000800099c                FLASH_IRQHandler
                0x000000000800099c                USART1_IRQHandler
                0x000000000800099c                OTG_FS_IRQHandler
                0x000000000800099c                SPI3_IRQHandler
                0x000000000800099c                I2C1_ER_IRQHandler
                0x000000000800099c                FMC_IRQHandler
                0x000000000800099c                SWPMI1_IRQHandler
                0x000000000800099c                LPTIM1_IRQHandler
                0x000000000800099c                I2C4_ER_IRQHandler
                0x000000000800099c                SAI1_IRQHandler
                0x000000000800099c                DMA2_Channel3_IRQHandler
                0x000000000800099c                RTC_Alarm_IRQHandler
 .text.HAL_Init
                0x000000000800099e       0x30 ./Drivers/STM32L4xx_HAL_Driver/Src/stm32l4xx_hal.o
                0x000000000800099e                HAL_Init
 *fill*         0x00000000080009ce        0x2 
 .text.HAL_InitTick
                0x00000000080009d0       0x78 ./Drivers/STM32L4xx_HAL_Driver/Src/stm32l4xx_hal.o
                0x00000000080009d0                HAL_InitTick
 .text.HAL_IncTick
                0x0000000008000a48       0x28 ./Drivers/STM32L4xx_HAL_Driver/Src/stm32l4xx_hal.o
                0x0000000008000a48                HAL_IncTick
 .text.HAL_GetTick
                0x0000000008000a70       0x18 ./Drivers/STM32L4xx_HAL_Driver/Src/stm32l4xx_hal.o
                0x0000000008000a70                HAL_GetTick
 .text.HAL_Delay
                0x0000000008000a88       0x48 ./Drivers/STM32L4xx_HAL_Driver/Src/stm32l4xx_hal.o
                0x0000000008000a88                HAL_Delay
 .text.__NVIC_SetPriorityGrouping
                0x0000000008000ad0       0x48 ./Drivers/STM32L4xx_HAL_Driver/Src/stm32l4xx_hal_cortex.o
 .text.__NVIC_GetPriorityGrouping
                0x0000000008000b18       0x1c ./Drivers/STM32L4xx_HAL_Driver/Src/stm32l4xx_hal_cortex.o
 .text.__NVIC_EnableIRQ
                0x0000000008000b34       0x3c ./Drivers/STM32L4xx_HAL_Driver/Src/stm32l4xx_hal_cortex.o
 .text.__NVIC_SetPriority
                0x0000000008000b70       0x54 ./Drivers/STM32L4xx_HAL_Driver/Src/stm32l4xx_hal_cortex.o
 .text.NVIC_EncodePriority
                0x0000000008000bc4       0x66 ./Drivers/STM32L4xx_HAL_Driver/Src/stm32l4xx_hal_cortex.o
 *fill*         0x0000000008000c2a        0x2 
 .text.SysTick_Config
                0x0000000008000c2c       0x44 ./Drivers/STM32L4xx_HAL_Driver/Src/stm32l4xx_hal_cortex.o
 .text.HAL_NVIC_SetPriorityGrouping
                0x0000000008000c70       0x16 ./Drivers/STM32L4xx_HAL_Driver/Src/stm32l4xx_hal_cortex.o
                0x0000000008000c70                HAL_NVIC_SetPriorityGrouping
 .text.HAL_NVIC_SetPriority
                0x0000000008000c86       0x38 ./Drivers/STM32L4xx_HAL_Driver/Src/stm32l4xx_hal_cortex.o
                0x0000000008000c86                HAL_NVIC_SetPriority
 .text.HAL_NVIC_EnableIRQ
                0x0000000008000cbe       0x1c ./Drivers/STM32L4xx_HAL_Driver/Src/stm32l4xx_hal_cortex.o
                0x0000000008000cbe                HAL_NVIC_EnableIRQ
 .text.HAL_SYSTICK_Config
                0x0000000008000cda       0x18 ./Drivers/STM32L4xx_HAL_Driver/Src/stm32l4xx_hal_cortex.o
                0x0000000008000cda                HAL_SYSTICK_Config
 *fill*         0x0000000008000cf2        0x2 
 .text.HAL_DMA_Init
                0x0000000008000cf4      0x170 ./Drivers/STM32L4xx_HAL_Driver/Src/stm32l4xx_hal_dma.o
                0x0000000008000cf4                HAL_DMA_Init
 .text.HAL_DMA_Start_IT
                0x0000000008000e64       0xc0 ./Drivers/STM32L4xx_HAL_Driver/Src/stm32l4xx_hal_dma.o
                0x0000000008000e64                HAL_DMA_Start_IT
 .text.HAL_DMA_Abort_IT
                0x0000000008000f24       0x82 ./Drivers/STM32L4xx_HAL_Driver/Src/stm32l4xx_hal_dma.o
                0x0000000008000f24                HAL_DMA_Abort_IT
 .text.HAL_DMA_IRQHandler
                0x0000000008000fa6      0x15e ./Drivers/STM32L4xx_HAL_Driver/Src/stm32l4xx_hal_dma.o
                0x0000000008000fa6                HAL_DMA_IRQHandler
 .text.DMA_SetConfig
                0x0000000008001104       0x60 ./Drivers/STM32L4xx_HAL_Driver/Src/stm32l4xx_hal_dma.o
 .text.HAL_GPIO_Init
                0x0000000008001164      0x324 ./Drivers/STM32L4xx_HAL_Driver/Src/stm32l4xx_hal_gpio.o
                0x0000000008001164                HAL_GPIO_Init
 .text.HAL_GPIO_ReadPin
                0x0000000008001488       0x30 ./Drivers/STM32L4xx_HAL_Driver/Src/stm32l4xx_hal_gpio.o
                0x0000000008001488                HAL_GPIO_ReadPin
 .text.HAL_GPIO_WritePin
                0x00000000080014b8       0x30 ./Drivers/STM32L4xx_HAL_Driver/Src/stm32l4xx_hal_gpio.o
                0x00000000080014b8                HAL_GPIO_WritePin
 .text.HAL_PWREx_GetVoltageRange
                0x00000000080014e8       0x1c ./Drivers/STM32L4xx_HAL_Driver/Src/stm32l4xx_hal_pwr_ex.o
                0x00000000080014e8                HAL_PWREx_GetVoltageRange
 .text.HAL_PWREx_ControlVoltageScaling
                0x0000000008001504       0xac ./Drivers/STM32L4xx_HAL_Driver/Src/stm32l4xx_hal_pwr_ex.o
                0x0000000008001504                HAL_PWREx_ControlVoltageScaling
 .text.HAL_RCC_OscConfig
                0x00000000080015b0      0x84c ./Drivers/STM32L4xx_HAL_Driver/Src/stm32l4xx_hal_rcc.o
                0x00000000080015b0                HAL_RCC_OscConfig
 .text.HAL_RCC_ClockConfig
                0x0000000008001dfc      0x1c4 ./Drivers/STM32L4xx_HAL_Driver/Src/stm32l4xx_hal_rcc.o
                0x0000000008001dfc                HAL_RCC_ClockConfig
 .text.HAL_RCC_GetSysClockFreq
                0x0000000008001fc0      0x118 ./Drivers/STM32L4xx_HAL_Driver/Src/stm32l4xx_hal_rcc.o
                0x0000000008001fc0                HAL_RCC_GetSysClockFreq
 .text.HAL_RCC_GetHCLKFreq
                0x00000000080020d8       0x18 ./Drivers/STM32L4xx_HAL_Driver/Src/stm32l4xx_hal_rcc.o
                0x00000000080020d8                HAL_RCC_GetHCLKFreq
 .text.HAL_RCC_GetPCLK1Freq
                0x00000000080020f0       0x2c ./Drivers/STM32L4xx_HAL_Driver/Src/stm32l4xx_hal_rcc.o
                0x00000000080020f0                HAL_RCC_GetPCLK1Freq
 .text.HAL_RCC_GetPCLK2Freq
                0x000000000800211c       0x2c ./Drivers/STM32L4xx_HAL_Driver/Src/stm32l4xx_hal_rcc.o
                0x000000000800211c                HAL_RCC_GetPCLK2Freq
 .text.RCC_SetFlashLatencyFromMSIRange
                0x0000000008002148       0xc0 ./Drivers/STM32L4xx_HAL_Driver/Src/stm32l4xx_hal_rcc.o
 .text.HAL_RCCEx_PeriphCLKConfig
                0x0000000008002208      0x5f8 ./Drivers/STM32L4xx_HAL_Driver/Src/stm32l4xx_hal_rcc_ex.o
                0x0000000008002208                HAL_RCCEx_PeriphCLKConfig
 .text.HAL_RCCEx_GetPeriphCLKFreq
                0x0000000008002800      0xb74 ./Drivers/STM32L4xx_HAL_Driver/Src/stm32l4xx_hal_rcc_ex.o
                0x0000000008002800                HAL_RCCEx_GetPeriphCLKFreq
 .text.RCCEx_PLLSAI1_Config
                0x0000000008003374      0x1e4 ./Drivers/STM32L4xx_HAL_Driver/Src/stm32l4xx_hal_rcc_ex.o
 .text.RCCEx_PLLSAI2_Config
                0x0000000008003558      0x1b8 ./Drivers/STM32L4xx_HAL_Driver/Src/stm32l4xx_hal_rcc_ex.o
 .text.RCCEx_GetSAIxPeriphCLKFreq
                0x0000000008003710      0x204 ./Drivers/STM32L4xx_HAL_Driver/Src/stm32l4xx_hal_rcc_ex.o
 .text.HAL_SD_Init
                0x0000000008003914       0x60 ./Drivers/STM32L4xx_HAL_Driver/Src/stm32l4xx_hal_sd.o
                0x0000000008003914                HAL_SD_Init
 .text.HAL_SD_InitCard
                0x0000000008003974      0x14c ./Drivers/STM32L4xx_HAL_Driver/Src/stm32l4xx_hal_sd.o
                0x0000000008003974                HAL_SD_InitCard
 .text.HAL_SD_ReadBlocks_DMA
                0x0000000008003ac0      0x190 ./Drivers/STM32L4xx_HAL_Driver/Src/stm32l4xx_hal_sd.o
                0x0000000008003ac0                HAL_SD_ReadBlocks_DMA
 .text.HAL_SD_WriteBlocks_DMA
                0x0000000008003c50      0x198 ./Drivers/STM32L4xx_HAL_Driver/Src/stm32l4xx_hal_sd.o
                0x0000000008003c50                HAL_SD_WriteBlocks_DMA
 .text.HAL_SD_IRQHandler
                0x0000000008003de8      0x2ec ./Drivers/STM32L4xx_HAL_Driver/Src/stm32l4xx_hal_sd.o
                0x0000000008003de8                HAL_SD_IRQHandler
 .text.HAL_SD_ErrorCallback
                0x00000000080040d4       0x14 ./Drivers/STM32L4xx_HAL_Driver/Src/stm32l4xx_hal_sd.o
                0x00000000080040d4                HAL_SD_ErrorCallback
 .text.HAL_SD_GetCardCSD
                0x00000000080040e8      0x348 ./Drivers/STM32L4xx_HAL_Driver/Src/stm32l4xx_hal_sd.o
                0x00000000080040e8                HAL_SD_GetCardCSD
 .text.HAL_SD_GetCardInfo
                0x0000000008004430       0x58 ./Drivers/STM32L4xx_HAL_Driver/Src/stm32l4xx_hal_sd.o
                0x0000000008004430                HAL_SD_GetCardInfo
 .text.HAL_SD_ConfigWideBusOperation
                0x0000000008004488      0x178 ./Drivers/STM32L4xx_HAL_Driver/Src/stm32l4xx_hal_sd.o
                0x0000000008004488                HAL_SD_ConfigWideBusOperation
 .text.HAL_SD_GetCardState
                0x0000000008004600       0x40 ./Drivers/STM32L4xx_HAL_Driver/Src/stm32l4xx_hal_sd.o
                0x0000000008004600                HAL_SD_GetCardState
 .text.SD_DMATransmitCplt
                0x0000000008004640       0x2a ./Drivers/STM32L4xx_HAL_Driver/Src/stm32l4xx_hal_sd.o
 .text.SD_DMAReceiveCplt
                0x000000000800466a       0x70 ./Drivers/STM32L4xx_HAL_Driver/Src/stm32l4xx_hal_sd.o
 *fill*         0x00000000080046da        0x2 
 .text.SD_DMAError
                0x00000000080046dc       0x98 ./Drivers/STM32L4xx_HAL_Driver/Src/stm32l4xx_hal_sd.o
 .text.SD_DMATxAbort
                0x0000000008004774       0x6e ./Drivers/STM32L4xx_HAL_Driver/Src/stm32l4xx_hal_sd.o
 .text.SD_DMARxAbort
                0x00000000080047e2       0x6e ./Drivers/STM32L4xx_HAL_Driver/Src/stm32l4xx_hal_sd.o
 .text.SD_InitCard
                0x0000000008004850      0x198 ./Drivers/STM32L4xx_HAL_Driver/Src/stm32l4xx_hal_sd.o
 .text.SD_PowerON
                0x00000000080049e8      0x11c ./Drivers/STM32L4xx_HAL_Driver/Src/stm32l4xx_hal_sd.o
 .text.SD_SendStatus
                0x0000000008004b04       0x50 ./Drivers/STM32L4xx_HAL_Driver/Src/stm32l4xx_hal_sd.o
 .text.SD_WideBus_Enable
                0x0000000008004b54       0x96 ./Drivers/STM32L4xx_HAL_Driver/Src/stm32l4xx_hal_sd.o
 .text.SD_WideBus_Disable
                0x0000000008004bea       0x96 ./Drivers/STM32L4xx_HAL_Driver/Src/stm32l4xx_hal_sd.o
 .text.SD_FindSCR
                0x0000000008004c80      0x194 ./Drivers/STM32L4xx_HAL_Driver/Src/stm32l4xx_hal_sd.o
 .text.SD_Read_IT
                0x0000000008004e14       0xa2 ./Drivers/STM32L4xx_HAL_Driver/Src/stm32l4xx_hal_sd.o
 .text.SD_Write_IT
                0x0000000008004eb6       0xaa ./Drivers/STM32L4xx_HAL_Driver/Src/stm32l4xx_hal_sd.o
 .text.SDMMC_Init
                0x0000000008004f60       0x5a ./Drivers/STM32L4xx_HAL_Driver/Src/stm32l4xx_ll_sdmmc.o
                0x0000000008004f60                SDMMC_Init
 .text.SDMMC_ReadFIFO
                0x0000000008004fba       0x1a ./Drivers/STM32L4xx_HAL_Driver/Src/stm32l4xx_ll_sdmmc.o
                0x0000000008004fba                SDMMC_ReadFIFO
 .text.SDMMC_WriteFIFO
                0x0000000008004fd4       0x22 ./Drivers/STM32L4xx_HAL_Driver/Src/stm32l4xx_ll_sdmmc.o
                0x0000000008004fd4                SDMMC_WriteFIFO
 .text.SDMMC_PowerState_ON
                0x0000000008004ff6       0x1e ./Drivers/STM32L4xx_HAL_Driver/Src/stm32l4xx_ll_sdmmc.o
                0x0000000008004ff6                SDMMC_PowerState_ON
 .text.SDMMC_GetPowerState
                0x0000000008005014       0x1c ./Drivers/STM32L4xx_HAL_Driver/Src/stm32l4xx_ll_sdmmc.o
                0x0000000008005014                SDMMC_GetPowerState
 .text.SDMMC_SendCommand
                0x0000000008005030       0x54 ./Drivers/STM32L4xx_HAL_Driver/Src/stm32l4xx_ll_sdmmc.o
                0x0000000008005030                SDMMC_SendCommand
 .text.SDMMC_GetCommandResponse
                0x0000000008005084       0x1a ./Drivers/STM32L4xx_HAL_Driver/Src/stm32l4xx_ll_sdmmc.o
                0x0000000008005084                SDMMC_GetCommandResponse
 .text.SDMMC_GetResponse
                0x000000000800509e       0x26 ./Drivers/STM32L4xx_HAL_Driver/Src/stm32l4xx_ll_sdmmc.o
                0x000000000800509e                SDMMC_GetResponse
 .text.SDMMC_ConfigData
                0x00000000080050c4       0x58 ./Drivers/STM32L4xx_HAL_Driver/Src/stm32l4xx_ll_sdmmc.o
                0x00000000080050c4                SDMMC_ConfigData
 .text.SDMMC_CmdBlockLength
                0x000000000800511c       0x44 ./Drivers/STM32L4xx_HAL_Driver/Src/stm32l4xx_ll_sdmmc.o
                0x000000000800511c                SDMMC_CmdBlockLength
 .text.SDMMC_CmdReadSingleBlock
                0x0000000008005160       0x44 ./Drivers/STM32L4xx_HAL_Driver/Src/stm32l4xx_ll_sdmmc.o
                0x0000000008005160                SDMMC_CmdReadSingleBlock
 .text.SDMMC_CmdReadMultiBlock
                0x00000000080051a4       0x44 ./Drivers/STM32L4xx_HAL_Driver/Src/stm32l4xx_ll_sdmmc.o
                0x00000000080051a4                SDMMC_CmdReadMultiBlock
 .text.SDMMC_CmdWriteSingleBlock
                0x00000000080051e8       0x44 ./Drivers/STM32L4xx_HAL_Driver/Src/stm32l4xx_ll_sdmmc.o
                0x00000000080051e8                SDMMC_CmdWriteSingleBlock
 .text.SDMMC_CmdWriteMultiBlock
                0x000000000800522c       0x44 ./Drivers/STM32L4xx_HAL_Driver/Src/stm32l4xx_ll_sdmmc.o
                0x000000000800522c                SDMMC_CmdWriteMultiBlock
 .text.SDMMC_CmdStopTransfer
                0x0000000008005270       0x44 ./Drivers/STM32L4xx_HAL_Driver/Src/stm32l4xx_ll_sdmmc.o
                0x0000000008005270                SDMMC_CmdStopTransfer
 .text.SDMMC_CmdSelDesel
                0x00000000080052b4       0x46 ./Drivers/STM32L4xx_HAL_Driver/Src/stm32l4xx_ll_sdmmc.o
                0x00000000080052b4                SDMMC_CmdSelDesel
 .text.SDMMC_CmdGoIdleState
                0x00000000080052fa       0x3c ./Drivers/STM32L4xx_HAL_Driver/Src/stm32l4xx_ll_sdmmc.o
                0x00000000080052fa                SDMMC_CmdGoIdleState
 .text.SDMMC_CmdOperCond
                0x0000000008005336       0x3e ./Drivers/STM32L4xx_HAL_Driver/Src/stm32l4xx_ll_sdmmc.o
                0x0000000008005336                SDMMC_CmdOperCond
 .text.SDMMC_CmdAppCommand
                0x0000000008005374       0x44 ./Drivers/STM32L4xx_HAL_Driver/Src/stm32l4xx_ll_sdmmc.o
                0x0000000008005374                SDMMC_CmdAppCommand
 .text.SDMMC_CmdAppOperCommand
                0x00000000080053b8       0x46 ./Drivers/STM32L4xx_HAL_Driver/Src/stm32l4xx_ll_sdmmc.o
                0x00000000080053b8                SDMMC_CmdAppOperCommand
 .text.SDMMC_CmdBusWidth
                0x00000000080053fe       0x44 ./Drivers/STM32L4xx_HAL_Driver/Src/stm32l4xx_ll_sdmmc.o
                0x00000000080053fe                SDMMC_CmdBusWidth
 .text.SDMMC_CmdSendSCR
                0x0000000008005442       0x42 ./Drivers/STM32L4xx_HAL_Driver/Src/stm32l4xx_ll_sdmmc.o
                0x0000000008005442                SDMMC_CmdSendSCR
 .text.SDMMC_CmdSendCID
                0x0000000008005484       0x3c ./Drivers/STM32L4xx_HAL_Driver/Src/stm32l4xx_ll_sdmmc.o
                0x0000000008005484                SDMMC_CmdSendCID
 .text.SDMMC_CmdSendCSD
                0x00000000080054c0       0x3e ./Drivers/STM32L4xx_HAL_Driver/Src/stm32l4xx_ll_sdmmc.o
                0x00000000080054c0                SDMMC_CmdSendCSD
 .text.SDMMC_CmdSetRelAdd
                0x00000000080054fe       0x42 ./Drivers/STM32L4xx_HAL_Driver/Src/stm32l4xx_ll_sdmmc.o
                0x00000000080054fe                SDMMC_CmdSetRelAdd
 .text.SDMMC_CmdSendStatus
                0x0000000008005540       0x44 ./Drivers/STM32L4xx_HAL_Driver/Src/stm32l4xx_ll_sdmmc.o
                0x0000000008005540                SDMMC_CmdSendStatus
 .text.SDMMC_GetCmdResp1
                0x0000000008005584      0x1dc ./Drivers/STM32L4xx_HAL_Driver/Src/stm32l4xx_ll_sdmmc.o
                0x0000000008005584                SDMMC_GetCmdResp1
 .text.SDMMC_GetCmdResp2
                0x0000000008005760       0x90 ./Drivers/STM32L4xx_HAL_Driver/Src/stm32l4xx_ll_sdmmc.o
                0x0000000008005760                SDMMC_GetCmdResp2
 .text.SDMMC_GetCmdResp3
                0x00000000080057f0       0x7c ./Drivers/STM32L4xx_HAL_Driver/Src/stm32l4xx_ll_sdmmc.o
                0x00000000080057f0                SDMMC_GetCmdResp3
 .text.SDMMC_GetCmdResp6
                0x000000000800586c       0xec ./Drivers/STM32L4xx_HAL_Driver/Src/stm32l4xx_ll_sdmmc.o
                0x000000000800586c                SDMMC_GetCmdResp6
 .text.SDMMC_GetCmdResp7
                0x0000000008005958       0x9c ./Drivers/STM32L4xx_HAL_Driver/Src/stm32l4xx_ll_sdmmc.o
                0x0000000008005958                SDMMC_GetCmdResp7
 .text.SDMMC_GetCmdError
                0x00000000080059f4       0x58 ./Drivers/STM32L4xx_HAL_Driver/Src/stm32l4xx_ll_sdmmc.o
 .text.MX_FATFS_Init
                0x0000000008005a4c       0x24 ./FATFS/App/fatfs.o
                0x0000000008005a4c                MX_FATFS_Init
 .text.get_fattime
                0x0000000008005a70       0x10 ./FATFS/App/fatfs.o
                0x0000000008005a70                get_fattime
 .text.BSP_SD_Init
                0x0000000008005a80       0x4c ./FATFS/Target/bsp_driver_sd.o
                0x0000000008005a80                BSP_SD_Init
 .text.BSP_SD_ITConfig
                0x0000000008005acc       0x10 ./FATFS/Target/bsp_driver_sd.o
                0x0000000008005acc                BSP_SD_ITConfig
 .text.BSP_SD_ReadBlocks_DMA
                0x0000000008005adc       0x34 ./FATFS/Target/bsp_driver_sd.o
                0x0000000008005adc                BSP_SD_ReadBlocks_DMA
 .text.BSP_SD_WriteBlocks_DMA
                0x0000000008005b10       0x34 ./FATFS/Target/bsp_driver_sd.o
                0x0000000008005b10                BSP_SD_WriteBlocks_DMA
 .text.BSP_SD_GetCardState
                0x0000000008005b44       0x20 ./FATFS/Target/bsp_driver_sd.o
                0x0000000008005b44                BSP_SD_GetCardState
 .text.BSP_SD_GetCardInfo
                0x0000000008005b64       0x1c ./FATFS/Target/bsp_driver_sd.o
                0x0000000008005b64                BSP_SD_GetCardInfo
 .text.HAL_SD_AbortCallback
                0x0000000008005b80       0x14 ./FATFS/Target/bsp_driver_sd.o
                0x0000000008005b80                HAL_SD_AbortCallback
 .text.HAL_SD_TxCpltCallback
                0x0000000008005b94       0x14 ./FATFS/Target/bsp_driver_sd.o
                0x0000000008005b94                HAL_SD_TxCpltCallback
 .text.HAL_SD_RxCpltCallback
                0x0000000008005ba8       0x14 ./FATFS/Target/bsp_driver_sd.o
                0x0000000008005ba8                HAL_SD_RxCpltCallback
 .text.BSP_SD_AbortCallback
                0x0000000008005bbc        0xe ./FATFS/Target/bsp_driver_sd.o
                0x0000000008005bbc                BSP_SD_AbortCallback
 .text.BSP_SD_IsDetected
                0x0000000008005bca       0x24 ./FATFS/Target/bsp_driver_sd.o
                0x0000000008005bca                BSP_SD_IsDetected
 *fill*         0x0000000008005bee        0x2 
 .text.BSP_PlatformIsDetected
                0x0000000008005bf0       0x2c ./FATFS/Target/fatfs_platform.o
                0x0000000008005bf0                BSP_PlatformIsDetected
 .text.SD_CheckStatusWithTimeout
                0x0000000008005c1c       0x3a ./FATFS/Target/sd_diskio.o
 *fill*         0x0000000008005c56        0x2 
 .text.SD_CheckStatus
                0x0000000008005c58       0x3c ./FATFS/Target/sd_diskio.o
 .text.SD_initialize
                0x0000000008005c94       0x38 ./FATFS/Target/sd_diskio.o
                0x0000000008005c94                SD_initialize
 .text.SD_status
                0x0000000008005ccc       0x1c ./FATFS/Target/sd_diskio.o
                0x0000000008005ccc                SD_status
 .text.SD_read  0x0000000008005ce8       0xac ./FATFS/Target/sd_diskio.o
                0x0000000008005ce8                SD_read
 .text.SD_write
                0x0000000008005d94       0xac ./FATFS/Target/sd_diskio.o
                0x0000000008005d94                SD_write
 .text.SD_ioctl
                0x0000000008005e40       0xb0 ./FATFS/Target/sd_diskio.o
                0x0000000008005e40                SD_ioctl
 .text.BSP_SD_WriteCpltCallback
                0x0000000008005ef0       0x18 ./FATFS/Target/sd_diskio.o
                0x0000000008005ef0                BSP_SD_WriteCpltCallback
 .text.BSP_SD_ReadCpltCallback
                0x0000000008005f08       0x18 ./FATFS/Target/sd_diskio.o
                0x0000000008005f08                BSP_SD_ReadCpltCallback
 .text.disk_status
                0x0000000008005f20       0x34 ./Middlewares/Third_Party/FatFs/src/diskio.o
                0x0000000008005f20                disk_status
 .text.disk_initialize
                0x0000000008005f54       0x4c ./Middlewares/Third_Party/FatFs/src/diskio.o
                0x0000000008005f54                disk_initialize
 .text.disk_read
                0x0000000008005fa0       0x40 ./Middlewares/Third_Party/FatFs/src/diskio.o
                0x0000000008005fa0                disk_read
 .text.disk_write
                0x0000000008005fe0       0x40 ./Middlewares/Third_Party/FatFs/src/diskio.o
                0x0000000008005fe0                disk_write
 .text.disk_ioctl
                0x0000000008006020       0x3c ./Middlewares/Third_Party/FatFs/src/diskio.o
                0x0000000008006020                disk_ioctl
 .text.ld_word  0x000000000800605c       0x30 ./Middlewares/Third_Party/FatFs/src/ff.o
 .text.ld_dword
                0x000000000800608c       0x46 ./Middlewares/Third_Party/FatFs/src/ff.o
 .text.st_word  0x00000000080060d2       0x36 ./Middlewares/Third_Party/FatFs/src/ff.o
 .text.st_dword
                0x0000000008006108       0x58 ./Middlewares/Third_Party/FatFs/src/ff.o
 .text.mem_cpy  0x0000000008006160       0x42 ./Middlewares/Third_Party/FatFs/src/ff.o
 .text.mem_set  0x00000000080061a2       0x36 ./Middlewares/Third_Party/FatFs/src/ff.o
 .text.mem_cmp  0x00000000080061d8       0x4e ./Middlewares/Third_Party/FatFs/src/ff.o
 .text.chk_chr  0x0000000008006226       0x36 ./Middlewares/Third_Party/FatFs/src/ff.o
 .text.chk_lock
                0x000000000800625c       0xb8 ./Middlewares/Third_Party/FatFs/src/ff.o
 .text.enq_lock
                0x0000000008006314       0x44 ./Middlewares/Third_Party/FatFs/src/ff.o
 .text.inc_lock
                0x0000000008006358      0x11c ./Middlewares/Third_Party/FatFs/src/ff.o
 .text.dec_lock
                0x0000000008006474       0x78 ./Middlewares/Third_Party/FatFs/src/ff.o
 .text.clear_lock
                0x00000000080064ec       0x48 ./Middlewares/Third_Party/FatFs/src/ff.o
 .text.sync_window
                0x0000000008006534       0x88 ./Middlewares/Third_Party/FatFs/src/ff.o
 .text.move_window
                0x00000000080065bc       0x5a ./Middlewares/Third_Party/FatFs/src/ff.o
 *fill*         0x0000000008006616        0x2 
 .text.sync_fs  0x0000000008006618       0xdc ./Middlewares/Third_Party/FatFs/src/ff.o
 .text.clust2sect
                0x00000000080066f4       0x3e ./Middlewares/Third_Party/FatFs/src/ff.o
 .text.get_fat  0x0000000008006732      0x150 ./Middlewares/Third_Party/FatFs/src/ff.o
 .text.put_fat  0x0000000008006882      0x1d8 ./Middlewares/Third_Party/FatFs/src/ff.o
 .text.remove_chain
                0x0000000008006a5a       0xca ./Middlewares/Third_Party/FatFs/src/ff.o
 .text.create_chain
                0x0000000008006b24      0x130 ./Middlewares/Third_Party/FatFs/src/ff.o
 .text.clmt_clust
                0x0000000008006c54       0x68 ./Middlewares/Third_Party/FatFs/src/ff.o
 .text.dir_sdi  0x0000000008006cbc       0xf6 ./Middlewares/Third_Party/FatFs/src/ff.o
 .text.dir_next
                0x0000000008006db2      0x18a ./Middlewares/Third_Party/FatFs/src/ff.o
 .text.dir_alloc
                0x0000000008006f3c       0x8e ./Middlewares/Third_Party/FatFs/src/ff.o
 .text.ld_clust
                0x0000000008006fca       0x3e ./Middlewares/Third_Party/FatFs/src/ff.o
 .text.st_clust
                0x0000000008007008       0x40 ./Middlewares/Third_Party/FatFs/src/ff.o
 .text.dir_find
                0x0000000008007048       0xaa ./Middlewares/Third_Party/FatFs/src/ff.o
 .text.dir_register
                0x00000000080070f2       0x64 ./Middlewares/Third_Party/FatFs/src/ff.o
 *fill*         0x0000000008007156        0x2 
 .text.create_name
                0x0000000008007158      0x128 ./Middlewares/Third_Party/FatFs/src/ff.o
 .text.follow_path
                0x0000000008007280       0xe2 ./Middlewares/Third_Party/FatFs/src/ff.o
 .text.get_ldnumber
                0x0000000008007362       0x88 ./Middlewares/Third_Party/FatFs/src/ff.o
 *fill*         0x00000000080073ea        0x2 
 .text.check_fs
                0x00000000080073ec       0xac ./Middlewares/Third_Party/FatFs/src/ff.o
 .text.find_volume
                0x0000000008007498      0x498 ./Middlewares/Third_Party/FatFs/src/ff.o
 .text.validate
                0x0000000008007930       0x6a ./Middlewares/Third_Party/FatFs/src/ff.o
 *fill*         0x000000000800799a        0x2 
 .text.f_mount  0x000000000800799c       0x8c ./Middlewares/Third_Party/FatFs/src/ff.o
                0x000000000800799c                f_mount
 .text.f_open   0x0000000008007a28      0x37c ./Middlewares/Third_Party/FatFs/src/ff.o
                0x0000000008007a28                f_open
 .text.f_read   0x0000000008007da4      0x27e ./Middlewares/Third_Party/FatFs/src/ff.o
                0x0000000008007da4                f_read
 .text.f_write  0x0000000008008022      0x2ea ./Middlewares/Third_Party/FatFs/src/ff.o
                0x0000000008008022                f_write
 .text.f_sync   0x000000000800830c       0xfc ./Middlewares/Third_Party/FatFs/src/ff.o
                0x000000000800830c                f_sync
 .text.f_close  0x0000000008008408       0x54 ./Middlewares/Third_Party/FatFs/src/ff.o
                0x0000000008008408                f_close
 .text.f_mkfs   0x000000000800845c      0x858 ./Middlewares/Third_Party/FatFs/src/ff.o
                0x000000000800845c                f_mkfs
 .text.FATFS_LinkDriverEx
                0x0000000008008cb4       0x98 ./Middlewares/Third_Party/FatFs/src/ff_gen_drv.o
                0x0000000008008cb4                FATFS_LinkDriverEx
 .text.FATFS_LinkDriver
                0x0000000008008d4c       0x1e ./Middlewares/Third_Party/FatFs/src/ff_gen_drv.o
                0x0000000008008d4c                FATFS_LinkDriver
 *fill*         0x0000000008008d6a        0x2 
 .text.__libc_init_array
                0x0000000008008d6c       0x48 /Applications/STM32CubeIDE.app/Contents/Eclipse/plugins/com.st.stm32cube.ide.mcu.externaltools.gnu-tools-for-stm32.9-2020-q2-update.macos64_2.0.0.202105311346/tools/bin/../lib/gcc/arm-none-eabi/9.3.1/../../../../arm-none-eabi/lib/thumb/v7e-m+fp/hard/libc_nano.a(lib_a-init.o)
                0x0000000008008d6c                __libc_init_array
 .text.memcpy   0x0000000008008db4       0x1c /Applications/STM32CubeIDE.app/Contents/Eclipse/plugins/com.st.stm32cube.ide.mcu.externaltools.gnu-tools-for-stm32.9-2020-q2-update.macos64_2.0.0.202105311346/tools/bin/../lib/gcc/arm-none-eabi/9.3.1/../../../../arm-none-eabi/lib/thumb/v7e-m+fp/hard/libc_nano.a(lib_a-memcpy-stub.o)
                0x0000000008008db4                memcpy
 .text.memset   0x0000000008008dd0       0x10 /Applications/STM32CubeIDE.app/Contents/Eclipse/plugins/com.st.stm32cube.ide.mcu.externaltools.gnu-tools-for-stm32.9-2020-q2-update.macos64_2.0.0.202105311346/tools/bin/../lib/gcc/arm-none-eabi/9.3.1/../../../../arm-none-eabi/lib/thumb/v7e-m+fp/hard/libc_nano.a(lib_a-memset.o)
                0x0000000008008dd0                memset
 *(.glue_7)
 .glue_7        0x0000000008008de0        0x0 linker stubs
 *(.glue_7t)
 .glue_7t       0x0000000008008de0        0x0 linker stubs
 *(.eh_frame)
 .eh_frame      0x0000000008008de0        0x0 /Applications/STM32CubeIDE.app/Contents/Eclipse/plugins/com.st.stm32cube.ide.mcu.externaltools.gnu-tools-for-stm32.9-2020-q2-update.macos64_2.0.0.202105311346/tools/bin/../lib/gcc/arm-none-eabi/9.3.1/thumb/v7e-m+fp/hard/crtbegin.o
 *(.init)
 .init          0x0000000008008de0        0x4 /Applications/STM32CubeIDE.app/Contents/Eclipse/plugins/com.st.stm32cube.ide.mcu.externaltools.gnu-tools-for-stm32.9-2020-q2-update.macos64_2.0.0.202105311346/tools/bin/../lib/gcc/arm-none-eabi/9.3.1/thumb/v7e-m+fp/hard/crti.o
                0x0000000008008de0                _init
 .init          0x0000000008008de4        0x8 /Applications/STM32CubeIDE.app/Contents/Eclipse/plugins/com.st.stm32cube.ide.mcu.externaltools.gnu-tools-for-stm32.9-2020-q2-update.macos64_2.0.0.202105311346/tools/bin/../lib/gcc/arm-none-eabi/9.3.1/thumb/v7e-m+fp/hard/crtn.o
 *(.fini)
 .fini          0x0000000008008dec        0x4 /Applications/STM32CubeIDE.app/Contents/Eclipse/plugins/com.st.stm32cube.ide.mcu.externaltools.gnu-tools-for-stm32.9-2020-q2-update.macos64_2.0.0.202105311346/tools/bin/../lib/gcc/arm-none-eabi/9.3.1/thumb/v7e-m+fp/hard/crti.o
                0x0000000008008dec                _fini
 .fini          0x0000000008008df0        0x8 /Applications/STM32CubeIDE.app/Contents/Eclipse/plugins/com.st.stm32cube.ide.mcu.externaltools.gnu-tools-for-stm32.9-2020-q2-update.macos64_2.0.0.202105311346/tools/bin/../lib/gcc/arm-none-eabi/9.3.1/thumb/v7e-m+fp/hard/crtn.o
                0x0000000008008df8                . = ALIGN (0x4)
                0x0000000008008df8                _etext = .

.vfp11_veneer   0x0000000008008df8        0x0
 .vfp11_veneer  0x0000000008008df8        0x0 linker stubs

.v4_bx          0x0000000008008df8        0x0
 .v4_bx         0x0000000008008df8        0x0 linker stubs

.iplt           0x0000000008008df8        0x0
 .iplt          0x0000000008008df8        0x0 /Applications/STM32CubeIDE.app/Contents/Eclipse/plugins/com.st.stm32cube.ide.mcu.externaltools.gnu-tools-for-stm32.9-2020-q2-update.macos64_2.0.0.202105311346/tools/bin/../lib/gcc/arm-none-eabi/9.3.1/thumb/v7e-m+fp/hard/crtbegin.o

.rodata         0x0000000008008df8      0x19c
                0x0000000008008df8                . = ALIGN (0x4)
 *(.rodata)
 .rodata        0x0000000008008df8       0x5a ./Core/Src/main.o
 *fill*         0x0000000008008e52        0x2 
 .rodata        0x0000000008008e54       0x44 ./Middlewares/Third_Party/FatFs/src/ff.o
 *(.rodata*)
 .rodata.AHBPrescTable
                0x0000000008008e98       0x10 ./Core/Src/system_stm32l4xx.o
                0x0000000008008e98                AHBPrescTable
 .rodata.APBPrescTable
                0x0000000008008ea8        0x8 ./Core/Src/system_stm32l4xx.o
                0x0000000008008ea8                APBPrescTable
 .rodata.MSIRangeTable
                0x0000000008008eb0       0x30 ./Core/Src/system_stm32l4xx.o
                0x0000000008008eb0                MSIRangeTable
 .rodata.SD_Driver
                0x0000000008008ee0       0x14 ./FATFS/Target/sd_diskio.o
                0x0000000008008ee0                SD_Driver
 .rodata.ExCvt  0x0000000008008ef4       0x80 ./Middlewares/Third_Party/FatFs/src/ff.o
 .rodata.cst32.9953
                0x0000000008008f74        0xe ./Middlewares/Third_Party/FatFs/src/ff.o
 *fill*         0x0000000008008f82        0x2 
 .rodata.cst.9952
                0x0000000008008f84        0xe ./Middlewares/Third_Party/FatFs/src/ff.o
                0x0000000008008f94                . = ALIGN (0x4)
 *fill*         0x0000000008008f92        0x2 

.rel.dyn        0x0000000008008f94        0x0
 .rel.iplt      0x0000000008008f94        0x0 /Applications/STM32CubeIDE.app/Contents/Eclipse/plugins/com.st.stm32cube.ide.mcu.externaltools.gnu-tools-for-stm32.9-2020-q2-update.macos64_2.0.0.202105311346/tools/bin/../lib/gcc/arm-none-eabi/9.3.1/thumb/v7e-m+fp/hard/crtbegin.o

.ARM.extab      0x0000000008008f94        0x0
                0x0000000008008f94                . = ALIGN (0x4)
 *(.ARM.extab* .gnu.linkonce.armextab.*)
                0x0000000008008f94                . = ALIGN (0x4)

.ARM            0x0000000008008f94        0x0
                0x0000000008008f94                . = ALIGN (0x4)
                0x0000000008008f94                __exidx_start = .
 *(.ARM.exidx*)
                0x0000000008008f94                __exidx_end = .
                0x0000000008008f94                . = ALIGN (0x4)

.preinit_array  0x0000000008008f94        0x0
                0x0000000008008f94                . = ALIGN (0x4)
                0x0000000008008f94                PROVIDE (__preinit_array_start = .)
 *(.preinit_array*)
                0x0000000008008f94                PROVIDE (__preinit_array_end = .)
                0x0000000008008f94                . = ALIGN (0x4)

.init_array     0x0000000008008f94        0x4
                0x0000000008008f94                . = ALIGN (0x4)
                0x0000000008008f94                PROVIDE (__init_array_start = .)
 *(SORT_BY_NAME(.init_array.*))
 *(.init_array*)
 .init_array    0x0000000008008f94        0x4 /Applications/STM32CubeIDE.app/Contents/Eclipse/plugins/com.st.stm32cube.ide.mcu.externaltools.gnu-tools-for-stm32.9-2020-q2-update.macos64_2.0.0.202105311346/tools/bin/../lib/gcc/arm-none-eabi/9.3.1/thumb/v7e-m+fp/hard/crtbegin.o
                0x0000000008008f98                PROVIDE (__init_array_end = .)
                0x0000000008008f98                . = ALIGN (0x4)

.fini_array     0x0000000008008f98        0x4
                0x0000000008008f98                . = ALIGN (0x4)
                [!provide]                        PROVIDE (__fini_array_start = .)
 *(SORT_BY_NAME(.fini_array.*))
 *(.fini_array*)
 .fini_array    0x0000000008008f98        0x4 /Applications/STM32CubeIDE.app/Contents/Eclipse/plugins/com.st.stm32cube.ide.mcu.externaltools.gnu-tools-for-stm32.9-2020-q2-update.macos64_2.0.0.202105311346/tools/bin/../lib/gcc/arm-none-eabi/9.3.1/thumb/v7e-m+fp/hard/crtbegin.o
                [!provide]                        PROVIDE (__fini_array_end = .)
                0x0000000008008f9c                . = ALIGN (0x4)
                0x0000000008008f9c                _sidata = LOADADDR (.data)

.data           0x0000000020000000        0xc load address 0x0000000008008f9c
                0x0000000020000000                . = ALIGN (0x4)
                0x0000000020000000                _sdata = .
 *(.data)
 *(.data*)
 .data.SystemCoreClock
                0x0000000020000000        0x4 ./Core/Src/system_stm32l4xx.o
                0x0000000020000000                SystemCoreClock
 .data.uwTickPrio
                0x0000000020000004        0x4 ./Drivers/STM32L4xx_HAL_Driver/Src/stm32l4xx_hal.o
                0x0000000020000004                uwTickPrio
 .data.uwTickFreq
                0x0000000020000008        0x1 ./Drivers/STM32L4xx_HAL_Driver/Src/stm32l4xx_hal.o
                0x0000000020000008                uwTickFreq
 .data.Stat     0x0000000020000009        0x1 ./FATFS/Target/sd_diskio.o
 *(.RamFunc)
 *(.RamFunc*)
                0x000000002000000c                . = ALIGN (0x4)
 *fill*         0x000000002000000a        0x2 
                0x000000002000000c                _edata = .

.igot.plt       0x000000002000000c        0x0 load address 0x0000000008008fa8
 .igot.plt      0x000000002000000c        0x0 /Applications/STM32CubeIDE.app/Contents/Eclipse/plugins/com.st.stm32cube.ide.mcu.externaltools.gnu-tools-for-stm32.9-2020-q2-update.macos64_2.0.0.202105311346/tools/bin/../lib/gcc/arm-none-eabi/9.3.1/thumb/v7e-m+fp/hard/crtbegin.o
                0x000000002000000c                . = ALIGN (0x4)

.bss            0x000000002000000c      0xc3c load address 0x0000000008008fa8
                0x000000002000000c                _sbss = .
                0x000000002000000c                __bss_start__ = _sbss
 *(.bss)
 .bss           0x000000002000000c       0x1c /Applications/STM32CubeIDE.app/Contents/Eclipse/plugins/com.st.stm32cube.ide.mcu.externaltools.gnu-tools-for-stm32.9-2020-q2-update.macos64_2.0.0.202105311346/tools/bin/../lib/gcc/arm-none-eabi/9.3.1/thumb/v7e-m+fp/hard/crtbegin.o
 *(.bss*)
 .bss.Appli_state
                0x0000000020000028        0x1 ./Core/Src/main.o
                0x0000000020000028                Appli_state
 .bss.isInitialized
                0x0000000020000029        0x1 ./Core/Src/main.o
 .bss.isCreated
                0x000000002000002a        0x1 ./Core/Src/main.o
 *fill*         0x000000002000002b        0x1 
 .bss.WriteStatus
                0x000000002000002c        0x4 ./FATFS/Target/sd_diskio.o
 .bss.ReadStatus
                0x0000000020000030        0x4 ./FATFS/Target/sd_diskio.o
 .bss.FatFs     0x0000000020000034        0x4 ./Middlewares/Third_Party/FatFs/src/ff.o
 .bss.Fsid      0x0000000020000038        0x2 ./Middlewares/Third_Party/FatFs/src/ff.o
 *fill*         0x000000002000003a        0x2 
 .bss.Files     0x000000002000003c       0x20 ./Middlewares/Third_Party/FatFs/src/ff.o
 .bss.disk      0x000000002000005c        0xc ./Middlewares/Third_Party/FatFs/src/ff_gen_drv.o
                0x000000002000005c                disk
 *(COMMON)
 COMMON         0x0000000020000068      0x778 ./Core/Src/main.o
                0x0000000020000068                hsd1
                0x00000000200000ec                workBuffer
                0x00000000200002ec                SDPath
                0x00000000200002f0                SDFatFs
                0x0000000020000520                MyFile
                0x0000000020000750                hdma_sdmmc1_rx
                0x0000000020000798                hdma_sdmmc1_tx
 COMMON         0x00000000200007e0        0x4 ./Drivers/STM32L4xx_HAL_Driver/Src/stm32l4xx_hal.o
                0x00000000200007e0                uwTick
 COMMON         0x00000000200007e4      0x464 ./FATFS/App/fatfs.o
                0x00000000200007e4                retSD
                0x00000000200007e8                SDFile
                0x0000000020000a18                SDFatFS
                0x0000000020000c48                . = ALIGN (0x4)
                0x0000000020000c48                _ebss = .
                0x0000000020000c48                __bss_end__ = _ebss

._user_heap_stack
                0x0000000020000c48     0x2000 load address 0x0000000008008fa8
                0x0000000020000c48                . = ALIGN (0x8)
                [!provide]                        PROVIDE (end = .)
                0x0000000020000c48                PROVIDE (_end = .)
                0x0000000020001c48                . = (. + _Min_Heap_Size)
 *fill*         0x0000000020000c48     0x1000 
                0x0000000020002c48                . = (. + _Min_Stack_Size)
 *fill*         0x0000000020001c48     0x1000 
                0x0000000020002c48                . = ALIGN (0x8)

/DISCARD/
 libc.a(*)
 libm.a(*)
 libgcc.a(*)

.ARM.attributes
                0x0000000000000000       0x30
 *(.ARM.attributes)
 .ARM.attributes
                0x0000000000000000       0x1e /Applications/STM32CubeIDE.app/Contents/Eclipse/plugins/com.st.stm32cube.ide.mcu.externaltools.gnu-tools-for-stm32.9-2020-q2-update.macos64_2.0.0.202105311346/tools/bin/../lib/gcc/arm-none-eabi/9.3.1/thumb/v7e-m+fp/hard/crti.o
 .ARM.attributes
                0x000000000000001e       0x34 /Applications/STM32CubeIDE.app/Contents/Eclipse/plugins/com.st.stm32cube.ide.mcu.externaltools.gnu-tools-for-stm32.9-2020-q2-update.macos64_2.0.0.202105311346/tools/bin/../lib/gcc/arm-none-eabi/9.3.1/thumb/v7e-m+fp/hard/crtbegin.o
 .ARM.attributes
                0x0000000000000052       0x34 ./Core/Src/main.o
 .ARM.attributes
                0x0000000000000086       0x34 ./Core/Src/stm32l4xx_hal_msp.o
 .ARM.attributes
                0x00000000000000ba       0x34 ./Core/Src/stm32l4xx_it.o
 .ARM.attributes
                0x00000000000000ee       0x34 ./Core/Src/system_stm32l4xx.o
 .ARM.attributes
                0x0000000000000122       0x21 ./Core/Startup/startup_stm32l496agix.o
 .ARM.attributes
                0x0000000000000143       0x34 ./Drivers/STM32L4xx_HAL_Driver/Src/stm32l4xx_hal.o
 .ARM.attributes
                0x0000000000000177       0x34 ./Drivers/STM32L4xx_HAL_Driver/Src/stm32l4xx_hal_cortex.o
 .ARM.attributes
                0x00000000000001ab       0x34 ./Drivers/STM32L4xx_HAL_Driver/Src/stm32l4xx_hal_dma.o
 .ARM.attributes
                0x00000000000001df       0x34 ./Drivers/STM32L4xx_HAL_Driver/Src/stm32l4xx_hal_gpio.o
 .ARM.attributes
                0x0000000000000213       0x34 ./Drivers/STM32L4xx_HAL_Driver/Src/stm32l4xx_hal_pwr_ex.o
 .ARM.attributes
                0x0000000000000247       0x34 ./Drivers/STM32L4xx_HAL_Driver/Src/stm32l4xx_hal_rcc.o
 .ARM.attributes
                0x000000000000027b       0x34 ./Drivers/STM32L4xx_HAL_Driver/Src/stm32l4xx_hal_rcc_ex.o
 .ARM.attributes
                0x00000000000002af       0x34 ./Drivers/STM32L4xx_HAL_Driver/Src/stm32l4xx_hal_sd.o
 .ARM.attributes
                0x00000000000002e3       0x34 ./Drivers/STM32L4xx_HAL_Driver/Src/stm32l4xx_ll_sdmmc.o
 .ARM.attributes
                0x0000000000000317       0x34 ./FATFS/App/fatfs.o
 .ARM.attributes
                0x000000000000034b       0x34 ./FATFS/Target/bsp_driver_sd.o
 .ARM.attributes
                0x000000000000037f       0x34 ./FATFS/Target/fatfs_platform.o
 .ARM.attributes
                0x00000000000003b3       0x34 ./FATFS/Target/sd_diskio.o
 .ARM.attributes
                0x00000000000003e7       0x34 ./Middlewares/Third_Party/FatFs/src/diskio.o
 .ARM.attributes
                0x000000000000041b       0x34 ./Middlewares/Third_Party/FatFs/src/ff.o
 .ARM.attributes
                0x000000000000044f       0x34 ./Middlewares/Third_Party/FatFs/src/ff_gen_drv.o
 .ARM.attributes
                0x0000000000000483       0x34 /Applications/STM32CubeIDE.app/Contents/Eclipse/plugins/com.st.stm32cube.ide.mcu.externaltools.gnu-tools-for-stm32.9-2020-q2-update.macos64_2.0.0.202105311346/tools/bin/../lib/gcc/arm-none-eabi/9.3.1/../../../../arm-none-eabi/lib/thumb/v7e-m+fp/hard/libc_nano.a(lib_a-init.o)
 .ARM.attributes
                0x00000000000004b7       0x34 /Applications/STM32CubeIDE.app/Contents/Eclipse/plugins/com.st.stm32cube.ide.mcu.externaltools.gnu-tools-for-stm32.9-2020-q2-update.macos64_2.0.0.202105311346/tools/bin/../lib/gcc/arm-none-eabi/9.3.1/../../../../arm-none-eabi/lib/thumb/v7e-m+fp/hard/libc_nano.a(lib_a-memcpy-stub.o)
 .ARM.attributes
                0x00000000000004eb       0x34 /Applications/STM32CubeIDE.app/Contents/Eclipse/plugins/com.st.stm32cube.ide.mcu.externaltools.gnu-tools-for-stm32.9-2020-q2-update.macos64_2.0.0.202105311346/tools/bin/../lib/gcc/arm-none-eabi/9.3.1/../../../../arm-none-eabi/lib/thumb/v7e-m+fp/hard/libc_nano.a(lib_a-memset.o)
 .ARM.attributes
                0x000000000000051f       0x1e /Applications/STM32CubeIDE.app/Contents/Eclipse/plugins/com.st.stm32cube.ide.mcu.externaltools.gnu-tools-for-stm32.9-2020-q2-update.macos64_2.0.0.202105311346/tools/bin/../lib/gcc/arm-none-eabi/9.3.1/thumb/v7e-m+fp/hard/crtn.o
OUTPUT(sd-card-example.elf elf32-littlearm)
LOAD linker stubs
LOAD /Applications/STM32CubeIDE.app/Contents/Eclipse/plugins/com.st.stm32cube.ide.mcu.externaltools.gnu-tools-for-stm32.9-2020-q2-update.macos64_2.0.0.202105311346/tools/bin/../lib/gcc/arm-none-eabi/9.3.1/../../../../arm-none-eabi/lib/thumb/v7e-m+fp/hard/libc.a
LOAD /Applications/STM32CubeIDE.app/Contents/Eclipse/plugins/com.st.stm32cube.ide.mcu.externaltools.gnu-tools-for-stm32.9-2020-q2-update.macos64_2.0.0.202105311346/tools/bin/../lib/gcc/arm-none-eabi/9.3.1/../../../../arm-none-eabi/lib/thumb/v7e-m+fp/hard/libm.a
LOAD /Applications/STM32CubeIDE.app/Contents/Eclipse/plugins/com.st.stm32cube.ide.mcu.externaltools.gnu-tools-for-stm32.9-2020-q2-update.macos64_2.0.0.202105311346/tools/bin/../lib/gcc/arm-none-eabi/9.3.1/thumb/v7e-m+fp/hard/libgcc.a

.debug_info     0x0000000000000000    0x14cb8
 .debug_info    0x0000000000000000     0x2078 ./Core/Src/main.o
 .debug_info    0x0000000000002078     0x11ad ./Core/Src/stm32l4xx_hal_msp.o
 .debug_info    0x0000000000003225      0x964 ./Core/Src/stm32l4xx_it.o
 .debug_info    0x0000000000003b89      0x78e ./Core/Src/system_stm32l4xx.o
 .debug_info    0x0000000000004317       0x22 ./Core/Startup/startup_stm32l496agix.o
 .debug_info    0x0000000000004339      0xd19 ./Drivers/STM32L4xx_HAL_Driver/Src/stm32l4xx_hal.o
 .debug_info    0x0000000000005052     0x1064 ./Drivers/STM32L4xx_HAL_Driver/Src/stm32l4xx_hal_cortex.o
 .debug_info    0x00000000000060b6      0x973 ./Drivers/STM32L4xx_HAL_Driver/Src/stm32l4xx_hal_dma.o
 .debug_info    0x0000000000006a29      0xa7a ./Drivers/STM32L4xx_HAL_Driver/Src/stm32l4xx_hal_gpio.o
 .debug_info    0x00000000000074a3      0xbf6 ./Drivers/STM32L4xx_HAL_Driver/Src/stm32l4xx_hal_pwr_ex.o
 .debug_info    0x0000000000008099      0xe61 ./Drivers/STM32L4xx_HAL_Driver/Src/stm32l4xx_hal_rcc.o
 .debug_info    0x0000000000008efa     0x12f5 ./Drivers/STM32L4xx_HAL_Driver/Src/stm32l4xx_hal_rcc_ex.o
 .debug_info    0x000000000000a1ef     0x1b54 ./Drivers/STM32L4xx_HAL_Driver/Src/stm32l4xx_hal_sd.o
 .debug_info    0x000000000000bd43     0x1462 ./Drivers/STM32L4xx_HAL_Driver/Src/stm32l4xx_ll_sdmmc.o
 .debug_info    0x000000000000d1a5      0xfba ./FATFS/App/fatfs.o
 .debug_info    0x000000000000e15f      0xbc5 ./FATFS/Target/bsp_driver_sd.o
 .debug_info    0x000000000000ed24      0x3e3 ./FATFS/Target/fatfs_platform.o
 .debug_info    0x000000000000f107      0xfeb ./FATFS/Target/sd_diskio.o
 .debug_info    0x00000000000100f2      0xef9 ./Middlewares/Third_Party/FatFs/src/diskio.o
 .debug_info    0x0000000000010feb     0x2e43 ./Middlewares/Third_Party/FatFs/src/ff.o
 .debug_info    0x0000000000013e2e      0xe8a ./Middlewares/Third_Party/FatFs/src/ff_gen_drv.o

.debug_abbrev   0x0000000000000000     0x2c50
 .debug_abbrev  0x0000000000000000      0x34c ./Core/Src/main.o
 .debug_abbrev  0x000000000000034c      0x1b5 ./Core/Src/stm32l4xx_hal_msp.o
 .debug_abbrev  0x0000000000000501      0x174 ./Core/Src/stm32l4xx_it.o
 .debug_abbrev  0x0000000000000675      0x165 ./Core/Src/system_stm32l4xx.o
 .debug_abbrev  0x00000000000007da       0x12 ./Core/Startup/startup_stm32l496agix.o
 .debug_abbrev  0x00000000000007ec      0x227 ./Drivers/STM32L4xx_HAL_Driver/Src/stm32l4xx_hal.o
 .debug_abbrev  0x0000000000000a13      0x33c ./Drivers/STM32L4xx_HAL_Driver/Src/stm32l4xx_hal_cortex.o
 .debug_abbrev  0x0000000000000d4f      0x201 ./Drivers/STM32L4xx_HAL_Driver/Src/stm32l4xx_hal_dma.o
 .debug_abbrev  0x0000000000000f50      0x1e8 ./Drivers/STM32L4xx_HAL_Driver/Src/stm32l4xx_hal_gpio.o
 .debug_abbrev  0x0000000000001138      0x1f3 ./Drivers/STM32L4xx_HAL_Driver/Src/stm32l4xx_hal_pwr_ex.o
 .debug_abbrev  0x000000000000132b      0x275 ./Drivers/STM32L4xx_HAL_Driver/Src/stm32l4xx_hal_rcc.o
 .debug_abbrev  0x00000000000015a0      0x268 ./Drivers/STM32L4xx_HAL_Driver/Src/stm32l4xx_hal_rcc_ex.o
 .debug_abbrev  0x0000000000001808      0x26d ./Drivers/STM32L4xx_HAL_Driver/Src/stm32l4xx_hal_sd.o
 .debug_abbrev  0x0000000000001a75      0x1e1 ./Drivers/STM32L4xx_HAL_Driver/Src/stm32l4xx_ll_sdmmc.o
 .debug_abbrev  0x0000000000001c56      0x209 ./FATFS/App/fatfs.o
 .debug_abbrev  0x0000000000001e5f      0x277 ./FATFS/Target/bsp_driver_sd.o
 .debug_abbrev  0x00000000000020d6      0x12b ./FATFS/Target/fatfs_platform.o
 .debug_abbrev  0x0000000000002201      0x2c0 ./FATFS/Target/sd_diskio.o
 .debug_abbrev  0x00000000000024c1      0x237 ./Middlewares/Third_Party/FatFs/src/diskio.o
 .debug_abbrev  0x00000000000026f8      0x2f0 ./Middlewares/Third_Party/FatFs/src/ff.o
 .debug_abbrev  0x00000000000029e8      0x268 ./Middlewares/Third_Party/FatFs/src/ff_gen_drv.o

.debug_aranges  0x0000000000000000      0xe30
 .debug_aranges
                0x0000000000000000       0x68 ./Core/Src/main.o
 .debug_aranges
                0x0000000000000068       0x30 ./Core/Src/stm32l4xx_hal_msp.o
 .debug_aranges
                0x0000000000000098       0x78 ./Core/Src/stm32l4xx_it.o
 .debug_aranges
                0x0000000000000110       0x28 ./Core/Src/system_stm32l4xx.o
 .debug_aranges
                0x0000000000000138       0x28 ./Core/Startup/startup_stm32l496agix.o
 .debug_aranges
                0x0000000000000160      0x130 ./Drivers/STM32L4xx_HAL_Driver/Src/stm32l4xx_hal.o
 .debug_aranges
                0x0000000000000290      0x118 ./Drivers/STM32L4xx_HAL_Driver/Src/stm32l4xx_hal_cortex.o
 .debug_aranges
                0x00000000000003a8       0x80 ./Drivers/STM32L4xx_HAL_Driver/Src/stm32l4xx_hal_dma.o
 .debug_aranges
                0x0000000000000428       0x58 ./Drivers/STM32L4xx_HAL_Driver/Src/stm32l4xx_hal_gpio.o
 .debug_aranges
                0x0000000000000480      0x150 ./Drivers/STM32L4xx_HAL_Driver/Src/stm32l4xx_hal_pwr_ex.o
 .debug_aranges
                0x00000000000005d0       0x90 ./Drivers/STM32L4xx_HAL_Driver/Src/stm32l4xx_hal_rcc.o
 .debug_aranges
                0x0000000000000660      0x108 ./Drivers/STM32L4xx_HAL_Driver/Src/stm32l4xx_hal_rcc_ex.o
 .debug_aranges
                0x0000000000000768      0x168 ./Drivers/STM32L4xx_HAL_Driver/Src/stm32l4xx_hal_sd.o
 .debug_aranges
                0x00000000000008d0      0x190 ./Drivers/STM32L4xx_HAL_Driver/Src/stm32l4xx_ll_sdmmc.o
 .debug_aranges
                0x0000000000000a60       0x28 ./FATFS/App/fatfs.o
 .debug_aranges
                0x0000000000000a88       0x98 ./FATFS/Target/bsp_driver_sd.o
 .debug_aranges
                0x0000000000000b20       0x20 ./FATFS/Target/fatfs_platform.o
 .debug_aranges
                0x0000000000000b40       0x60 ./FATFS/Target/sd_diskio.o
 .debug_aranges
                0x0000000000000ba0       0x48 ./Middlewares/Third_Party/FatFs/src/diskio.o
 .debug_aranges
                0x0000000000000be8      0x208 ./Middlewares/Third_Party/FatFs/src/ff.o
 .debug_aranges
                0x0000000000000df0       0x40 ./Middlewares/Third_Party/FatFs/src/ff_gen_drv.o

.debug_ranges   0x0000000000000000      0xce8
 .debug_ranges  0x0000000000000000       0x58 ./Core/Src/main.o
 .debug_ranges  0x0000000000000058       0x20 ./Core/Src/stm32l4xx_hal_msp.o
 .debug_ranges  0x0000000000000078       0x68 ./Core/Src/stm32l4xx_it.o
 .debug_ranges  0x00000000000000e0       0x18 ./Core/Src/system_stm32l4xx.o
 .debug_ranges  0x00000000000000f8       0x20 ./Core/Startup/startup_stm32l496agix.o
 .debug_ranges  0x0000000000000118      0x120 ./Drivers/STM32L4xx_HAL_Driver/Src/stm32l4xx_hal.o
 .debug_ranges  0x0000000000000238      0x108 ./Drivers/STM32L4xx_HAL_Driver/Src/stm32l4xx_hal_cortex.o
 .debug_ranges  0x0000000000000340       0x70 ./Drivers/STM32L4xx_HAL_Driver/Src/stm32l4xx_hal_dma.o
 .debug_ranges  0x00000000000003b0       0x48 ./Drivers/STM32L4xx_HAL_Driver/Src/stm32l4xx_hal_gpio.o
 .debug_ranges  0x00000000000003f8      0x140 ./Drivers/STM32L4xx_HAL_Driver/Src/stm32l4xx_hal_pwr_ex.o
 .debug_ranges  0x0000000000000538       0x80 ./Drivers/STM32L4xx_HAL_Driver/Src/stm32l4xx_hal_rcc.o
 .debug_ranges  0x00000000000005b8       0xf8 ./Drivers/STM32L4xx_HAL_Driver/Src/stm32l4xx_hal_rcc_ex.o
 .debug_ranges  0x00000000000006b0      0x158 ./Drivers/STM32L4xx_HAL_Driver/Src/stm32l4xx_hal_sd.o
 .debug_ranges  0x0000000000000808      0x180 ./Drivers/STM32L4xx_HAL_Driver/Src/stm32l4xx_ll_sdmmc.o
 .debug_ranges  0x0000000000000988       0x18 ./FATFS/App/fatfs.o
 .debug_ranges  0x00000000000009a0       0x88 ./FATFS/Target/bsp_driver_sd.o
 .debug_ranges  0x0000000000000a28       0x10 ./FATFS/Target/fatfs_platform.o
 .debug_ranges  0x0000000000000a38       0x50 ./FATFS/Target/sd_diskio.o
 .debug_ranges  0x0000000000000a88       0x38 ./Middlewares/Third_Party/FatFs/src/diskio.o
 .debug_ranges  0x0000000000000ac0      0x1f8 ./Middlewares/Third_Party/FatFs/src/ff.o
 .debug_ranges  0x0000000000000cb8       0x30 ./Middlewares/Third_Party/FatFs/src/ff_gen_drv.o

.debug_macro    0x0000000000000000    0x2a17a
 .debug_macro   0x0000000000000000      0x31c ./Core/Src/main.o
 .debug_macro   0x000000000000031c      0xaa8 ./Core/Src/main.o
 .debug_macro   0x0000000000000dc4      0x1a7 ./Core/Src/main.o
 .debug_macro   0x0000000000000f6b       0x2e ./Core/Src/main.o
 .debug_macro   0x0000000000000f99       0x28 ./Core/Src/main.o
 .debug_macro   0x0000000000000fc1       0x22 ./Core/Src/main.o
 .debug_macro   0x0000000000000fe3       0x8e ./Core/Src/main.o
 .debug_macro   0x0000000000001071       0x51 ./Core/Src/main.o
 .debug_macro   0x00000000000010c2      0x103 ./Core/Src/main.o
 .debug_macro   0x00000000000011c5       0x6a ./Core/Src/main.o
 .debug_macro   0x000000000000122f      0x1df ./Core/Src/main.o
 .debug_macro   0x000000000000140e       0x1c ./Core/Src/main.o
 .debug_macro   0x000000000000142a       0x22 ./Core/Src/main.o
 .debug_macro   0x000000000000144c      0x101 ./Core/Src/main.o
 .debug_macro   0x000000000000154d     0x1011 ./Core/Src/main.o
 .debug_macro   0x000000000000255e      0x11f ./Core/Src/main.o
 .debug_macro   0x000000000000267d    0x1c1e0 ./Core/Src/main.o
 .debug_macro   0x000000000001e85d       0x6d ./Core/Src/main.o
 .debug_macro   0x000000000001e8ca     0x38e2 ./Core/Src/main.o
 .debug_macro   0x00000000000221ac      0x174 ./Core/Src/main.o
 .debug_macro   0x0000000000022320       0x5c ./Core/Src/main.o
 .debug_macro   0x000000000002237c     0x187d ./Core/Src/main.o
 .debug_macro   0x0000000000023bf9      0x773 ./Core/Src/main.o
 .debug_macro   0x000000000002436c      0x1b9 ./Core/Src/main.o
 .debug_macro   0x0000000000024525      0x202 ./Core/Src/main.o
 .debug_macro   0x0000000000024727      0x26b ./Core/Src/main.o
 .debug_macro   0x0000000000024992      0x23d ./Core/Src/main.o
 .debug_macro   0x0000000000024bcf      0x241 ./Core/Src/main.o
 .debug_macro   0x0000000000024e10      0x3ad ./Core/Src/main.o
 .debug_macro   0x00000000000251bd       0xe4 ./Core/Src/main.o
 .debug_macro   0x00000000000252a1      0x22c ./Core/Src/main.o
 .debug_macro   0x00000000000254cd       0x61 ./Core/Src/main.o
 .debug_macro   0x000000000002552e       0xa5 ./Core/Src/main.o
 .debug_macro   0x00000000000255d3      0x122 ./Core/Src/main.o
 .debug_macro   0x00000000000256f5      0x3ef ./Core/Src/main.o
 .debug_macro   0x0000000000025ae4      0x77a ./Core/Src/main.o
 .debug_macro   0x000000000002625e      0x1d5 ./Core/Src/main.o
 .debug_macro   0x0000000000026433      0x433 ./Core/Src/main.o
 .debug_macro   0x0000000000026866       0x1c ./Core/Src/main.o
 .debug_macro   0x0000000000026882       0x1c ./Core/Src/main.o
 .debug_macro   0x000000000002689e       0x40 ./Core/Src/main.o
 .debug_macro   0x00000000000268de       0xe5 ./Core/Src/main.o
 .debug_macro   0x00000000000269c3       0x18 ./Core/Src/main.o
 .debug_macro   0x00000000000269db       0x52 ./Core/Src/main.o
 .debug_macro   0x0000000000026a2d       0x3c ./Core/Src/main.o
 .debug_macro   0x0000000000026a69       0x34 ./Core/Src/main.o
 .debug_macro   0x0000000000026a9d       0x16 ./Core/Src/main.o
 .debug_macro   0x0000000000026ab3       0x35 ./Core/Src/main.o
 .debug_macro   0x0000000000026ae8       0x16 ./Core/Src/main.o
 .debug_macro   0x0000000000026afe       0x43 ./Core/Src/main.o
 .debug_macro   0x0000000000026b41       0x34 ./Core/Src/main.o
 .debug_macro   0x0000000000026b75       0x10 ./Core/Src/main.o
 .debug_macro   0x0000000000026b85       0x58 ./Core/Src/main.o
 .debug_macro   0x0000000000026bdd       0x71 ./Core/Src/main.o
 .debug_macro   0x0000000000026c4e       0x1c ./Core/Src/main.o
 .debug_macro   0x0000000000026c6a      0x12a ./Core/Src/main.o
 .debug_macro   0x0000000000026d94      0x333 ./Core/Src/main.o
 .debug_macro   0x00000000000270c7       0x16 ./Core/Src/main.o
 .debug_macro   0x00000000000270dd       0x29 ./Core/Src/main.o
 .debug_macro   0x0000000000027106       0x12 ./Core/Src/main.o
 .debug_macro   0x0000000000027118       0xe2 ./Core/Src/main.o
 .debug_macro   0x00000000000271fa       0x8e ./Core/Src/main.o
 .debug_macro   0x0000000000027288      0x1d9 ./Core/Src/stm32l4xx_hal_msp.o
 .debug_macro   0x0000000000027461      0x1e3 ./Core/Src/stm32l4xx_it.o
 .debug_macro   0x0000000000027644      0x1ca ./Core/Src/system_stm32l4xx.o
 .debug_macro   0x000000000002780e      0x218 ./Drivers/STM32L4xx_HAL_Driver/Src/stm32l4xx_hal.o
 .debug_macro   0x0000000000027a26      0x1ca ./Drivers/STM32L4xx_HAL_Driver/Src/stm32l4xx_hal_cortex.o
 .debug_macro   0x0000000000027bf0      0x1ca ./Drivers/STM32L4xx_HAL_Driver/Src/stm32l4xx_hal_dma.o
 .debug_macro   0x0000000000027dba      0x1d1 ./Drivers/STM32L4xx_HAL_Driver/Src/stm32l4xx_hal_gpio.o
 .debug_macro   0x0000000000027f8b      0x1f4 ./Drivers/STM32L4xx_HAL_Driver/Src/stm32l4xx_hal_pwr_ex.o
 .debug_macro   0x000000000002817f      0x20c ./Drivers/STM32L4xx_HAL_Driver/Src/stm32l4xx_hal_rcc.o
 .debug_macro   0x000000000002838b      0x200 ./Drivers/STM32L4xx_HAL_Driver/Src/stm32l4xx_hal_rcc_ex.o
 .debug_macro   0x000000000002858b      0x1e0 ./Drivers/STM32L4xx_HAL_Driver/Src/stm32l4xx_hal_sd.o
 .debug_macro   0x000000000002876b      0x1cb ./Drivers/STM32L4xx_HAL_Driver/Src/stm32l4xx_ll_sdmmc.o
 .debug_macro   0x0000000000028936      0x316 ./FATFS/App/fatfs.o
 .debug_macro   0x0000000000028c4c      0x1e2 ./FATFS/Target/bsp_driver_sd.o
 .debug_macro   0x0000000000028e2e      0x1d3 ./FATFS/Target/fatfs_platform.o
 .debug_macro   0x0000000000029001      0x349 ./FATFS/Target/sd_diskio.o
 .debug_macro   0x000000000002934a       0x16 ./FATFS/Target/sd_diskio.o
 .debug_macro   0x0000000000029360       0x7c ./FATFS/Target/sd_diskio.o
 .debug_macro   0x00000000000293dc       0x16 ./FATFS/Target/sd_diskio.o
 .debug_macro   0x00000000000293f2       0x20 ./FATFS/Target/sd_diskio.o
 .debug_macro   0x0000000000029412      0x303 ./Middlewares/Third_Party/FatFs/src/diskio.o
 .debug_macro   0x0000000000029715      0x70a ./Middlewares/Third_Party/FatFs/src/ff.o
 .debug_macro   0x0000000000029e1f       0x58 ./Middlewares/Third_Party/FatFs/src/ff.o
 .debug_macro   0x0000000000029e77      0x303 ./Middlewares/Third_Party/FatFs/src/ff_gen_drv.o

.debug_line     0x0000000000000000    0x11ee2
 .debug_line    0x0000000000000000      0xb4d ./Core/Src/main.o
 .debug_line    0x0000000000000b4d      0x7c4 ./Core/Src/stm32l4xx_hal_msp.o
 .debug_line    0x0000000000001311      0x7fd ./Core/Src/stm32l4xx_it.o
 .debug_line    0x0000000000001b0e      0x788 ./Core/Src/system_stm32l4xx.o
 .debug_line    0x0000000000002296       0x88 ./Core/Startup/startup_stm32l496agix.o
 .debug_line    0x000000000000231e      0xae2 ./Drivers/STM32L4xx_HAL_Driver/Src/stm32l4xx_hal.o
 .debug_line    0x0000000000002e00      0xc89 ./Drivers/STM32L4xx_HAL_Driver/Src/stm32l4xx_hal_cortex.o
 .debug_line    0x0000000000003a89      0xcc1 ./Drivers/STM32L4xx_HAL_Driver/Src/stm32l4xx_hal_dma.o
 .debug_line    0x000000000000474a      0xb3e ./Drivers/STM32L4xx_HAL_Driver/Src/stm32l4xx_hal_gpio.o
 .debug_line    0x0000000000005288      0xca8 ./Drivers/STM32L4xx_HAL_Driver/Src/stm32l4xx_hal_pwr_ex.o
 .debug_line    0x0000000000005f30      0xf90 ./Drivers/STM32L4xx_HAL_Driver/Src/stm32l4xx_hal_rcc.o
 .debug_line    0x0000000000006ec0     0x16ea ./Drivers/STM32L4xx_HAL_Driver/Src/stm32l4xx_hal_rcc_ex.o
 .debug_line    0x00000000000085aa     0x1e31 ./Drivers/STM32L4xx_HAL_Driver/Src/stm32l4xx_hal_sd.o
 .debug_line    0x000000000000a3db      0xf93 ./Drivers/STM32L4xx_HAL_Driver/Src/stm32l4xx_ll_sdmmc.o
 .debug_line    0x000000000000b36e      0x911 ./FATFS/App/fatfs.o
 .debug_line    0x000000000000bc7f      0x8cd ./FATFS/Target/bsp_driver_sd.o
 .debug_line    0x000000000000c54c      0x708 ./FATFS/Target/fatfs_platform.o
 .debug_line    0x000000000000cc54      0xb22 ./FATFS/Target/sd_diskio.o
 .debug_line    0x000000000000d776      0x982 ./Middlewares/Third_Party/FatFs/src/diskio.o
 .debug_line    0x000000000000e0f8     0x344a ./Middlewares/Third_Party/FatFs/src/ff.o
 .debug_line    0x0000000000011542      0x9a0 ./Middlewares/Third_Party/FatFs/src/ff_gen_drv.o

.debug_str      0x0000000000000000    0xf97b9
 .debug_str     0x0000000000000000    0xf5781 ./Core/Src/main.o
                                      0xf5c74 (size before relaxing)
 .debug_str     0x00000000000f5781      0x2b9 ./Core/Src/stm32l4xx_hal_msp.o
                                      0xf1f73 (size before relaxing)
 .debug_str     0x00000000000f5a3a       0xef ./Core/Src/stm32l4xx_it.o
                                      0xf164b (size before relaxing)
 .debug_str     0x00000000000f5b29       0xb8 ./Core/Src/system_stm32l4xx.o
                                      0xf12ec (size before relaxing)
 .debug_str     0x00000000000f5be1       0x36 ./Core/Startup/startup_stm32l496agix.o
                                         0x7b (size before relaxing)
 .debug_str     0x00000000000f5c17      0x5c1 ./Drivers/STM32L4xx_HAL_Driver/Src/stm32l4xx_hal.o
                                      0xf1e60 (size before relaxing)
 .debug_str     0x00000000000f61d8      0x389 ./Drivers/STM32L4xx_HAL_Driver/Src/stm32l4xx_hal_cortex.o
                                      0xf1bbd (size before relaxing)
 .debug_str     0x00000000000f6561      0x25d ./Drivers/STM32L4xx_HAL_Driver/Src/stm32l4xx_hal_dma.o
                                      0xf1552 (size before relaxing)
 .debug_str     0x00000000000f67be      0x161 ./Drivers/STM32L4xx_HAL_Driver/Src/stm32l4xx_hal_gpio.o
                                      0xf14b2 (size before relaxing)
 .debug_str     0x00000000000f691f      0x4f0 ./Drivers/STM32L4xx_HAL_Driver/Src/stm32l4xx_hal_pwr_ex.o
                                      0xf1851 (size before relaxing)
 .debug_str     0x00000000000f6e0f      0x3d2 ./Drivers/STM32L4xx_HAL_Driver/Src/stm32l4xx_hal_rcc.o
                                      0xf18ed (size before relaxing)
 .debug_str     0x00000000000f71e1      0x594 ./Drivers/STM32L4xx_HAL_Driver/Src/stm32l4xx_hal_rcc_ex.o
                                      0xf1c83 (size before relaxing)
 .debug_str     0x00000000000f7775      0x737 ./Drivers/STM32L4xx_HAL_Driver/Src/stm32l4xx_hal_sd.o
                                      0xf1d35 (size before relaxing)
 .debug_str     0x00000000000f7eac      0x497 ./Drivers/STM32L4xx_HAL_Driver/Src/stm32l4xx_ll_sdmmc.o
                                      0xf175b (size before relaxing)
 .debug_str     0x00000000000f8343       0x2f ./FATFS/App/fatfs.o
                                      0xf4d1a (size before relaxing)
 .debug_str     0x00000000000f8372      0x154 ./FATFS/Target/bsp_driver_sd.o
                                      0xf183c (size before relaxing)
 .debug_str     0x00000000000f84c6       0x38 ./FATFS/Target/fatfs_platform.o
                                      0xf11ed (size before relaxing)
 .debug_str     0x00000000000f84fe      0x150 ./FATFS/Target/sd_diskio.o
                                      0xf4de8 (size before relaxing)
 .debug_str     0x00000000000f864e       0x57 ./Middlewares/Third_Party/FatFs/src/diskio.o
                                      0xf4c46 (size before relaxing)
 .debug_str     0x00000000000f86a5     0x1072 ./Middlewares/Third_Party/FatFs/src/ff.o
                                      0xf5e6b (size before relaxing)
 .debug_str     0x00000000000f9717       0xa2 ./Middlewares/Third_Party/FatFs/src/ff_gen_drv.o
                                      0xf4c97 (size before relaxing)

.comment        0x0000000000000000       0x53
 .comment       0x0000000000000000       0x53 ./Core/Src/main.o
                                         0x54 (size before relaxing)
 .comment       0x0000000000000053       0x54 ./Core/Src/stm32l4xx_hal_msp.o
 .comment       0x0000000000000053       0x54 ./Core/Src/stm32l4xx_it.o
 .comment       0x0000000000000053       0x54 ./Core/Src/system_stm32l4xx.o
 .comment       0x0000000000000053       0x54 ./Drivers/STM32L4xx_HAL_Driver/Src/stm32l4xx_hal.o
 .comment       0x0000000000000053       0x54 ./Drivers/STM32L4xx_HAL_Driver/Src/stm32l4xx_hal_cortex.o
 .comment       0x0000000000000053       0x54 ./Drivers/STM32L4xx_HAL_Driver/Src/stm32l4xx_hal_dma.o
 .comment       0x0000000000000053       0x54 ./Drivers/STM32L4xx_HAL_Driver/Src/stm32l4xx_hal_gpio.o
 .comment       0x0000000000000053       0x54 ./Drivers/STM32L4xx_HAL_Driver/Src/stm32l4xx_hal_pwr_ex.o
 .comment       0x0000000000000053       0x54 ./Drivers/STM32L4xx_HAL_Driver/Src/stm32l4xx_hal_rcc.o
 .comment       0x0000000000000053       0x54 ./Drivers/STM32L4xx_HAL_Driver/Src/stm32l4xx_hal_rcc_ex.o
 .comment       0x0000000000000053       0x54 ./Drivers/STM32L4xx_HAL_Driver/Src/stm32l4xx_hal_sd.o
 .comment       0x0000000000000053       0x54 ./Drivers/STM32L4xx_HAL_Driver/Src/stm32l4xx_ll_sdmmc.o
 .comment       0x0000000000000053       0x54 ./FATFS/App/fatfs.o
 .comment       0x0000000000000053       0x54 ./FATFS/Target/bsp_driver_sd.o
 .comment       0x0000000000000053       0x54 ./FATFS/Target/fatfs_platform.o
 .comment       0x0000000000000053       0x54 ./FATFS/Target/sd_diskio.o
 .comment       0x0000000000000053       0x54 ./Middlewares/Third_Party/FatFs/src/diskio.o
 .comment       0x0000000000000053       0x54 ./Middlewares/Third_Party/FatFs/src/ff.o
 .comment       0x0000000000000053       0x54 ./Middlewares/Third_Party/FatFs/src/ff_gen_drv.o

.debug_frame    0x0000000000000000     0x3864
 .debug_frame   0x0000000000000000      0x15c ./Core/Src/main.o
 .debug_frame   0x000000000000015c       0x84 ./Core/Src/stm32l4xx_hal_msp.o
 .debug_frame   0x00000000000001e0      0x158 ./Core/Src/stm32l4xx_it.o
 .debug_frame   0x0000000000000338       0x58 ./Core/Src/system_stm32l4xx.o
 .debug_frame   0x0000000000000390      0x498 ./Drivers/STM32L4xx_HAL_Driver/Src/stm32l4xx_hal.o
 .debug_frame   0x0000000000000828      0x498 ./Drivers/STM32L4xx_HAL_Driver/Src/stm32l4xx_hal_cortex.o
 .debug_frame   0x0000000000000cc0      0x204 ./Drivers/STM32L4xx_HAL_Driver/Src/stm32l4xx_hal_dma.o
 .debug_frame   0x0000000000000ec4      0x14c ./Drivers/STM32L4xx_HAL_Driver/Src/stm32l4xx_hal_gpio.o
 .debug_frame   0x0000000000001010      0x544 ./Drivers/STM32L4xx_HAL_Driver/Src/stm32l4xx_hal_pwr_ex.o
 .debug_frame   0x0000000000001554      0x21c ./Drivers/STM32L4xx_HAL_Driver/Src/stm32l4xx_hal_rcc.o
 .debug_frame   0x0000000000001770      0x43c ./Drivers/STM32L4xx_HAL_Driver/Src/stm32l4xx_hal_rcc_ex.o
 .debug_frame   0x0000000000001bac      0x650 ./Drivers/STM32L4xx_HAL_Driver/Src/stm32l4xx_hal_sd.o
 .debug_frame   0x00000000000021fc      0x6f0 ./Drivers/STM32L4xx_HAL_Driver/Src/stm32l4xx_ll_sdmmc.o
 .debug_frame   0x00000000000028ec       0x4c ./FATFS/App/fatfs.o
 .debug_frame   0x0000000000002938      0x238 ./FATFS/Target/bsp_driver_sd.o
 .debug_frame   0x0000000000002b70       0x34 ./FATFS/Target/fatfs_platform.o
 .debug_frame   0x0000000000002ba4      0x14c ./FATFS/Target/sd_diskio.o
 .debug_frame   0x0000000000002cf0       0xec ./Middlewares/Third_Party/FatFs/src/diskio.o
 .debug_frame   0x0000000000002ddc      0x94c ./Middlewares/Third_Party/FatFs/src/ff.o
 .debug_frame   0x0000000000003728       0xc8 ./Middlewares/Third_Party/FatFs/src/ff_gen_drv.o
 .debug_frame   0x00000000000037f0       0x2c /Applications/STM32CubeIDE.app/Contents/Eclipse/plugins/com.st.stm32cube.ide.mcu.externaltools.gnu-tools-for-stm32.9-2020-q2-update.macos64_2.0.0.202105311346/tools/bin/../lib/gcc/arm-none-eabi/9.3.1/../../../../arm-none-eabi/lib/thumb/v7e-m+fp/hard/libc_nano.a(lib_a-init.o)
 .debug_frame   0x000000000000381c       0x28 /Applications/STM32CubeIDE.app/Contents/Eclipse/plugins/com.st.stm32cube.ide.mcu.externaltools.gnu-tools-for-stm32.9-2020-q2-update.macos64_2.0.0.202105311346/tools/bin/../lib/gcc/arm-none-eabi/9.3.1/../../../../arm-none-eabi/lib/thumb/v7e-m+fp/hard/libc_nano.a(lib_a-memcpy-stub.o)
 .debug_frame   0x0000000000003844       0x20 /Applications/STM32CubeIDE.app/Contents/Eclipse/plugins/com.st.stm32cube.ide.mcu.externaltools.gnu-tools-for-stm32.9-2020-q2-update.macos64_2.0.0.202105311346/tools/bin/../lib/gcc/arm-none-eabi/9.3.1/../../../../arm-none-eabi/lib/thumb/v7e-m+fp/hard/libc_nano.a(lib_a-memset.o)
