Archive member included to satisfy reference by file (symbol)

/Applications/STM32CubeIDE.app/Contents/Eclipse/plugins/com.st.stm32cube.ide.mcu.externaltools.gnu-tools-for-stm32.9-2020-q2-update.macos64_2.0.0.202105311346/tools/bin/../lib/gcc/arm-none-eabi/9.3.1/../../../../arm-none-eabi/lib/thumb/v7e-m+fp/hard/libc_nano.a(lib_a-errno.o)
                              ./Core/Src/syscalls.o (__errno)
/Applications/STM32CubeIDE.app/Contents/Eclipse/plugins/com.st.stm32cube.ide.mcu.externaltools.gnu-tools-for-stm32.9-2020-q2-update.macos64_2.0.0.202105311346/tools/bin/../lib/gcc/arm-none-eabi/9.3.1/../../../../arm-none-eabi/lib/thumb/v7e-m+fp/hard/libc_nano.a(lib_a-exit.o)
                              /Applications/STM32CubeIDE.app/Contents/Eclipse/plugins/com.st.stm32cube.ide.mcu.externaltools.gnu-tools-for-stm32.9-2020-q2-update.macos64_2.0.0.202105311346/tools/bin/../lib/gcc/arm-none-eabi/9.3.1/../../../../arm-none-eabi/lib/thumb/v7e-m+fp/hard/crt0.o (exit)
/Applications/STM32CubeIDE.app/Contents/Eclipse/plugins/com.st.stm32cube.ide.mcu.externaltools.gnu-tools-for-stm32.9-2020-q2-update.macos64_2.0.0.202105311346/tools/bin/../lib/gcc/arm-none-eabi/9.3.1/../../../../arm-none-eabi/lib/thumb/v7e-m+fp/hard/libc_nano.a(lib_a-impure.o)
                              /Applications/STM32CubeIDE.app/Contents/Eclipse/plugins/com.st.stm32cube.ide.mcu.externaltools.gnu-tools-for-stm32.9-2020-q2-update.macos64_2.0.0.202105311346/tools/bin/../lib/gcc/arm-none-eabi/9.3.1/../../../../arm-none-eabi/lib/thumb/v7e-m+fp/hard/libc_nano.a(lib_a-exit.o) (_global_impure_ptr)
/Applications/STM32CubeIDE.app/Contents/Eclipse/plugins/com.st.stm32cube.ide.mcu.externaltools.gnu-tools-for-stm32.9-2020-q2-update.macos64_2.0.0.202105311346/tools/bin/../lib/gcc/arm-none-eabi/9.3.1/../../../../arm-none-eabi/lib/thumb/v7e-m+fp/hard/libc_nano.a(lib_a-init.o)
                              /Applications/STM32CubeIDE.app/Contents/Eclipse/plugins/com.st.stm32cube.ide.mcu.externaltools.gnu-tools-for-stm32.9-2020-q2-update.macos64_2.0.0.202105311346/tools/bin/../lib/gcc/arm-none-eabi/9.3.1/../../../../arm-none-eabi/lib/thumb/v7e-m+fp/hard/crt0.o (__libc_init_array)
/Applications/STM32CubeIDE.app/Contents/Eclipse/plugins/com.st.stm32cube.ide.mcu.externaltools.gnu-tools-for-stm32.9-2020-q2-update.macos64_2.0.0.202105311346/tools/bin/../lib/gcc/arm-none-eabi/9.3.1/../../../../arm-none-eabi/lib/thumb/v7e-m+fp/hard/libc_nano.a(lib_a-memset.o)
                              /Applications/STM32CubeIDE.app/Contents/Eclipse/plugins/com.st.stm32cube.ide.mcu.externaltools.gnu-tools-for-stm32.9-2020-q2-update.macos64_2.0.0.202105311346/tools/bin/../lib/gcc/arm-none-eabi/9.3.1/../../../../arm-none-eabi/lib/thumb/v7e-m+fp/hard/crt0.o (memset)

Allocating common symbols
Common symbol       size              file

retSD               0x1               ./FATFS/App/fatfs.o
hi2c2               0x4c              ./Core/Src/main.o
hsd1                0x84              ./Core/Src/main.o
uwTick              0x4               ./Drivers/STM32L4xx_HAL_Driver/Src/stm32l4xx_hal.o
hsram1              0x50              ./Core/Src/main.o
hdma_i2c2_rx        0x48              ./Core/Src/main.o
hdma_i2c2_tx        0x48              ./Core/Src/main.o
workBuffer          0x200             ./Core/Src/main.o
uSdHandle           0x84              ./Drivers/BSP/STM32L496G-Discovery/stm32l496g_discovery_sd.o
SDPath              0x4               ./FATFS/App/fatfs.o
hdma_sdmmc1_rx      0x48              ./Core/Src/main.o
SDFile              0x230             ./FATFS/App/fatfs.o
hdma_sdmmc1_tx      0x48              ./Core/Src/main.o
SDFatFS             0x230             ./FATFS/App/fatfs.o

Discarded input sections

 .text          0x0000000000000000        0x0 /Applications/STM32CubeIDE.app/Contents/Eclipse/plugins/com.st.stm32cube.ide.mcu.externaltools.gnu-tools-for-stm32.9-2020-q2-update.macos64_2.0.0.202105311346/tools/bin/../lib/gcc/arm-none-eabi/9.3.1/thumb/v7e-m+fp/hard/crti.o
 .data          0x0000000000000000        0x0 /Applications/STM32CubeIDE.app/Contents/Eclipse/plugins/com.st.stm32cube.ide.mcu.externaltools.gnu-tools-for-stm32.9-2020-q2-update.macos64_2.0.0.202105311346/tools/bin/../lib/gcc/arm-none-eabi/9.3.1/thumb/v7e-m+fp/hard/crti.o
 .bss           0x0000000000000000        0x0 /Applications/STM32CubeIDE.app/Contents/Eclipse/plugins/com.st.stm32cube.ide.mcu.externaltools.gnu-tools-for-stm32.9-2020-q2-update.macos64_2.0.0.202105311346/tools/bin/../lib/gcc/arm-none-eabi/9.3.1/thumb/v7e-m+fp/hard/crti.o
 .data          0x0000000000000000        0x4 /Applications/STM32CubeIDE.app/Contents/Eclipse/plugins/com.st.stm32cube.ide.mcu.externaltools.gnu-tools-for-stm32.9-2020-q2-update.macos64_2.0.0.202105311346/tools/bin/../lib/gcc/arm-none-eabi/9.3.1/thumb/v7e-m+fp/hard/crtbegin.o
[...]
Memory Configuration

Name             Origin             Length             Attributes
RAM              0x0000000020000000 0x0000000000050000 xrw
RAM2             0x0000000010000000 0x0000000000010000 xrw
FLASH            0x0000000008000000 0x0000000000100000 xr
*default*        0x0000000000000000 0xffffffffffffffff

Linker script and memory map

LOAD /Applications/STM32CubeIDE.app/Contents/Eclipse/plugins/com.st.stm32cube.ide.mcu.externaltools.gnu-tools-for-stm32.9-2020-q2-update.macos64_2.0.0.202105311346/tools/bin/../lib/gcc/arm-none-eabi/9.3.1/thumb/v7e-m+fp/hard/crti.o
LOAD /Applications/STM32CubeIDE.app/Contents/Eclipse/plugins/com.st.stm32cube.ide.mcu.externaltools.gnu-tools-for-stm32.9-2020-q2-update.macos64_2.0.0.202105311346/tools/bin/../lib/gcc/arm-none-eabi/9.3.1/thumb/v7e-m+fp/hard/crtbegin.o
LOAD /Applications/STM32CubeIDE.app/Contents/Eclipse/plugins/com.st.stm32cube.ide.mcu.externaltools.gnu-tools-for-stm32.9-2020-q2-update.macos64_2.0.0.202105311346/tools/bin/../lib/gcc/arm-none-eabi/9.3.1/../../../../arm-none-eabi/lib/thumb/v7e-m+fp/hard/crt0.o
LOAD ./Core/Src/main.o
LOAD ./Core/Src/stm32l4xx_hal_msp.o
LOAD ./Core/Src/stm32l4xx_it.o
LOAD ./Core/Src/syscalls.o
LOAD ./Core/Src/sysmem.o
LOAD ./Core/Src/system_stm32l4xx.o
LOAD ./Core/Startup/startup_stm32l496agix.o
LOAD ./Drivers/BSP/Components/mfxstm32l152.o
LOAD ./Drivers/BSP/STM32L496G-Discovery/stm32l496g_discovery.o
LOAD ./Drivers/BSP/STM32L496G-Discovery/stm32l496g_discovery_io.o
LOAD ./Drivers/BSP/STM32L496G-Discovery/stm32l496g_discovery_sd.o
LOAD ./Drivers/STM32L4xx_HAL_Driver/Src/stm32l4xx_hal.o
LOAD ./Drivers/STM32L4xx_HAL_Driver/Src/stm32l4xx_hal_cortex.o
LOAD ./Drivers/STM32L4xx_HAL_Driver/Src/stm32l4xx_hal_dma.o
LOAD ./Drivers/STM32L4xx_HAL_Driver/Src/stm32l4xx_hal_dma_ex.o
LOAD ./Drivers/STM32L4xx_HAL_Driver/Src/stm32l4xx_hal_exti.o
LOAD ./Drivers/STM32L4xx_HAL_Driver/Src/stm32l4xx_hal_flash.o
LOAD ./Drivers/STM32L4xx_HAL_Driver/Src/stm32l4xx_hal_flash_ex.o
LOAD ./Drivers/STM32L4xx_HAL_Driver/Src/stm32l4xx_hal_flash_ramfunc.o
LOAD ./Drivers/STM32L4xx_HAL_Driver/Src/stm32l4xx_hal_gpio.o
LOAD ./Drivers/STM32L4xx_HAL_Driver/Src/stm32l4xx_hal_i2c.o
LOAD ./Drivers/STM32L4xx_HAL_Driver/Src/stm32l4xx_hal_i2c_ex.o
LOAD ./Drivers/STM32L4xx_HAL_Driver/Src/stm32l4xx_hal_pwr.o
LOAD ./Drivers/STM32L4xx_HAL_Driver/Src/stm32l4xx_hal_pwr_ex.o
LOAD ./Drivers/STM32L4xx_HAL_Driver/Src/stm32l4xx_hal_rcc.o
LOAD ./Drivers/STM32L4xx_HAL_Driver/Src/stm32l4xx_hal_rcc_ex.o
LOAD ./Drivers/STM32L4xx_HAL_Driver/Src/stm32l4xx_hal_sd.o
LOAD ./Drivers/STM32L4xx_HAL_Driver/Src/stm32l4xx_hal_sd_ex.o
LOAD ./Drivers/STM32L4xx_HAL_Driver/Src/stm32l4xx_hal_sram.o
LOAD ./Drivers/STM32L4xx_HAL_Driver/Src/stm32l4xx_hal_tim.o
LOAD ./Drivers/STM32L4xx_HAL_Driver/Src/stm32l4xx_hal_tim_ex.o
LOAD ./Drivers/STM32L4xx_HAL_Driver/Src/stm32l4xx_ll_fmc.o
LOAD ./Drivers/STM32L4xx_HAL_Driver/Src/stm32l4xx_ll_sdmmc.o
LOAD ./FATFS/App/fatfs.o
LOAD ./FATFS/Target/bsp_driver_sd.o
LOAD ./FATFS/Target/fatfs_platform.o
LOAD ./FATFS/Target/sd_diskio.o
LOAD ./Middlewares/Third_Party/FatFs/src/diskio.o
LOAD ./Middlewares/Third_Party/FatFs/src/ff.o
LOAD ./Middlewares/Third_Party/FatFs/src/ff_gen_drv.o
LOAD ./Middlewares/Third_Party/FatFs/src/option/syscall.o
START GROUP
LOAD /Applications/STM32CubeIDE.app/Contents/Eclipse/plugins/com.st.stm32cube.ide.mcu.externaltools.gnu-tools-for-stm32.9-2020-q2-update.macos64_2.0.0.202105311346/tools/bin/../lib/gcc/arm-none-eabi/9.3.1/../../../../arm-none-eabi/lib/thumb/v7e-m+fp/hard/libc_nano.a
LOAD /Applications/STM32CubeIDE.app/Contents/Eclipse/plugins/com.st.stm32cube.ide.mcu.externaltools.gnu-tools-for-stm32.9-2020-q2-update.macos64_2.0.0.202105311346/tools/bin/../lib/gcc/arm-none-eabi/9.3.1/../../../../arm-none-eabi/lib/thumb/v7e-m+fp/hard/libm.a
END GROUP
START GROUP
LOAD /Applications/STM32CubeIDE.app/Contents/Eclipse/plugins/com.st.stm32cube.ide.mcu.externaltools.gnu-tools-for-stm32.9-2020-q2-update.macos64_2.0.0.202105311346/tools/bin/../lib/gcc/arm-none-eabi/9.3.1/thumb/v7e-m+fp/hard/libgcc.a
LOAD /Applications/STM32CubeIDE.app/Contents/Eclipse/plugins/com.st.stm32cube.ide.mcu.externaltools.gnu-tools-for-stm32.9-2020-q2-update.macos64_2.0.0.202105311346/tools/bin/../lib/gcc/arm-none-eabi/9.3.1/../../../../arm-none-eabi/lib/thumb/v7e-m+fp/hard/libc_nano.a
END GROUP
START GROUP
LOAD /Applications/STM32CubeIDE.app/Contents/Eclipse/plugins/com.st.stm32cube.ide.mcu.externaltools.gnu-tools-for-stm32.9-2020-q2-update.macos64_2.0.0.202105311346/tools/bin/../lib/gcc/arm-none-eabi/9.3.1/thumb/v7e-m+fp/hard/libgcc.a
LOAD /Applications/STM32CubeIDE.app/Contents/Eclipse/plugins/com.st.stm32cube.ide.mcu.externaltools.gnu-tools-for-stm32.9-2020-q2-update.macos64_2.0.0.202105311346/tools/bin/../lib/gcc/arm-none-eabi/9.3.1/../../../../arm-none-eabi/lib/thumb/v7e-m+fp/hard/libc_nano.a
LOAD /Applications/STM32CubeIDE.app/Contents/Eclipse/plugins/com.st.stm32cube.ide.mcu.externaltools.gnu-tools-for-stm32.9-2020-q2-update.macos64_2.0.0.202105311346/tools/bin/../lib/gcc/arm-none-eabi/9.3.1/../../../../arm-none-eabi/lib/thumb/v7e-m+fp/hard/libnosys.a
END GROUP
START GROUP
LOAD /Applications/STM32CubeIDE.app/Contents/Eclipse/plugins/com.st.stm32cube.ide.mcu.externaltools.gnu-tools-for-stm32.9-2020-q2-update.macos64_2.0.0.202105311346/tools/bin/../lib/gcc/arm-none-eabi/9.3.1/thumb/v7e-m+fp/hard/libgcc.a
LOAD /Applications/STM32CubeIDE.app/Contents/Eclipse/plugins/com.st.stm32cube.ide.mcu.externaltools.gnu-tools-for-stm32.9-2020-q2-update.macos64_2.0.0.202105311346/tools/bin/../lib/gcc/arm-none-eabi/9.3.1/../../../../arm-none-eabi/lib/thumb/v7e-m+fp/hard/libc_nano.a
LOAD /Applications/STM32CubeIDE.app/Contents/Eclipse/plugins/com.st.stm32cube.ide.mcu.externaltools.gnu-tools-for-stm32.9-2020-q2-update.macos64_2.0.0.202105311346/tools/bin/../lib/gcc/arm-none-eabi/9.3.1/../../../../arm-none-eabi/lib/thumb/v7e-m+fp/hard/libnosys.a
END GROUP
LOAD /Applications/STM32CubeIDE.app/Contents/Eclipse/plugins/com.st.stm32cube.ide.mcu.externaltools.gnu-tools-for-stm32.9-2020-q2-update.macos64_2.0.0.202105311346/tools/bin/../lib/gcc/arm-none-eabi/9.3.1/thumb/v7e-m+fp/hard/crtend.o
LOAD /Applications/STM32CubeIDE.app/Contents/Eclipse/plugins/com.st.stm32cube.ide.mcu.externaltools.gnu-tools-for-stm32.9-2020-q2-update.macos64_2.0.0.202105311346/tools/bin/../lib/gcc/arm-none-eabi/9.3.1/thumb/v7e-m+fp/hard/crtn.o
                0x0000000020050000                _estack = (ORIGIN (RAM) + LENGTH (RAM))
                0x0000000000000200                _Min_Heap_Size = 0x200
                0x0000000000000400                _Min_Stack_Size = 0x400

.isr_vector     0x0000000008000000      0x1ac
                0x0000000008000000                . = ALIGN (0x4)
 *(.isr_vector)
 .isr_vector    0x0000000008000000      0x1ac ./Core/Startup/startup_stm32l496agix.o
                0x0000000008000000                g_pfnVectors
                0x00000000080001ac                . = ALIGN (0x4)

.text           0x00000000080001ac     0x9470
                0x00000000080001ac                . = ALIGN (0x4)
 *(.text)
 .text          0x00000000080001ac       0x40 /Applications/STM32CubeIDE.app/Contents/Eclipse/plugins/com.st.stm32cube.ide.mcu.externaltools.gnu-tools-for-stm32.9-2020-q2-update.macos64_2.0.0.202105311346/tools/bin/../lib/gcc/arm-none-eabi/9.3.1/thumb/v7e-m+fp/hard/crtbegin.o
 *(.text*)
 .text.main     0x00000000080001ec       0xd0 ./Core/Src/main.o
                0x00000000080001ec                main
 .text.SystemClock_Config
                0x00000000080002bc       0xa4 ./Core/Src/main.o
                0x00000000080002bc                SystemClock_Config
 .text.MX_I2C2_Init
                0x0000000008000360       0x80 ./Core/Src/main.o
 .text.MX_SDMMC1_SD_Init
                0x00000000080003e0       0x40 ./Core/Src/main.o
 .text.MX_DMA_Init
                0x0000000008000420       0x84 ./Core/Src/main.o
 .text.MX_FMC_Init
                0x00000000080004a4       0xc0 ./Core/Src/main.o
 .text.MX_GPIO_Init
                0x0000000008000564       0xe8 ./Core/Src/main.o
 .text.Error_Handler
                0x000000000800064c        0xa ./Core/Src/main.o
                0x000000000800064c                Error_Handler
 *fill*         0x0000000008000656        0x2 
 .text.HAL_MspInit
                0x0000000008000658       0x48 ./Core/Src/stm32l4xx_hal_msp.o
                0x0000000008000658                HAL_MspInit
 .text.HAL_I2C_MspInit
                0x00000000080006a0      0x1b8 ./Core/Src/stm32l4xx_hal_msp.o
                0x00000000080006a0                HAL_I2C_MspInit
 .text.HAL_I2C_MspDeInit
                0x0000000008000858       0x5c ./Core/Src/stm32l4xx_hal_msp.o
                0x0000000008000858                HAL_I2C_MspDeInit
 .text.HAL_SD_MspInit
                0x00000000080008b4      0x1f4 ./Core/Src/stm32l4xx_hal_msp.o
                0x00000000080008b4                HAL_SD_MspInit
 .text.HAL_FMC_MspInit
                0x0000000008000aa8       0xb8 ./Core/Src/stm32l4xx_hal_msp.o
 .text.HAL_SRAM_MspInit
                0x0000000008000b60       0x14 ./Core/Src/stm32l4xx_hal_msp.o
                0x0000000008000b60                HAL_SRAM_MspInit
 .text.NMI_Handler
                0x0000000008000b74        0x6 ./Core/Src/stm32l4xx_it.o
                0x0000000008000b74                NMI_Handler
 .text.HardFault_Handler
                0x0000000008000b7a        0x6 ./Core/Src/stm32l4xx_it.o
                0x0000000008000b7a                HardFault_Handler
 .text.MemManage_Handler
                0x0000000008000b80        0x6 ./Core/Src/stm32l4xx_it.o
                0x0000000008000b80                MemManage_Handler
 .text.BusFault_Handler
                0x0000000008000b86        0x6 ./Core/Src/stm32l4xx_it.o
                0x0000000008000b86                BusFault_Handler
 .text.UsageFault_Handler
                0x0000000008000b8c        0x6 ./Core/Src/stm32l4xx_it.o
                0x0000000008000b8c                UsageFault_Handler
 .text.SVC_Handler
                0x0000000008000b92        0xe ./Core/Src/stm32l4xx_it.o
                0x0000000008000b92                SVC_Handler
 .text.DebugMon_Handler
                0x0000000008000ba0        0xe ./Core/Src/stm32l4xx_it.o
                0x0000000008000ba0                DebugMon_Handler
 .text.PendSV_Handler
                0x0000000008000bae        0xe ./Core/Src/stm32l4xx_it.o
                0x0000000008000bae                PendSV_Handler
 .text.SysTick_Handler
                0x0000000008000bbc        0xc ./Core/Src/stm32l4xx_it.o
                0x0000000008000bbc                SysTick_Handler
 .text.DMA1_Channel4_IRQHandler
                0x0000000008000bc8       0x14 ./Core/Src/stm32l4xx_it.o
                0x0000000008000bc8                DMA1_Channel4_IRQHandler
 .text.DMA1_Channel5_IRQHandler
                0x0000000008000bdc       0x14 ./Core/Src/stm32l4xx_it.o
                0x0000000008000bdc                DMA1_Channel5_IRQHandler
 .text.SDMMC1_IRQHandler
                0x0000000008000bf0       0x14 ./Core/Src/stm32l4xx_it.o
                0x0000000008000bf0                SDMMC1_IRQHandler
 .text.DMA2_Channel4_IRQHandler
                0x0000000008000c04       0x14 ./Core/Src/stm32l4xx_it.o
                0x0000000008000c04                DMA2_Channel4_IRQHandler
 .text.DMA2_Channel5_IRQHandler
                0x0000000008000c18       0x14 ./Core/Src/stm32l4xx_it.o
                0x0000000008000c18                DMA2_Channel5_IRQHandler
 .text.SystemInit
                0x0000000008000c2c       0x24 ./Core/Src/system_stm32l4xx.o
                0x0000000008000c2c                SystemInit
 .text.Reset_Handler
                0x0000000008000c50       0x50 ./Core/Startup/startup_stm32l496agix.o
                0x0000000008000c50                Reset_Handler
 .text.Default_Handler
                0x0000000008000ca0        0x2 ./Core/Startup/startup_stm32l496agix.o
                0x0000000008000ca0                TIM1_BRK_TIM15_IRQHandler
                0x0000000008000ca0                EXTI2_IRQHandler
                0x0000000008000ca0                TIM8_TRG_COM_IRQHandler
                0x0000000008000ca0                TIM8_CC_IRQHandler
                0x0000000008000ca0                TIM1_CC_IRQHandler
                0x0000000008000ca0                TSC_IRQHandler
                0x0000000008000ca0                TAMP_STAMP_IRQHandler
                0x0000000008000ca0                CAN2_RX1_IRQHandler
                0x0000000008000ca0                EXTI3_IRQHandler
                0x0000000008000ca0                LPTIM2_IRQHandler
                0x0000000008000ca0                DFSDM1_FLT1_IRQHandler
                0x0000000008000ca0                I2C3_ER_IRQHandler
                0x0000000008000ca0                DFSDM1_FLT2_IRQHandler
                0x0000000008000ca0                EXTI0_IRQHandler
                0x0000000008000ca0                I2C2_EV_IRQHandler
                0x0000000008000ca0                CAN1_RX0_IRQHandler
                0x0000000008000ca0                FPU_IRQHandler
                0x0000000008000ca0                TIM1_UP_TIM16_IRQHandler
                0x0000000008000ca0                CAN2_SCE_IRQHandler
                0x0000000008000ca0                ADC1_2_IRQHandler
                0x0000000008000ca0                SPI1_IRQHandler
                0x0000000008000ca0                TIM6_DAC_IRQHandler
                0x0000000008000ca0                DCMI_IRQHandler
                0x0000000008000ca0                CAN2_RX0_IRQHandler
                0x0000000008000ca0                TIM8_UP_IRQHandler
                0x0000000008000ca0                DMA2_Channel2_IRQHandler
                0x0000000008000ca0                SAI2_IRQHandler
                0x0000000008000ca0                DFSDM1_FLT3_IRQHandler
                0x0000000008000ca0                USART3_IRQHandler
                0x0000000008000ca0                DMA1_Channel7_IRQHandler
                0x0000000008000ca0                CAN1_RX1_IRQHandler
                0x0000000008000ca0                LCD_IRQHandler
                0x0000000008000ca0                UART5_IRQHandler
                0x0000000008000ca0                ADC3_IRQHandler
                0x0000000008000ca0                TIM4_IRQHandler
                0x0000000008000ca0                DMA2_Channel1_IRQHandler
                0x0000000008000ca0                QUADSPI_IRQHandler
                0x0000000008000ca0                I2C1_EV_IRQHandler
                0x0000000008000ca0                DMA1_Channel6_IRQHandler
                0x0000000008000ca0                UART4_IRQHandler
                0x0000000008000ca0                TIM3_IRQHandler
                0x0000000008000ca0                RCC_IRQHandler
                0x0000000008000ca0                DMA1_Channel1_IRQHandler
                0x0000000008000ca0                Default_Handler
                0x0000000008000ca0                DMA2_Channel7_IRQHandler
                0x0000000008000ca0                EXTI15_10_IRQHandler
                0x0000000008000ca0                TIM7_IRQHandler
                0x0000000008000ca0                CAN2_TX_IRQHandler
                0x0000000008000ca0                TIM5_IRQHandler
                0x0000000008000ca0                I2C3_EV_IRQHandler
                0x0000000008000ca0                EXTI9_5_IRQHandler
                0x0000000008000ca0                RTC_WKUP_IRQHandler
                0x0000000008000ca0                PVD_PVM_IRQHandler
                0x0000000008000ca0                SPI2_IRQHandler
                0x0000000008000ca0                CAN1_TX_IRQHandler
                0x0000000008000ca0                CRS_IRQHandler
                0x0000000008000ca0                EXTI4_IRQHandler
                0x0000000008000ca0                RNG_IRQHandler
                0x0000000008000ca0                TIM1_TRG_COM_TIM17_IRQHandler
                0x0000000008000ca0                DMA1_Channel3_IRQHandler
                0x0000000008000ca0                COMP_IRQHandler
                0x0000000008000ca0                WWDG_IRQHandler
                0x0000000008000ca0                I2C4_EV_IRQHandler
                0x0000000008000ca0                LPUART1_IRQHandler
                0x0000000008000ca0                DMA2_Channel6_IRQHandler
                0x0000000008000ca0                TIM2_IRQHandler
                0x0000000008000ca0                EXTI1_IRQHandler
                0x0000000008000ca0                USART2_IRQHandler
                0x0000000008000ca0                DFSDM1_FLT0_IRQHandler
                0x0000000008000ca0                I2C2_ER_IRQHandler
                0x0000000008000ca0                DMA1_Channel2_IRQHandler
                0x0000000008000ca0                TIM8_BRK_IRQHandler
                0x0000000008000ca0                CAN1_SCE_IRQHandler
                0x0000000008000ca0                FLASH_IRQHandler
                0x0000000008000ca0                USART1_IRQHandler
                0x0000000008000ca0                OTG_FS_IRQHandler
                0x0000000008000ca0                SPI3_IRQHandler
                0x0000000008000ca0                I2C1_ER_IRQHandler
                0x0000000008000ca0                FMC_IRQHandler
                0x0000000008000ca0                SWPMI1_IRQHandler
                0x0000000008000ca0                LPTIM1_IRQHandler
                0x0000000008000ca0                I2C4_ER_IRQHandler
                0x0000000008000ca0                SAI1_IRQHandler
                0x0000000008000ca0                DMA2_Channel3_IRQHandler
                0x0000000008000ca0                RTC_Alarm_IRQHandler
 *fill*         0x0000000008000ca2        0x2 
 .text.mfxstm32l152_Init
                0x0000000008000ca4       0x5c ./Drivers/BSP/Components/mfxstm32l152.o
                0x0000000008000ca4                mfxstm32l152_Init
 .text.mfxstm32l152_DeInit
                0x0000000008000d00       0x28 ./Drivers/BSP/Components/mfxstm32l152.o
                0x0000000008000d00                mfxstm32l152_DeInit
 .text.mfxstm32l152_Reset
                0x0000000008000d28       0x24 ./Drivers/BSP/Components/mfxstm32l152.o
                0x0000000008000d28                mfxstm32l152_Reset
 .text.mfxstm32l152_LowPower
                0x0000000008000d4c       0x22 ./Drivers/BSP/Components/mfxstm32l152.o
                0x0000000008000d4c                mfxstm32l152_LowPower
 .text.mfxstm32l152_WakeUp
                0x0000000008000d6e       0x2c ./Drivers/BSP/Components/mfxstm32l152.o
                0x0000000008000d6e                mfxstm32l152_WakeUp
 .text.mfxstm32l152_ReadID
                0x0000000008000d9a       0x2e ./Drivers/BSP/Components/mfxstm32l152.o
                0x0000000008000d9a                mfxstm32l152_ReadID
 .text.mfxstm32l152_EnableITSource
                0x0000000008000dc8       0x3e ./Drivers/BSP/Components/mfxstm32l152.o
                0x0000000008000dc8                mfxstm32l152_EnableITSource
 .text.mfxstm32l152_DisableITSource
                0x0000000008000e06       0x48 ./Drivers/BSP/Components/mfxstm32l152.o
                0x0000000008000e06                mfxstm32l152_DisableITSource
 .text.mfxstm32l152_GlobalITStatus
                0x0000000008000e4e       0x2c ./Drivers/BSP/Components/mfxstm32l152.o
                0x0000000008000e4e                mfxstm32l152_GlobalITStatus
 .text.mfxstm32l152_ClearGlobalIT
                0x0000000008000e7a       0x24 ./Drivers/BSP/Components/mfxstm32l152.o
                0x0000000008000e7a                mfxstm32l152_ClearGlobalIT
 .text.mfxstm32l152_SetIrqOutPinPolarity
                0x0000000008000e9e       0x4c ./Drivers/BSP/Components/mfxstm32l152.o
                0x0000000008000e9e                mfxstm32l152_SetIrqOutPinPolarity
 .text.mfxstm32l152_SetIrqOutPinType
                0x0000000008000eea       0x4c ./Drivers/BSP/Components/mfxstm32l152.o
                0x0000000008000eea                mfxstm32l152_SetIrqOutPinType
 .text.mfxstm32l152_IO_Start
                0x0000000008000f36       0x56 ./Drivers/BSP/Components/mfxstm32l152.o
                0x0000000008000f36                mfxstm32l152_IO_Start
 .text.mfxstm32l152_IO_Config
                0x0000000008000f8c      0x5d4 ./Drivers/BSP/Components/mfxstm32l152.o
                0x0000000008000f8c                mfxstm32l152_IO_Config
 .text.mfxstm32l152_IO_InitPin
                0x0000000008001560       0x24 ./Drivers/BSP/Components/mfxstm32l152.o
                0x0000000008001560                mfxstm32l152_IO_InitPin
 .text.mfxstm32l152_IO_SetIrqEvtMode
                0x0000000008001584       0x2a ./Drivers/BSP/Components/mfxstm32l152.o
                0x0000000008001584                mfxstm32l152_IO_SetIrqEvtMode
 .text.mfxstm32l152_IO_SetIrqTypeMode
                0x00000000080015ae       0x2a ./Drivers/BSP/Components/mfxstm32l152.o
                0x00000000080015ae                mfxstm32l152_IO_SetIrqTypeMode
 .text.mfxstm32l152_IO_WritePin
                0x00000000080015d8       0x38 ./Drivers/BSP/Components/mfxstm32l152.o
                0x00000000080015d8                mfxstm32l152_IO_WritePin
 .text.mfxstm32l152_IO_ReadPin
                0x0000000008001610       0x7c ./Drivers/BSP/Components/mfxstm32l152.o
                0x0000000008001610                mfxstm32l152_IO_ReadPin
 .text.mfxstm32l152_IO_EnableIT
                0x000000000800168c       0x20 ./Drivers/BSP/Components/mfxstm32l152.o
                0x000000000800168c                mfxstm32l152_IO_EnableIT
 .text.mfxstm32l152_IO_DisableIT
                0x00000000080016ac       0x1c ./Drivers/BSP/Components/mfxstm32l152.o
                0x00000000080016ac                mfxstm32l152_IO_DisableIT
 .text.mfxstm32l152_IO_EnablePinIT
                0x00000000080016c8       0x20 ./Drivers/BSP/Components/mfxstm32l152.o
                0x00000000080016c8                mfxstm32l152_IO_EnablePinIT
 .text.mfxstm32l152_IO_DisablePinIT
                0x00000000080016e8       0x20 ./Drivers/BSP/Components/mfxstm32l152.o
                0x00000000080016e8                mfxstm32l152_IO_DisablePinIT
 .text.mfxstm32l152_IO_ITStatus
                0x0000000008001708       0x82 ./Drivers/BSP/Components/mfxstm32l152.o
                0x0000000008001708                mfxstm32l152_IO_ITStatus
 .text.mfxstm32l152_IO_ClearIT
                0x000000000800178a       0x5a ./Drivers/BSP/Components/mfxstm32l152.o
                0x000000000800178a                mfxstm32l152_IO_ClearIT
 .text.mfxstm32l152_IDD_Start
                0x00000000080017e4       0x40 ./Drivers/BSP/Components/mfxstm32l152.o
                0x00000000080017e4                mfxstm32l152_IDD_Start
 .text.mfxstm32l152_IDD_Config
                0x0000000008001824      0x2ca ./Drivers/BSP/Components/mfxstm32l152.o
                0x0000000008001824                mfxstm32l152_IDD_Config
 .text.mfxstm32l152_IDD_GetValue
                0x0000000008001aee       0x3a ./Drivers/BSP/Components/mfxstm32l152.o
                0x0000000008001aee                mfxstm32l152_IDD_GetValue
 .text.mfxstm32l152_IDD_EnableIT
                0x0000000008001b28       0x20 ./Drivers/BSP/Components/mfxstm32l152.o
                0x0000000008001b28                mfxstm32l152_IDD_EnableIT
 .text.mfxstm32l152_IDD_ClearIT
                0x0000000008001b48       0x1c ./Drivers/BSP/Components/mfxstm32l152.o
                0x0000000008001b48                mfxstm32l152_IDD_ClearIT
 .text.mfxstm32l152_IDD_GetITStatus
                0x0000000008001b64       0x1e ./Drivers/BSP/Components/mfxstm32l152.o
                0x0000000008001b64                mfxstm32l152_IDD_GetITStatus
 .text.mfxstm32l152_IDD_DisableIT
                0x0000000008001b82       0x1c ./Drivers/BSP/Components/mfxstm32l152.o
                0x0000000008001b82                mfxstm32l152_IDD_DisableIT
 .text.mfxstm32l152_Error_ReadSrc
                0x0000000008001b9e       0x22 ./Drivers/BSP/Components/mfxstm32l152.o
                0x0000000008001b9e                mfxstm32l152_Error_ReadSrc
 .text.mfxstm32l152_Error_ReadMsg
                0x0000000008001bc0       0x22 ./Drivers/BSP/Components/mfxstm32l152.o
                0x0000000008001bc0                mfxstm32l152_Error_ReadMsg
 .text.mfxstm32l152_Error_EnableIT
                0x0000000008001be2       0x20 ./Drivers/BSP/Components/mfxstm32l152.o
                0x0000000008001be2                mfxstm32l152_Error_EnableIT
 .text.mfxstm32l152_Error_ClearIT
                0x0000000008001c02       0x1c ./Drivers/BSP/Components/mfxstm32l152.o
                0x0000000008001c02                mfxstm32l152_Error_ClearIT
 .text.mfxstm32l152_Error_GetITStatus
                0x0000000008001c1e       0x1e ./Drivers/BSP/Components/mfxstm32l152.o
                0x0000000008001c1e                mfxstm32l152_Error_GetITStatus
 .text.mfxstm32l152_Error_DisableIT
                0x0000000008001c3c       0x1c ./Drivers/BSP/Components/mfxstm32l152.o
                0x0000000008001c3c                mfxstm32l152_Error_DisableIT
 .text.mfxstm32l152_GetInstance
                0x0000000008001c58       0x40 ./Drivers/BSP/Components/mfxstm32l152.o
 .text.mfxstm32l152_ReleaseInstance
                0x0000000008001c98       0x48 ./Drivers/BSP/Components/mfxstm32l152.o
 .text.mfxstm32l152_reg24_setPinValue
                0x0000000008001ce0      0x10e ./Drivers/BSP/Components/mfxstm32l152.o
 .text.BSP_ErrorHandler
                0x0000000008001dee        0x6 ./Drivers/BSP/STM32L496G-Discovery/stm32l496g_discovery.o
                0x0000000008001dee                BSP_ErrorHandler
 .text.BSP_LED_Init
                0x0000000008001df4       0x9c ./Drivers/BSP/STM32L496G-Discovery/stm32l496g_discovery.o
                0x0000000008001df4                BSP_LED_Init
 .text.BSP_LED_On
                0x0000000008001e90       0x44 ./Drivers/BSP/STM32L496G-Discovery/stm32l496g_discovery.o
                0x0000000008001e90                BSP_LED_On
 .text.BSP_LED_Off
                0x0000000008001ed4       0x44 ./Drivers/BSP/STM32L496G-Discovery/stm32l496g_discovery.o
                0x0000000008001ed4                BSP_LED_Off
 .text.I2C2_Init
                0x0000000008001f18       0x5c ./Drivers/BSP/STM32L496G-Discovery/stm32l496g_discovery.o
                0x0000000008001f18                I2C2_Init
 .text.I2C2_MspInit
                0x0000000008001f74       0xfc ./Drivers/BSP/STM32L496G-Discovery/stm32l496g_discovery.o
 .text.I2C2_DeInit
                0x0000000008002070       0x24 ./Drivers/BSP/STM32L496G-Discovery/stm32l496g_discovery.o
                0x0000000008002070                I2C2_DeInit
 .text.I2C2_MspDeInit
                0x0000000008002094       0x9c ./Drivers/BSP/STM32L496G-Discovery/stm32l496g_discovery.o
 .text.I2C2_WriteData
                0x0000000008002130       0x64 ./Drivers/BSP/STM32L496G-Discovery/stm32l496g_discovery.o
 .text.I2C2_ReadData
                0x0000000008002194       0x68 ./Drivers/BSP/STM32L496G-Discovery/stm32l496g_discovery.o
 .text.I2C2_isDeviceReady
                0x00000000080021fc       0x4c ./Drivers/BSP/STM32L496G-Discovery/stm32l496g_discovery.o
 .text.I2C2_ReadBuffer
                0x0000000008002248       0x5c ./Drivers/BSP/STM32L496G-Discovery/stm32l496g_discovery.o
 .text.I2C2_Error
                0x00000000080022a4       0x1c ./Drivers/BSP/STM32L496G-Discovery/stm32l496g_discovery.o
 .text.MFX_IO_Init
                0x00000000080022c0       0x1e ./Drivers/BSP/STM32L496G-Discovery/stm32l496g_discovery.o
                0x00000000080022c0                MFX_IO_Init
 *fill*         0x00000000080022de        0x2 
 .text.MFX_IO_DeInit
                0x00000000080022e0       0x78 ./Drivers/BSP/STM32L496G-Discovery/stm32l496g_discovery.o
                0x00000000080022e0                MFX_IO_DeInit
 .text.MFX_IO_ITConfig
                0x0000000008002358       0x5c ./Drivers/BSP/STM32L496G-Discovery/stm32l496g_discovery.o
                0x0000000008002358                MFX_IO_ITConfig
 .text.MFX_IO_EnableWakeupPin
                0x00000000080023b4       0x48 ./Drivers/BSP/STM32L496G-Discovery/stm32l496g_discovery.o
                0x00000000080023b4                MFX_IO_EnableWakeupPin
 .text.MFX_IO_Wakeup
                0x00000000080023fc       0x28 ./Drivers/BSP/STM32L496G-Discovery/stm32l496g_discovery.o
                0x00000000080023fc                MFX_IO_Wakeup
 .text.MFX_IO_Write
                0x0000000008002424       0x28 ./Drivers/BSP/STM32L496G-Discovery/stm32l496g_discovery.o
                0x0000000008002424                MFX_IO_Write
 .text.MFX_IO_Read
                0x000000000800244c       0x28 ./Drivers/BSP/STM32L496G-Discovery/stm32l496g_discovery.o
                0x000000000800244c                MFX_IO_Read
 .text.MFX_IO_ReadMultiple
                0x0000000008002474       0x34 ./Drivers/BSP/STM32L496G-Discovery/stm32l496g_discovery.o
                0x0000000008002474                MFX_IO_ReadMultiple
 .text.MFX_IO_Delay
                0x00000000080024a8       0x16 ./Drivers/BSP/STM32L496G-Discovery/stm32l496g_discovery.o
                0x00000000080024a8                MFX_IO_Delay
 *fill*         0x00000000080024be        0x2 
 .text.BSP_IO_Init
                0x00000000080024c0       0x88 ./Drivers/BSP/STM32L496G-Discovery/stm32l496g_discovery_io.o
                0x00000000080024c0                BSP_IO_Init
 .text.BSP_IO_ConfigPin
                0x0000000008002548       0x38 ./Drivers/BSP/STM32L496G-Discovery/stm32l496g_discovery_io.o
                0x0000000008002548                BSP_IO_ConfigPin
 .text.BSP_IO_WritePin
                0x0000000008002580       0x38 ./Drivers/BSP/STM32L496G-Discovery/stm32l496g_discovery_io.o
                0x0000000008002580                BSP_IO_WritePin
 .text.BSP_IO_ReadPin
                0x00000000080025b8       0x40 ./Drivers/BSP/STM32L496G-Discovery/stm32l496g_discovery_io.o
                0x00000000080025b8                BSP_IO_ReadPin
 .text.BSP_SD_Init
                0x00000000080025f8       0x94 ./Drivers/BSP/STM32L496G-Discovery/stm32l496g_discovery_sd.o
                0x00000000080025f8                BSP_SD_Init
 .text.BSP_SD_IsDetected
                0x000000000800268c       0x28 ./Drivers/BSP/STM32L496G-Discovery/stm32l496g_discovery_sd.o
                0x000000000800268c                BSP_SD_IsDetected
 .text.BSP_SD_ReadBlocks_DMA
                0x00000000080026b4       0x50 ./Drivers/BSP/STM32L496G-Discovery/stm32l496g_discovery_sd.o
                0x00000000080026b4                BSP_SD_ReadBlocks_DMA
 .text.BSP_SD_WriteBlocks_DMA
                0x0000000008002704       0x50 ./Drivers/BSP/STM32L496G-Discovery/stm32l496g_discovery_sd.o
                0x0000000008002704                BSP_SD_WriteBlocks_DMA
 .text.BSP_SD_GetCardState
                0x0000000008002754       0x3c ./Drivers/BSP/STM32L496G-Discovery/stm32l496g_discovery_sd.o
                0x0000000008002754                BSP_SD_GetCardState
 .text.BSP_SD_GetCardInfo
                0x0000000008002790       0x1c ./Drivers/BSP/STM32L496G-Discovery/stm32l496g_discovery_sd.o
                0x0000000008002790                BSP_SD_GetCardInfo
 .text.BSP_SD_MspInit
                0x00000000080027ac      0x114 ./Drivers/BSP/STM32L496G-Discovery/stm32l496g_discovery_sd.o
                0x00000000080027ac                BSP_SD_MspInit
 .text.BSP_SD_AbortCallback
                0x00000000080028c0        0xe ./Drivers/BSP/STM32L496G-Discovery/stm32l496g_discovery_sd.o
                0x00000000080028c0                BSP_SD_AbortCallback
 .text.HAL_SD_AbortCallback
                0x00000000080028ce       0x14 ./Drivers/BSP/STM32L496G-Discovery/stm32l496g_discovery_sd.o
                0x00000000080028ce                HAL_SD_AbortCallback
 .text.HAL_SD_TxCpltCallback
                0x00000000080028e2       0x14 ./Drivers/BSP/STM32L496G-Discovery/stm32l496g_discovery_sd.o
                0x00000000080028e2                HAL_SD_TxCpltCallback
 .text.HAL_SD_RxCpltCallback
                0x00000000080028f6       0x14 ./Drivers/BSP/STM32L496G-Discovery/stm32l496g_discovery_sd.o
                0x00000000080028f6                HAL_SD_RxCpltCallback
 .text.SD_Detect_MspInit
                0x000000000800290a       0x20 ./Drivers/BSP/STM32L496G-Discovery/stm32l496g_discovery_sd.o
 *fill*         0x000000000800292a        0x2 
 .text.SD_DMAConfigRx
                0x000000000800292c       0x88 ./Drivers/BSP/STM32L496G-Discovery/stm32l496g_discovery_sd.o
 .text.SD_DMAConfigTx
                0x00000000080029b4       0x84 ./Drivers/BSP/STM32L496G-Discovery/stm32l496g_discovery_sd.o
 .text.HAL_Init
                0x0000000008002a38       0x30 ./Drivers/STM32L4xx_HAL_Driver/Src/stm32l4xx_hal.o
                0x0000000008002a38                HAL_Init
 .text.HAL_InitTick
                0x0000000008002a68       0x78 ./Drivers/STM32L4xx_HAL_Driver/Src/stm32l4xx_hal.o
                0x0000000008002a68                HAL_InitTick
 .text.HAL_IncTick
                0x0000000008002ae0       0x28 ./Drivers/STM32L4xx_HAL_Driver/Src/stm32l4xx_hal.o
                0x0000000008002ae0                HAL_IncTick
 .text.HAL_GetTick
                0x0000000008002b08       0x18 ./Drivers/STM32L4xx_HAL_Driver/Src/stm32l4xx_hal.o
                0x0000000008002b08                HAL_GetTick
 .text.HAL_Delay
                0x0000000008002b20       0x48 ./Drivers/STM32L4xx_HAL_Driver/Src/stm32l4xx_hal.o
                0x0000000008002b20                HAL_Delay
 .text.__NVIC_SetPriorityGrouping
                0x0000000008002b68       0x48 ./Drivers/STM32L4xx_HAL_Driver/Src/stm32l4xx_hal_cortex.o
 .text.__NVIC_GetPriorityGrouping
                0x0000000008002bb0       0x1c ./Drivers/STM32L4xx_HAL_Driver/Src/stm32l4xx_hal_cortex.o
 .text.__NVIC_EnableIRQ
                0x0000000008002bcc       0x3c ./Drivers/STM32L4xx_HAL_Driver/Src/stm32l4xx_hal_cortex.o
 .text.__NVIC_DisableIRQ
                0x0000000008002c08       0x48 ./Drivers/STM32L4xx_HAL_Driver/Src/stm32l4xx_hal_cortex.o
 .text.__NVIC_SetPriority
                0x0000000008002c50       0x54 ./Drivers/STM32L4xx_HAL_Driver/Src/stm32l4xx_hal_cortex.o
 .text.NVIC_EncodePriority
                0x0000000008002ca4       0x66 ./Drivers/STM32L4xx_HAL_Driver/Src/stm32l4xx_hal_cortex.o
 *fill*         0x0000000008002d0a        0x2 
 .text.SysTick_Config
                0x0000000008002d0c       0x44 ./Drivers/STM32L4xx_HAL_Driver/Src/stm32l4xx_hal_cortex.o
 .text.HAL_NVIC_SetPriorityGrouping
                0x0000000008002d50       0x16 ./Drivers/STM32L4xx_HAL_Driver/Src/stm32l4xx_hal_cortex.o
                0x0000000008002d50                HAL_NVIC_SetPriorityGrouping
 .text.HAL_NVIC_SetPriority
                0x0000000008002d66       0x38 ./Drivers/STM32L4xx_HAL_Driver/Src/stm32l4xx_hal_cortex.o
                0x0000000008002d66                HAL_NVIC_SetPriority
 .text.HAL_NVIC_EnableIRQ
                0x0000000008002d9e       0x1c ./Drivers/STM32L4xx_HAL_Driver/Src/stm32l4xx_hal_cortex.o
                0x0000000008002d9e                HAL_NVIC_EnableIRQ
 .text.HAL_NVIC_DisableIRQ
                0x0000000008002dba       0x1c ./Drivers/STM32L4xx_HAL_Driver/Src/stm32l4xx_hal_cortex.o
                0x0000000008002dba                HAL_NVIC_DisableIRQ
 .text.HAL_SYSTICK_Config
                0x0000000008002dd6       0x18 ./Drivers/STM32L4xx_HAL_Driver/Src/stm32l4xx_hal_cortex.o
                0x0000000008002dd6                HAL_SYSTICK_Config
 *fill*         0x0000000008002dee        0x2 
 .text.HAL_DMA_Init
                0x0000000008002df0      0x170 ./Drivers/STM32L4xx_HAL_Driver/Src/stm32l4xx_hal_dma.o
                0x0000000008002df0                HAL_DMA_Init
 .text.HAL_DMA_DeInit
                0x0000000008002f60      0x124 ./Drivers/STM32L4xx_HAL_Driver/Src/stm32l4xx_hal_dma.o
                0x0000000008002f60                HAL_DMA_DeInit
 .text.HAL_DMA_Start_IT
                0x0000000008003084       0xc0 ./Drivers/STM32L4xx_HAL_Driver/Src/stm32l4xx_hal_dma.o
                0x0000000008003084                HAL_DMA_Start_IT
 .text.HAL_DMA_Abort
                0x0000000008003144       0x7c ./Drivers/STM32L4xx_HAL_Driver/Src/stm32l4xx_hal_dma.o
                0x0000000008003144                HAL_DMA_Abort
 .text.HAL_DMA_Abort_IT
                0x00000000080031c0       0x82 ./Drivers/STM32L4xx_HAL_Driver/Src/stm32l4xx_hal_dma.o
                0x00000000080031c0                HAL_DMA_Abort_IT
 .text.HAL_DMA_IRQHandler
                0x0000000008003242      0x15e ./Drivers/STM32L4xx_HAL_Driver/Src/stm32l4xx_hal_dma.o
                0x0000000008003242                HAL_DMA_IRQHandler
 .text.DMA_SetConfig
                0x00000000080033a0       0x60 ./Drivers/STM32L4xx_HAL_Driver/Src/stm32l4xx_hal_dma.o
 .text.HAL_GPIO_Init
                0x0000000008003400      0x324 ./Drivers/STM32L4xx_HAL_Driver/Src/stm32l4xx_hal_gpio.o
                0x0000000008003400                HAL_GPIO_Init
 .text.HAL_GPIO_DeInit
                0x0000000008003724      0x1e4 ./Drivers/STM32L4xx_HAL_Driver/Src/stm32l4xx_hal_gpio.o
                0x0000000008003724                HAL_GPIO_DeInit
 .text.HAL_GPIO_WritePin
                0x0000000008003908       0x30 ./Drivers/STM32L4xx_HAL_Driver/Src/stm32l4xx_hal_gpio.o
                0x0000000008003908                HAL_GPIO_WritePin
 .text.HAL_I2C_Init
                0x0000000008003938      0x11e ./Drivers/STM32L4xx_HAL_Driver/Src/stm32l4xx_hal_i2c.o
                0x0000000008003938                HAL_I2C_Init
 .text.HAL_I2C_DeInit
                0x0000000008003a56       0x5e ./Drivers/STM32L4xx_HAL_Driver/Src/stm32l4xx_hal_i2c.o
                0x0000000008003a56                HAL_I2C_DeInit
 .text.HAL_I2C_Mem_Write
                0x0000000008003ab4      0x228 ./Drivers/STM32L4xx_HAL_Driver/Src/stm32l4xx_hal_i2c.o
                0x0000000008003ab4                HAL_I2C_Mem_Write
 .text.HAL_I2C_Mem_Read
                0x0000000008003cdc      0x234 ./Drivers/STM32L4xx_HAL_Driver/Src/stm32l4xx_hal_i2c.o
                0x0000000008003cdc                HAL_I2C_Mem_Read
 .text.HAL_I2C_IsDeviceReady
                0x0000000008003f10      0x20e ./Drivers/STM32L4xx_HAL_Driver/Src/stm32l4xx_hal_i2c.o
                0x0000000008003f10                HAL_I2C_IsDeviceReady
 .text.HAL_I2C_GetState
                0x000000000800411e       0x1c ./Drivers/STM32L4xx_HAL_Driver/Src/stm32l4xx_hal_i2c.o
                0x000000000800411e                HAL_I2C_GetState
 *fill*         0x000000000800413a        0x2 
 .text.I2C_RequestMemoryWrite
                0x000000000800413c       0xa8 ./Drivers/STM32L4xx_HAL_Driver/Src/stm32l4xx_hal_i2c.o
 .text.I2C_RequestMemoryRead
                0x00000000080041e4       0xa8 ./Drivers/STM32L4xx_HAL_Driver/Src/stm32l4xx_hal_i2c.o
 .text.I2C_Flush_TXDR
                0x000000000800428c       0x48 ./Drivers/STM32L4xx_HAL_Driver/Src/stm32l4xx_hal_i2c.o
 .text.I2C_WaitOnFlagUntilTimeout
                0x00000000080042d4       0x80 ./Drivers/STM32L4xx_HAL_Driver/Src/stm32l4xx_hal_i2c.o
 .text.I2C_WaitOnTXISFlagUntilTimeout
                0x0000000008004354       0x80 ./Drivers/STM32L4xx_HAL_Driver/Src/stm32l4xx_hal_i2c.o
 .text.I2C_WaitOnSTOPFlagUntilTimeout
                0x00000000080043d4       0x78 ./Drivers/STM32L4xx_HAL_Driver/Src/stm32l4xx_hal_i2c.o
 .text.I2C_IsErrorOccurred
                0x000000000800444c      0x1d8 ./Drivers/STM32L4xx_HAL_Driver/Src/stm32l4xx_hal_i2c.o
 .text.I2C_TransferConfig
                0x0000000008004624       0x64 ./Drivers/STM32L4xx_HAL_Driver/Src/stm32l4xx_hal_i2c.o
 .text.HAL_I2CEx_ConfigAnalogFilter
                0x0000000008004688       0x96 ./Drivers/STM32L4xx_HAL_Driver/Src/stm32l4xx_hal_i2c_ex.o
                0x0000000008004688                HAL_I2CEx_ConfigAnalogFilter
 .text.HAL_I2CEx_ConfigDigitalFilter
                0x000000000800471e       0x98 ./Drivers/STM32L4xx_HAL_Driver/Src/stm32l4xx_hal_i2c_ex.o
                0x000000000800471e                HAL_I2CEx_ConfigDigitalFilter
 *fill*         0x00000000080047b6        0x2 
 .text.HAL_PWREx_GetVoltageRange
                0x00000000080047b8       0x1c ./Drivers/STM32L4xx_HAL_Driver/Src/stm32l4xx_hal_pwr_ex.o
                0x00000000080047b8                HAL_PWREx_GetVoltageRange
 .text.HAL_PWREx_ControlVoltageScaling
                0x00000000080047d4       0xac ./Drivers/STM32L4xx_HAL_Driver/Src/stm32l4xx_hal_pwr_ex.o
                0x00000000080047d4                HAL_PWREx_ControlVoltageScaling
 .text.HAL_RCC_OscConfig
                0x0000000008004880      0x84c ./Drivers/STM32L4xx_HAL_Driver/Src/stm32l4xx_hal_rcc.o
                0x0000000008004880                HAL_RCC_OscConfig
 .text.HAL_RCC_ClockConfig
                0x00000000080050cc      0x1c4 ./Drivers/STM32L4xx_HAL_Driver/Src/stm32l4xx_hal_rcc.o
                0x00000000080050cc                HAL_RCC_ClockConfig
 .text.HAL_RCC_GetSysClockFreq
                0x0000000008005290      0x118 ./Drivers/STM32L4xx_HAL_Driver/Src/stm32l4xx_hal_rcc.o
                0x0000000008005290                HAL_RCC_GetSysClockFreq
 .text.HAL_RCC_GetHCLKFreq
                0x00000000080053a8       0x18 ./Drivers/STM32L4xx_HAL_Driver/Src/stm32l4xx_hal_rcc.o
                0x00000000080053a8                HAL_RCC_GetHCLKFreq
 .text.HAL_RCC_GetPCLK1Freq
                0x00000000080053c0       0x2c ./Drivers/STM32L4xx_HAL_Driver/Src/stm32l4xx_hal_rcc.o
                0x00000000080053c0                HAL_RCC_GetPCLK1Freq
 .text.HAL_RCC_GetPCLK2Freq
                0x00000000080053ec       0x2c ./Drivers/STM32L4xx_HAL_Driver/Src/stm32l4xx_hal_rcc.o
                0x00000000080053ec                HAL_RCC_GetPCLK2Freq
 .text.RCC_SetFlashLatencyFromMSIRange
                0x0000000008005418       0xc0 ./Drivers/STM32L4xx_HAL_Driver/Src/stm32l4xx_hal_rcc.o
 .text.HAL_RCCEx_PeriphCLKConfig
                0x00000000080054d8      0x5f8 ./Drivers/STM32L4xx_HAL_Driver/Src/stm32l4xx_hal_rcc_ex.o
                0x00000000080054d8                HAL_RCCEx_PeriphCLKConfig
 .text.HAL_RCCEx_GetPeriphCLKConfig
                0x0000000008005ad0      0x1f0 ./Drivers/STM32L4xx_HAL_Driver/Src/stm32l4xx_hal_rcc_ex.o
                0x0000000008005ad0                HAL_RCCEx_GetPeriphCLKConfig
 .text.HAL_RCCEx_GetPeriphCLKFreq
                0x0000000008005cc0      0xb74 ./Drivers/STM32L4xx_HAL_Driver/Src/stm32l4xx_hal_rcc_ex.o
                0x0000000008005cc0                HAL_RCCEx_GetPeriphCLKFreq
 .text.RCCEx_PLLSAI1_Config
                0x0000000008006834      0x1e4 ./Drivers/STM32L4xx_HAL_Driver/Src/stm32l4xx_hal_rcc_ex.o
 .text.RCCEx_PLLSAI2_Config
                0x0000000008006a18      0x1b8 ./Drivers/STM32L4xx_HAL_Driver/Src/stm32l4xx_hal_rcc_ex.o
 .text.RCCEx_GetSAIxPeriphCLKFreq
                0x0000000008006bd0      0x204 ./Drivers/STM32L4xx_HAL_Driver/Src/stm32l4xx_hal_rcc_ex.o
 .text.HAL_SD_Init
                0x0000000008006dd4       0x60 ./Drivers/STM32L4xx_HAL_Driver/Src/stm32l4xx_hal_sd.o
                0x0000000008006dd4                HAL_SD_Init
 .text.HAL_SD_InitCard
                0x0000000008006e34      0x14c ./Drivers/STM32L4xx_HAL_Driver/Src/stm32l4xx_hal_sd.o
                0x0000000008006e34                HAL_SD_InitCard
 .text.HAL_SD_ReadBlocks_DMA
                0x0000000008006f80      0x190 ./Drivers/STM32L4xx_HAL_Driver/Src/stm32l4xx_hal_sd.o
                0x0000000008006f80                HAL_SD_ReadBlocks_DMA
 .text.HAL_SD_WriteBlocks_DMA
                0x0000000008007110      0x198 ./Drivers/STM32L4xx_HAL_Driver/Src/stm32l4xx_hal_sd.o
                0x0000000008007110                HAL_SD_WriteBlocks_DMA
 .text.HAL_SD_IRQHandler
                0x00000000080072a8      0x2ec ./Drivers/STM32L4xx_HAL_Driver/Src/stm32l4xx_hal_sd.o
                0x00000000080072a8                HAL_SD_IRQHandler
 .text.HAL_SD_ErrorCallback
                0x0000000008007594       0x14 ./Drivers/STM32L4xx_HAL_Driver/Src/stm32l4xx_hal_sd.o
                0x0000000008007594                HAL_SD_ErrorCallback
 .text.HAL_SD_GetCardCSD
                0x00000000080075a8      0x348 ./Drivers/STM32L4xx_HAL_Driver/Src/stm32l4xx_hal_sd.o
                0x00000000080075a8                HAL_SD_GetCardCSD
 .text.HAL_SD_GetCardInfo
                0x00000000080078f0       0x58 ./Drivers/STM32L4xx_HAL_Driver/Src/stm32l4xx_hal_sd.o
                0x00000000080078f0                HAL_SD_GetCardInfo
 .text.HAL_SD_ConfigWideBusOperation
                0x0000000008007948      0x178 ./Drivers/STM32L4xx_HAL_Driver/Src/stm32l4xx_hal_sd.o
                0x0000000008007948                HAL_SD_ConfigWideBusOperation
 .text.HAL_SD_GetCardState
                0x0000000008007ac0       0x40 ./Drivers/STM32L4xx_HAL_Driver/Src/stm32l4xx_hal_sd.o
                0x0000000008007ac0                HAL_SD_GetCardState
 .text.SD_DMATransmitCplt
                0x0000000008007b00       0x2a ./Drivers/STM32L4xx_HAL_Driver/Src/stm32l4xx_hal_sd.o
 .text.SD_DMAReceiveCplt
                0x0000000008007b2a       0x70 ./Drivers/STM32L4xx_HAL_Driver/Src/stm32l4xx_hal_sd.o
 *fill*         0x0000000008007b9a        0x2 
 .text.SD_DMAError
                0x0000000008007b9c       0x98 ./Drivers/STM32L4xx_HAL_Driver/Src/stm32l4xx_hal_sd.o
 .text.SD_DMATxAbort
                0x0000000008007c34       0x6e ./Drivers/STM32L4xx_HAL_Driver/Src/stm32l4xx_hal_sd.o
 .text.SD_DMARxAbort
                0x0000000008007ca2       0x6e ./Drivers/STM32L4xx_HAL_Driver/Src/stm32l4xx_hal_sd.o
 .text.SD_InitCard
                0x0000000008007d10      0x198 ./Drivers/STM32L4xx_HAL_Driver/Src/stm32l4xx_hal_sd.o
 .text.SD_PowerON
                0x0000000008007ea8      0x11c ./Drivers/STM32L4xx_HAL_Driver/Src/stm32l4xx_hal_sd.o
 .text.SD_SendStatus
                0x0000000008007fc4       0x50 ./Drivers/STM32L4xx_HAL_Driver/Src/stm32l4xx_hal_sd.o
 .text.SD_WideBus_Enable
                0x0000000008008014       0x96 ./Drivers/STM32L4xx_HAL_Driver/Src/stm32l4xx_hal_sd.o
 .text.SD_WideBus_Disable
                0x00000000080080aa       0x96 ./Drivers/STM32L4xx_HAL_Driver/Src/stm32l4xx_hal_sd.o
 .text.SD_FindSCR
                0x0000000008008140      0x194 ./Drivers/STM32L4xx_HAL_Driver/Src/stm32l4xx_hal_sd.o
 .text.SD_Read_IT
                0x00000000080082d4       0xa2 ./Drivers/STM32L4xx_HAL_Driver/Src/stm32l4xx_hal_sd.o
 .text.SD_Write_IT
                0x0000000008008376       0xaa ./Drivers/STM32L4xx_HAL_Driver/Src/stm32l4xx_hal_sd.o
 .text.HAL_SRAM_Init
                0x0000000008008420       0x90 ./Drivers/STM32L4xx_HAL_Driver/Src/stm32l4xx_hal_sram.o
                0x0000000008008420                HAL_SRAM_Init
 .text.FMC_NORSRAM_Init
                0x00000000080084b0      0x120 ./Drivers/STM32L4xx_HAL_Driver/Src/stm32l4xx_ll_fmc.o
                0x00000000080084b0                FMC_NORSRAM_Init
 .text.FMC_NORSRAM_Timing_Init
                0x00000000080085d0       0xa0 ./Drivers/STM32L4xx_HAL_Driver/Src/stm32l4xx_ll_fmc.o
                0x00000000080085d0                FMC_NORSRAM_Timing_Init
 .text.FMC_NORSRAM_Extended_Timing_Init
                0x0000000008008670       0x70 ./Drivers/STM32L4xx_HAL_Driver/Src/stm32l4xx_ll_fmc.o
                0x0000000008008670                FMC_NORSRAM_Extended_Timing_Init
 .text.SDMMC_Init
                0x00000000080086e0       0x5a ./Drivers/STM32L4xx_HAL_Driver/Src/stm32l4xx_ll_sdmmc.o
                0x00000000080086e0                SDMMC_Init
 .text.SDMMC_ReadFIFO
                0x000000000800873a       0x1a ./Drivers/STM32L4xx_HAL_Driver/Src/stm32l4xx_ll_sdmmc.o
                0x000000000800873a                SDMMC_ReadFIFO
 .text.SDMMC_WriteFIFO
                0x0000000008008754       0x22 ./Drivers/STM32L4xx_HAL_Driver/Src/stm32l4xx_ll_sdmmc.o
                0x0000000008008754                SDMMC_WriteFIFO
 .text.SDMMC_PowerState_ON
                0x0000000008008776       0x1e ./Drivers/STM32L4xx_HAL_Driver/Src/stm32l4xx_ll_sdmmc.o
                0x0000000008008776                SDMMC_PowerState_ON
 .text.SDMMC_GetPowerState
                0x0000000008008794       0x1c ./Drivers/STM32L4xx_HAL_Driver/Src/stm32l4xx_ll_sdmmc.o
                0x0000000008008794                SDMMC_GetPowerState
 .text.SDMMC_SendCommand
                0x00000000080087b0       0x54 ./Drivers/STM32L4xx_HAL_Driver/Src/stm32l4xx_ll_sdmmc.o
                0x00000000080087b0                SDMMC_SendCommand
 .text.SDMMC_GetCommandResponse
                0x0000000008008804       0x1a ./Drivers/STM32L4xx_HAL_Driver/Src/stm32l4xx_ll_sdmmc.o
                0x0000000008008804                SDMMC_GetCommandResponse
 .text.SDMMC_GetResponse
                0x000000000800881e       0x26 ./Drivers/STM32L4xx_HAL_Driver/Src/stm32l4xx_ll_sdmmc.o
                0x000000000800881e                SDMMC_GetResponse
 .text.SDMMC_ConfigData
                0x0000000008008844       0x58 ./Drivers/STM32L4xx_HAL_Driver/Src/stm32l4xx_ll_sdmmc.o
                0x0000000008008844                SDMMC_ConfigData
 .text.SDMMC_CmdBlockLength
                0x000000000800889c       0x44 ./Drivers/STM32L4xx_HAL_Driver/Src/stm32l4xx_ll_sdmmc.o
                0x000000000800889c                SDMMC_CmdBlockLength
 .text.SDMMC_CmdReadSingleBlock
                0x00000000080088e0       0x44 ./Drivers/STM32L4xx_HAL_Driver/Src/stm32l4xx_ll_sdmmc.o
                0x00000000080088e0                SDMMC_CmdReadSingleBlock
 .text.SDMMC_CmdReadMultiBlock
                0x0000000008008924       0x44 ./Drivers/STM32L4xx_HAL_Driver/Src/stm32l4xx_ll_sdmmc.o
                0x0000000008008924                SDMMC_CmdReadMultiBlock
 .text.SDMMC_CmdWriteSingleBlock
                0x0000000008008968       0x44 ./Drivers/STM32L4xx_HAL_Driver/Src/stm32l4xx_ll_sdmmc.o
                0x0000000008008968                SDMMC_CmdWriteSingleBlock
 .text.SDMMC_CmdWriteMultiBlock
                0x00000000080089ac       0x44 ./Drivers/STM32L4xx_HAL_Driver/Src/stm32l4xx_ll_sdmmc.o
                0x00000000080089ac                SDMMC_CmdWriteMultiBlock
 .text.SDMMC_CmdStopTransfer
                0x00000000080089f0       0x44 ./Drivers/STM32L4xx_HAL_Driver/Src/stm32l4xx_ll_sdmmc.o
                0x00000000080089f0                SDMMC_CmdStopTransfer
 .text.SDMMC_CmdSelDesel
                0x0000000008008a34       0x46 ./Drivers/STM32L4xx_HAL_Driver/Src/stm32l4xx_ll_sdmmc.o
                0x0000000008008a34                SDMMC_CmdSelDesel
 .text.SDMMC_CmdGoIdleState
                0x0000000008008a7a       0x3c ./Drivers/STM32L4xx_HAL_Driver/Src/stm32l4xx_ll_sdmmc.o
                0x0000000008008a7a                SDMMC_CmdGoIdleState
 .text.SDMMC_CmdOperCond
                0x0000000008008ab6       0x3e ./Drivers/STM32L4xx_HAL_Driver/Src/stm32l4xx_ll_sdmmc.o
                0x0000000008008ab6                SDMMC_CmdOperCond
 .text.SDMMC_CmdAppCommand
                0x0000000008008af4       0x44 ./Drivers/STM32L4xx_HAL_Driver/Src/stm32l4xx_ll_sdmmc.o
                0x0000000008008af4                SDMMC_CmdAppCommand
 .text.SDMMC_CmdAppOperCommand
                0x0000000008008b38       0x46 ./Drivers/STM32L4xx_HAL_Driver/Src/stm32l4xx_ll_sdmmc.o
                0x0000000008008b38                SDMMC_CmdAppOperCommand
 .text.SDMMC_CmdBusWidth
                0x0000000008008b7e       0x44 ./Drivers/STM32L4xx_HAL_Driver/Src/stm32l4xx_ll_sdmmc.o
                0x0000000008008b7e                SDMMC_CmdBusWidth
 .text.SDMMC_CmdSendSCR
                0x0000000008008bc2       0x42 ./Drivers/STM32L4xx_HAL_Driver/Src/stm32l4xx_ll_sdmmc.o
                0x0000000008008bc2                SDMMC_CmdSendSCR
 .text.SDMMC_CmdSendCID
                0x0000000008008c04       0x3c ./Drivers/STM32L4xx_HAL_Driver/Src/stm32l4xx_ll_sdmmc.o
                0x0000000008008c04                SDMMC_CmdSendCID
 .text.SDMMC_CmdSendCSD
                0x0000000008008c40       0x3e ./Drivers/STM32L4xx_HAL_Driver/Src/stm32l4xx_ll_sdmmc.o
                0x0000000008008c40                SDMMC_CmdSendCSD
 .text.SDMMC_CmdSetRelAdd
                0x0000000008008c7e       0x42 ./Drivers/STM32L4xx_HAL_Driver/Src/stm32l4xx_ll_sdmmc.o
                0x0000000008008c7e                SDMMC_CmdSetRelAdd
 .text.SDMMC_CmdSendStatus
                0x0000000008008cc0       0x44 ./Drivers/STM32L4xx_HAL_Driver/Src/stm32l4xx_ll_sdmmc.o
                0x0000000008008cc0                SDMMC_CmdSendStatus
 .text.SDMMC_GetCmdResp1
                0x0000000008008d04      0x1dc ./Drivers/STM32L4xx_HAL_Driver/Src/stm32l4xx_ll_sdmmc.o
                0x0000000008008d04                SDMMC_GetCmdResp1
 .text.SDMMC_GetCmdResp2
                0x0000000008008ee0       0x90 ./Drivers/STM32L4xx_HAL_Driver/Src/stm32l4xx_ll_sdmmc.o
                0x0000000008008ee0                SDMMC_GetCmdResp2
 .text.SDMMC_GetCmdResp3
                0x0000000008008f70       0x7c ./Drivers/STM32L4xx_HAL_Driver/Src/stm32l4xx_ll_sdmmc.o
                0x0000000008008f70                SDMMC_GetCmdResp3
 .text.SDMMC_GetCmdResp6
                0x0000000008008fec       0xec ./Drivers/STM32L4xx_HAL_Driver/Src/stm32l4xx_ll_sdmmc.o
                0x0000000008008fec                SDMMC_GetCmdResp6
 .text.SDMMC_GetCmdResp7
                0x00000000080090d8       0x9c ./Drivers/STM32L4xx_HAL_Driver/Src/stm32l4xx_ll_sdmmc.o
                0x00000000080090d8                SDMMC_GetCmdResp7
 .text.SDMMC_GetCmdError
                0x0000000008009174       0x58 ./Drivers/STM32L4xx_HAL_Driver/Src/stm32l4xx_ll_sdmmc.o
 .text.MX_FATFS_Init
                0x00000000080091cc       0x24 ./FATFS/App/fatfs.o
                0x00000000080091cc                MX_FATFS_Init
 .text.SD_CheckStatusWithTimeout
                0x00000000080091f0       0x3a ./FATFS/Target/sd_diskio.o
 *fill*         0x000000000800922a        0x2 
 .text.SD_CheckStatus
                0x000000000800922c       0x3c ./FATFS/Target/sd_diskio.o
 .text.SD_initialize
                0x0000000008009268       0x38 ./FATFS/Target/sd_diskio.o
                0x0000000008009268                SD_initialize
 .text.SD_status
                0x00000000080092a0       0x1c ./FATFS/Target/sd_diskio.o
                0x00000000080092a0                SD_status
 .text.SD_read  0x00000000080092bc       0xac ./FATFS/Target/sd_diskio.o
                0x00000000080092bc                SD_read
 .text.SD_write
                0x0000000008009368       0xac ./FATFS/Target/sd_diskio.o
                0x0000000008009368                SD_write
 .text.SD_ioctl
                0x0000000008009414       0xb0 ./FATFS/Target/sd_diskio.o
                0x0000000008009414                SD_ioctl
 .text.BSP_SD_WriteCpltCallback
                0x00000000080094c4       0x18 ./FATFS/Target/sd_diskio.o
                0x00000000080094c4                BSP_SD_WriteCpltCallback
 .text.BSP_SD_ReadCpltCallback
                0x00000000080094dc       0x18 ./FATFS/Target/sd_diskio.o
                0x00000000080094dc                BSP_SD_ReadCpltCallback
 .text.FATFS_LinkDriverEx
                0x00000000080094f4       0x98 ./Middlewares/Third_Party/FatFs/src/ff_gen_drv.o
                0x00000000080094f4                FATFS_LinkDriverEx
 .text.FATFS_LinkDriver
                0x000000000800958c       0x1e ./Middlewares/Third_Party/FatFs/src/ff_gen_drv.o
                0x000000000800958c                FATFS_LinkDriver
 *fill*         0x00000000080095aa        0x2 
 .text.__libc_init_array
                0x00000000080095ac       0x48 /Applications/STM32CubeIDE.app/Contents/Eclipse/plugins/com.st.stm32cube.ide.mcu.externaltools.gnu-tools-for-stm32.9-2020-q2-update.macos64_2.0.0.202105311346/tools/bin/../lib/gcc/arm-none-eabi/9.3.1/../../../../arm-none-eabi/lib/thumb/v7e-m+fp/hard/libc_nano.a(lib_a-init.o)
                0x00000000080095ac                __libc_init_array
 .text.memset   0x00000000080095f4       0x10 /Applications/STM32CubeIDE.app/Contents/Eclipse/plugins/com.st.stm32cube.ide.mcu.externaltools.gnu-tools-for-stm32.9-2020-q2-update.macos64_2.0.0.202105311346/tools/bin/../lib/gcc/arm-none-eabi/9.3.1/../../../../arm-none-eabi/lib/thumb/v7e-m+fp/hard/libc_nano.a(lib_a-memset.o)
                0x00000000080095f4                memset
 *(.glue_7)
 .glue_7        0x0000000008009604        0x0 linker stubs
 *(.glue_7t)
 .glue_7t       0x0000000008009604        0x0 linker stubs
 *(.eh_frame)
 .eh_frame      0x0000000008009604        0x0 /Applications/STM32CubeIDE.app/Contents/Eclipse/plugins/com.st.stm32cube.ide.mcu.externaltools.gnu-tools-for-stm32.9-2020-q2-update.macos64_2.0.0.202105311346/tools/bin/../lib/gcc/arm-none-eabi/9.3.1/thumb/v7e-m+fp/hard/crtbegin.o
 *(.init)
 .init          0x0000000008009604        0x4 /Applications/STM32CubeIDE.app/Contents/Eclipse/plugins/com.st.stm32cube.ide.mcu.externaltools.gnu-tools-for-stm32.9-2020-q2-update.macos64_2.0.0.202105311346/tools/bin/../lib/gcc/arm-none-eabi/9.3.1/thumb/v7e-m+fp/hard/crti.o
                0x0000000008009604                _init
 .init          0x0000000008009608        0x8 /Applications/STM32CubeIDE.app/Contents/Eclipse/plugins/com.st.stm32cube.ide.mcu.externaltools.gnu-tools-for-stm32.9-2020-q2-update.macos64_2.0.0.202105311346/tools/bin/../lib/gcc/arm-none-eabi/9.3.1/thumb/v7e-m+fp/hard/crtn.o
 *(.fini)
 .fini          0x0000000008009610        0x4 /Applications/STM32CubeIDE.app/Contents/Eclipse/plugins/com.st.stm32cube.ide.mcu.externaltools.gnu-tools-for-stm32.9-2020-q2-update.macos64_2.0.0.202105311346/tools/bin/../lib/gcc/arm-none-eabi/9.3.1/thumb/v7e-m+fp/hard/crti.o
                0x0000000008009610                _fini
 .fini          0x0000000008009614        0x8 /Applications/STM32CubeIDE.app/Contents/Eclipse/plugins/com.st.stm32cube.ide.mcu.externaltools.gnu-tools-for-stm32.9-2020-q2-update.macos64_2.0.0.202105311346/tools/bin/../lib/gcc/arm-none-eabi/9.3.1/thumb/v7e-m+fp/hard/crtn.o
                0x000000000800961c                . = ALIGN (0x4)
                0x000000000800961c                _etext = .

.vfp11_veneer   0x000000000800961c        0x0
 .vfp11_veneer  0x000000000800961c        0x0 linker stubs

.v4_bx          0x000000000800961c        0x0
 .v4_bx         0x000000000800961c        0x0 linker stubs

.iplt           0x000000000800961c        0x0
 .iplt          0x000000000800961c        0x0 /Applications/STM32CubeIDE.app/Contents/Eclipse/plugins/com.st.stm32cube.ide.mcu.externaltools.gnu-tools-for-stm32.9-2020-q2-update.macos64_2.0.0.202105311346/tools/bin/../lib/gcc/arm-none-eabi/9.3.1/thumb/v7e-m+fp/hard/crtbegin.o

.rodata         0x000000000800961c       0x60
                0x000000000800961c                . = ALIGN (0x4)
 *(.rodata)
 *(.rodata*)
 .rodata.AHBPrescTable
                0x000000000800961c       0x10 ./Core/Src/system_stm32l4xx.o
                0x000000000800961c                AHBPrescTable
 .rodata.APBPrescTable
                0x000000000800962c        0x8 ./Core/Src/system_stm32l4xx.o
                0x000000000800962c                APBPrescTable
 .rodata.MSIRangeTable
                0x0000000008009634       0x30 ./Core/Src/system_stm32l4xx.o
                0x0000000008009634                MSIRangeTable
 .rodata.LED_PIN
                0x0000000008009664        0x4 ./Drivers/BSP/STM32L496G-Discovery/stm32l496g_discovery.o
                0x0000000008009664                LED_PIN
 .rodata.SD_Driver
                0x0000000008009668       0x14 ./FATFS/Target/sd_diskio.o
                0x0000000008009668                SD_Driver
                0x000000000800967c                . = ALIGN (0x4)

.rel.dyn        0x000000000800967c        0x0
 .rel.iplt      0x000000000800967c        0x0 /Applications/STM32CubeIDE.app/Contents/Eclipse/plugins/com.st.stm32cube.ide.mcu.externaltools.gnu-tools-for-stm32.9-2020-q2-update.macos64_2.0.0.202105311346/tools/bin/../lib/gcc/arm-none-eabi/9.3.1/thumb/v7e-m+fp/hard/crtbegin.o

.ARM.extab      0x000000000800967c        0x0
                0x000000000800967c                . = ALIGN (0x4)
 *(.ARM.extab* .gnu.linkonce.armextab.*)
                0x000000000800967c                . = ALIGN (0x4)

.ARM            0x000000000800967c        0x0
                0x000000000800967c                . = ALIGN (0x4)
                0x000000000800967c                __exidx_start = .
 *(.ARM.exidx*)
                0x000000000800967c                __exidx_end = .
                0x000000000800967c                . = ALIGN (0x4)

.preinit_array  0x000000000800967c        0x0
                0x000000000800967c                . = ALIGN (0x4)
                0x000000000800967c                PROVIDE (__preinit_array_start = .)
 *(.preinit_array*)
                0x000000000800967c                PROVIDE (__preinit_array_end = .)
                0x000000000800967c                . = ALIGN (0x4)

.init_array     0x000000000800967c        0x4
                0x000000000800967c                . = ALIGN (0x4)
                0x000000000800967c                PROVIDE (__init_array_start = .)
 *(SORT_BY_NAME(.init_array.*))
 *(.init_array*)
 .init_array    0x000000000800967c        0x4 /Applications/STM32CubeIDE.app/Contents/Eclipse/plugins/com.st.stm32cube.ide.mcu.externaltools.gnu-tools-for-stm32.9-2020-q2-update.macos64_2.0.0.202105311346/tools/bin/../lib/gcc/arm-none-eabi/9.3.1/thumb/v7e-m+fp/hard/crtbegin.o
                0x0000000008009680                PROVIDE (__init_array_end = .)
                0x0000000008009680                . = ALIGN (0x4)

.fini_array     0x0000000008009680        0x4
                0x0000000008009680                . = ALIGN (0x4)
                [!provide]                        PROVIDE (__fini_array_start = .)
 *(SORT_BY_NAME(.fini_array.*))
 *(.fini_array*)
 .fini_array    0x0000000008009680        0x4 /Applications/STM32CubeIDE.app/Contents/Eclipse/plugins/com.st.stm32cube.ide.mcu.externaltools.gnu-tools-for-stm32.9-2020-q2-update.macos64_2.0.0.202105311346/tools/bin/../lib/gcc/arm-none-eabi/9.3.1/thumb/v7e-m+fp/hard/crtbegin.o
                [!provide]                        PROVIDE (__fini_array_end = .)
                0x0000000008009684                . = ALIGN (0x4)
                0x0000000008009684                _sidata = LOADADDR (.data)

.data           0x0000000020000000       0x88 load address 0x0000000008009684
                0x0000000020000000                . = ALIGN (0x4)
                0x0000000020000000                _sdata = .
 *(.data)
 *(.data*)
 .data.SystemCoreClock
                0x0000000020000000        0x4 ./Core/Src/system_stm32l4xx.o
                0x0000000020000000                SystemCoreClock
 .data.mfxstm32l152_io_drv
                0x0000000020000004       0x2c ./Drivers/BSP/Components/mfxstm32l152.o
                0x0000000020000004                mfxstm32l152_io_drv
 .data.mfxstm32l152_idd_drv
                0x0000000020000030       0x4c ./Drivers/BSP/Components/mfxstm32l152.o
                0x0000000020000030                mfxstm32l152_idd_drv
 .data.I2c2Timeout
                0x000000002000007c        0x4 ./Drivers/BSP/STM32L496G-Discovery/stm32l496g_discovery.o
                0x000000002000007c                I2c2Timeout
 .data.uwTickPrio
                0x0000000020000080        0x4 ./Drivers/STM32L4xx_HAL_Driver/Src/stm32l4xx_hal.o
                0x0000000020000080                uwTickPrio
 .data.uwTickFreq
                0x0000000020000084        0x1 ./Drivers/STM32L4xx_HAL_Driver/Src/stm32l4xx_hal.o
                0x0000000020000084                uwTickFreq
 .data.Stat     0x0000000020000085        0x1 ./FATFS/Target/sd_diskio.o
 *(.RamFunc)
 *(.RamFunc*)
                0x0000000020000088                . = ALIGN (0x4)
 *fill*         0x0000000020000086        0x2 
                0x0000000020000088                _edata = .

.igot.plt       0x0000000020000088        0x0 load address 0x000000000800970c
 .igot.plt      0x0000000020000088        0x0 /Applications/STM32CubeIDE.app/Contents/Eclipse/plugins/com.st.stm32cube.ide.mcu.externaltools.gnu-tools-for-stm32.9-2020-q2-update.macos64_2.0.0.202105311346/tools/bin/../lib/gcc/arm-none-eabi/9.3.1/thumb/v7e-m+fp/hard/crtbegin.o
                0x0000000020000088                . = ALIGN (0x4)

.bss            0x0000000020000088      0xa4c load address 0x000000000800970c
                0x0000000020000088                _sbss = .
                0x0000000020000088                __bss_start__ = _sbss
 *(.bss)
 .bss           0x0000000020000088       0x1c /Applications/STM32CubeIDE.app/Contents/Eclipse/plugins/com.st.stm32cube.ide.mcu.externaltools.gnu-tools-for-stm32.9-2020-q2-update.macos64_2.0.0.202105311346/tools/bin/../lib/gcc/arm-none-eabi/9.3.1/thumb/v7e-m+fp/hard/crtbegin.o
 *(.bss*)
 .bss.Appli_state
                0x00000000200000a4        0x1 ./Core/Src/main.o
                0x00000000200000a4                Appli_state
 .bss.isInitialized
                0x00000000200000a5        0x1 ./Core/Src/main.o
 *fill*         0x00000000200000a6        0x2 
 .bss.FMC_Initialized
                0x00000000200000a8        0x4 ./Core/Src/stm32l4xx_hal_msp.o
 .bss.mfxstm32l152
                0x00000000200000ac        0x3 ./Drivers/BSP/Components/mfxstm32l152.o
                0x00000000200000ac                mfxstm32l152
 *fill*         0x00000000200000af        0x1 
 .bss.I2c2Handle
                0x00000000200000b0       0x4c ./Drivers/BSP/STM32L496G-Discovery/stm32l496g_discovery.o
 .bss.io1_driver
                0x00000000200000fc        0x4 ./Drivers/BSP/STM32L496G-Discovery/stm32l496g_discovery_io.o
 .bss.hdma_rx.9265
                0x0000000020000100       0x48 ./Drivers/BSP/STM32L496G-Discovery/stm32l496g_discovery_sd.o
 .bss.hdma_tx.9270
                0x0000000020000148       0x48 ./Drivers/BSP/STM32L496G-Discovery/stm32l496g_discovery_sd.o
 .bss.WriteStatus
                0x0000000020000190        0x4 ./FATFS/Target/sd_diskio.o
 .bss.ReadStatus
                0x0000000020000194        0x4 ./FATFS/Target/sd_diskio.o
 .bss.disk      0x0000000020000198        0xc ./Middlewares/Third_Party/FatFs/src/ff_gen_drv.o
                0x0000000020000198                disk
 *(COMMON)
 COMMON         0x00000000200001a4      0x440 ./Core/Src/main.o
                0x00000000200001a4                hi2c2
                0x00000000200001f0                hsd1
                0x0000000020000274                hsram1
                0x00000000200002c4                hdma_i2c2_rx
                0x000000002000030c                hdma_i2c2_tx
                0x0000000020000354                workBuffer
                0x0000000020000554                hdma_sdmmc1_rx
                0x000000002000059c                hdma_sdmmc1_tx
 COMMON         0x00000000200005e4       0x84 ./Drivers/BSP/STM32L496G-Discovery/stm32l496g_discovery_sd.o
                0x00000000200005e4                uSdHandle
 COMMON         0x0000000020000668        0x4 ./Drivers/STM32L4xx_HAL_Driver/Src/stm32l4xx_hal.o
                0x0000000020000668                uwTick
 COMMON         0x000000002000066c      0x468 ./FATFS/App/fatfs.o
                0x000000002000066c                retSD
                0x0000000020000670                SDPath
                0x0000000020000674                SDFile
                0x00000000200008a4                SDFatFS
                0x0000000020000ad4                . = ALIGN (0x4)
                0x0000000020000ad4                _ebss = .
                0x0000000020000ad4                __bss_end__ = _ebss

._user_heap_stack
                0x0000000020000ad4      0x604 load address 0x000000000800970c
                0x0000000020000ad8                . = ALIGN (0x8)
 *fill*         0x0000000020000ad4        0x4 
                [!provide]                        PROVIDE (end = .)
                0x0000000020000ad8                PROVIDE (_end = .)
                0x0000000020000cd8                . = (. + _Min_Heap_Size)
 *fill*         0x0000000020000ad8      0x200 
                0x00000000200010d8                . = (. + _Min_Stack_Size)
 *fill*         0x0000000020000cd8      0x400 
                0x00000000200010d8                . = ALIGN (0x8)

/DISCARD/
 libc.a(*)
 libm.a(*)
 libgcc.a(*)

.ARM.attributes
                0x0000000000000000       0x30
 *(.ARM.attributes)
 .ARM.attributes
                0x0000000000000000       0x1e /Applications/STM32CubeIDE.app/Contents/Eclipse/plugins/com.st.stm32cube.ide.mcu.externaltools.gnu-tools-for-stm32.9-2020-q2-update.macos64_2.0.0.202105311346/tools/bin/../lib/gcc/arm-none-eabi/9.3.1/thumb/v7e-m+fp/hard/crti.o
 .ARM.attributes
                0x000000000000001e       0x34 /Applications/STM32CubeIDE.app/Contents/Eclipse/plugins/com.st.stm32cube.ide.mcu.externaltools.gnu-tools-for-stm32.9-2020-q2-update.macos64_2.0.0.202105311346/tools/bin/../lib/gcc/arm-none-eabi/9.3.1/thumb/v7e-m+fp/hard/crtbegin.o
 .ARM.attributes
                0x0000000000000052       0x34 ./Core/Src/main.o
 .ARM.attributes
                0x0000000000000086       0x34 ./Core/Src/stm32l4xx_hal_msp.o
 .ARM.attributes
                0x00000000000000ba       0x34 ./Core/Src/stm32l4xx_it.o
 .ARM.attributes
                0x00000000000000ee       0x34 ./Core/Src/system_stm32l4xx.o
 .ARM.attributes
                0x0000000000000122       0x21 ./Core/Startup/startup_stm32l496agix.o
 .ARM.attributes
                0x0000000000000143       0x34 ./Drivers/BSP/Components/mfxstm32l152.o
 .ARM.attributes
                0x0000000000000177       0x34 ./Drivers/BSP/STM32L496G-Discovery/stm32l496g_discovery.o
 .ARM.attributes
                0x00000000000001ab       0x34 ./Drivers/BSP/STM32L496G-Discovery/stm32l496g_discovery_io.o
 .ARM.attributes
                0x00000000000001df       0x34 ./Drivers/BSP/STM32L496G-Discovery/stm32l496g_discovery_sd.o
 .ARM.attributes
                0x0000000000000213       0x34 ./Drivers/STM32L4xx_HAL_Driver/Src/stm32l4xx_hal.o
 .ARM.attributes
                0x0000000000000247       0x34 ./Drivers/STM32L4xx_HAL_Driver/Src/stm32l4xx_hal_cortex.o
 .ARM.attributes
                0x000000000000027b       0x34 ./Drivers/STM32L4xx_HAL_Driver/Src/stm32l4xx_hal_dma.o
 .ARM.attributes
                0x00000000000002af       0x34 ./Drivers/STM32L4xx_HAL_Driver/Src/stm32l4xx_hal_gpio.o
 .ARM.attributes
                0x00000000000002e3       0x34 ./Drivers/STM32L4xx_HAL_Driver/Src/stm32l4xx_hal_i2c.o
 .ARM.attributes
                0x0000000000000317       0x34 ./Drivers/STM32L4xx_HAL_Driver/Src/stm32l4xx_hal_i2c_ex.o
 .ARM.attributes
                0x000000000000034b       0x34 ./Drivers/STM32L4xx_HAL_Driver/Src/stm32l4xx_hal_pwr_ex.o
 .ARM.attributes
                0x000000000000037f       0x34 ./Drivers/STM32L4xx_HAL_Driver/Src/stm32l4xx_hal_rcc.o
 .ARM.attributes
                0x00000000000003b3       0x34 ./Drivers/STM32L4xx_HAL_Driver/Src/stm32l4xx_hal_rcc_ex.o
 .ARM.attributes
                0x00000000000003e7       0x34 ./Drivers/STM32L4xx_HAL_Driver/Src/stm32l4xx_hal_sd.o
 .ARM.attributes
                0x000000000000041b       0x34 ./Drivers/STM32L4xx_HAL_Driver/Src/stm32l4xx_hal_sram.o
 .ARM.attributes
                0x000000000000044f       0x34 ./Drivers/STM32L4xx_HAL_Driver/Src/stm32l4xx_ll_fmc.o
 .ARM.attributes
                0x0000000000000483       0x34 ./Drivers/STM32L4xx_HAL_Driver/Src/stm32l4xx_ll_sdmmc.o
 .ARM.attributes
                0x00000000000004b7       0x34 ./FATFS/App/fatfs.o
 .ARM.attributes
                0x00000000000004eb       0x34 ./FATFS/Target/sd_diskio.o
 .ARM.attributes
                0x000000000000051f       0x34 ./Middlewares/Third_Party/FatFs/src/ff_gen_drv.o
 .ARM.attributes
                0x0000000000000553       0x34 /Applications/STM32CubeIDE.app/Contents/Eclipse/plugins/com.st.stm32cube.ide.mcu.externaltools.gnu-tools-for-stm32.9-2020-q2-update.macos64_2.0.0.202105311346/tools/bin/../lib/gcc/arm-none-eabi/9.3.1/../../../../arm-none-eabi/lib/thumb/v7e-m+fp/hard/libc_nano.a(lib_a-init.o)
 .ARM.attributes
                0x0000000000000587       0x34 /Applications/STM32CubeIDE.app/Contents/Eclipse/plugins/com.st.stm32cube.ide.mcu.externaltools.gnu-tools-for-stm32.9-2020-q2-update.macos64_2.0.0.202105311346/tools/bin/../lib/gcc/arm-none-eabi/9.3.1/../../../../arm-none-eabi/lib/thumb/v7e-m+fp/hard/libc_nano.a(lib_a-memset.o)
 .ARM.attributes
                0x00000000000005bb       0x1e /Applications/STM32CubeIDE.app/Contents/Eclipse/plugins/com.st.stm32cube.ide.mcu.externaltools.gnu-tools-for-stm32.9-2020-q2-update.macos64_2.0.0.202105311346/tools/bin/../lib/gcc/arm-none-eabi/9.3.1/thumb/v7e-m+fp/hard/crtn.o
OUTPUT(SDcard-example.elf elf32-littlearm)
LOAD linker stubs
LOAD /Applications/STM32CubeIDE.app/Contents/Eclipse/plugins/com.st.stm32cube.ide.mcu.externaltools.gnu-tools-for-stm32.9-2020-q2-update.macos64_2.0.0.202105311346/tools/bin/../lib/gcc/arm-none-eabi/9.3.1/../../../../arm-none-eabi/lib/thumb/v7e-m+fp/hard/libc.a
LOAD /Applications/STM32CubeIDE.app/Contents/Eclipse/plugins/com.st.stm32cube.ide.mcu.externaltools.gnu-tools-for-stm32.9-2020-q2-update.macos64_2.0.0.202105311346/tools/bin/../lib/gcc/arm-none-eabi/9.3.1/../../../../arm-none-eabi/lib/thumb/v7e-m+fp/hard/libm.a
LOAD /Applications/STM32CubeIDE.app/Contents/Eclipse/plugins/com.st.stm32cube.ide.mcu.externaltools.gnu-tools-for-stm32.9-2020-q2-update.macos64_2.0.0.202105311346/tools/bin/../lib/gcc/arm-none-eabi/9.3.1/thumb/v7e-m+fp/hard/libgcc.a

.debug_info     0x0000000000000000    0x1e468
 .debug_info    0x0000000000000000     0x2a77 ./Core/Src/main.o
 .debug_info    0x0000000000002a77     0x1d88 ./Core/Src/stm32l4xx_hal_msp.o
 .debug_info    0x00000000000047ff      0xef4 ./Core/Src/stm32l4xx_it.o
 .debug_info    0x00000000000056f3      0x78e ./Core/Src/system_stm32l4xx.o
 .debug_info    0x0000000000005e81       0x22 ./Core/Startup/startup_stm32l496agix.o
 .debug_info    0x0000000000005ea3     0x137e ./Drivers/BSP/Components/mfxstm32l152.o
 .debug_info    0x0000000000007221     0x36bf ./Drivers/BSP/STM32L496G-Discovery/stm32l496g_discovery.o
 .debug_info    0x000000000000a8e0      0xa57 ./Drivers/BSP/STM32L496G-Discovery/stm32l496g_discovery_io.o
 .debug_info    0x000000000000b337     0x1bf1 ./Drivers/BSP/STM32L496G-Discovery/stm32l496g_discovery_sd.o
 .debug_info    0x000000000000cf28      0xd19 ./Drivers/STM32L4xx_HAL_Driver/Src/stm32l4xx_hal.o
 .debug_info    0x000000000000dc41     0x1064 ./Drivers/STM32L4xx_HAL_Driver/Src/stm32l4xx_hal_cortex.o
 .debug_info    0x000000000000eca5      0x973 ./Drivers/STM32L4xx_HAL_Driver/Src/stm32l4xx_hal_dma.o
 .debug_info    0x000000000000f618      0xa7a ./Drivers/STM32L4xx_HAL_Driver/Src/stm32l4xx_hal_gpio.o
 .debug_info    0x0000000000010092     0x236d ./Drivers/STM32L4xx_HAL_Driver/Src/stm32l4xx_hal_i2c.o
 .debug_info    0x00000000000123ff      0xc53 ./Drivers/STM32L4xx_HAL_Driver/Src/stm32l4xx_hal_i2c_ex.o
 .debug_info    0x0000000000013052      0xbf6 ./Drivers/STM32L4xx_HAL_Driver/Src/stm32l4xx_hal_pwr_ex.o
 .debug_info    0x0000000000013c48      0xe61 ./Drivers/STM32L4xx_HAL_Driver/Src/stm32l4xx_hal_rcc.o
 .debug_info    0x0000000000014aa9     0x12f5 ./Drivers/STM32L4xx_HAL_Driver/Src/stm32l4xx_hal_rcc_ex.o
 .debug_info    0x0000000000015d9e     0x1b54 ./Drivers/STM32L4xx_HAL_Driver/Src/stm32l4xx_hal_sd.o
 .debug_info    0x00000000000178f2      0xeb2 ./Drivers/STM32L4xx_HAL_Driver/Src/stm32l4xx_hal_sram.o
 .debug_info    0x00000000000187a4      0xa3a ./Drivers/STM32L4xx_HAL_Driver/Src/stm32l4xx_ll_fmc.o
 .debug_info    0x00000000000191de     0x1462 ./Drivers/STM32L4xx_HAL_Driver/Src/stm32l4xx_ll_sdmmc.o
 .debug_info    0x000000000001a640     0x150d ./FATFS/App/fatfs.o
 .debug_info    0x000000000001bb4d     0x153e ./FATFS/Target/sd_diskio.o
 .debug_info    0x000000000001d08b     0x13dd ./Middlewares/Third_Party/FatFs/src/ff_gen_drv.o

.debug_abbrev   0x0000000000000000     0x35e9
 .debug_abbrev  0x0000000000000000      0x2e7 ./Core/Src/main.o
 .debug_abbrev  0x00000000000002e7      0x252 ./Core/Src/stm32l4xx_hal_msp.o
 .debug_abbrev  0x0000000000000539      0x199 ./Core/Src/stm32l4xx_it.o
 .debug_abbrev  0x00000000000006d2      0x165 ./Core/Src/system_stm32l4xx.o
 .debug_abbrev  0x0000000000000837       0x12 ./Core/Startup/startup_stm32l496agix.o
 .debug_abbrev  0x0000000000000849      0x20d ./Drivers/BSP/Components/mfxstm32l152.o
 .debug_abbrev  0x0000000000000a56      0x3ab ./Drivers/BSP/STM32L496G-Discovery/stm32l496g_discovery.o
 .debug_abbrev  0x0000000000000e01      0x1b2 ./Drivers/BSP/STM32L496G-Discovery/stm32l496g_discovery_io.o
 .debug_abbrev  0x0000000000000fb3      0x2c8 ./Drivers/BSP/STM32L496G-Discovery/stm32l496g_discovery_sd.o
 .debug_abbrev  0x000000000000127b      0x227 ./Drivers/STM32L4xx_HAL_Driver/Src/stm32l4xx_hal.o
 .debug_abbrev  0x00000000000014a2      0x33c ./Drivers/STM32L4xx_HAL_Driver/Src/stm32l4xx_hal_cortex.o
 .debug_abbrev  0x00000000000017de      0x201 ./Drivers/STM32L4xx_HAL_Driver/Src/stm32l4xx_hal_dma.o
 .debug_abbrev  0x00000000000019df      0x1e8 ./Drivers/STM32L4xx_HAL_Driver/Src/stm32l4xx_hal_gpio.o
 .debug_abbrev  0x0000000000001bc7      0x256 ./Drivers/STM32L4xx_HAL_Driver/Src/stm32l4xx_hal_i2c.o
 .debug_abbrev  0x0000000000001e1d      0x1dd ./Drivers/STM32L4xx_HAL_Driver/Src/stm32l4xx_hal_i2c_ex.o
 .debug_abbrev  0x0000000000001ffa      0x1f3 ./Drivers/STM32L4xx_HAL_Driver/Src/stm32l4xx_hal_pwr_ex.o
 .debug_abbrev  0x00000000000021ed      0x275 ./Drivers/STM32L4xx_HAL_Driver/Src/stm32l4xx_hal_rcc.o
 .debug_abbrev  0x0000000000002462      0x268 ./Drivers/STM32L4xx_HAL_Driver/Src/stm32l4xx_hal_rcc_ex.o
 .debug_abbrev  0x00000000000026ca      0x26d ./Drivers/STM32L4xx_HAL_Driver/Src/stm32l4xx_hal_sd.o
 .debug_abbrev  0x0000000000002937      0x1f2 ./Drivers/STM32L4xx_HAL_Driver/Src/stm32l4xx_hal_sram.o
 .debug_abbrev  0x0000000000002b29      0x1ae ./Drivers/STM32L4xx_HAL_Driver/Src/stm32l4xx_ll_fmc.o
 .debug_abbrev  0x0000000000002cd7      0x1e1 ./Drivers/STM32L4xx_HAL_Driver/Src/stm32l4xx_ll_sdmmc.o
 .debug_abbrev  0x0000000000002eb8      0x209 ./FATFS/App/fatfs.o
 .debug_abbrev  0x00000000000030c1      0x2c0 ./FATFS/Target/sd_diskio.o
 .debug_abbrev  0x0000000000003381      0x268 ./Middlewares/Third_Party/FatFs/src/ff_gen_drv.o

.debug_aranges  0x0000000000000000     0x1478
 .debug_aranges
                0x0000000000000000       0x58 ./Core/Src/main.o
 .debug_aranges
                0x0000000000000058       0x60 ./Core/Src/stm32l4xx_hal_msp.o
 .debug_aranges
                0x00000000000000b8       0x88 ./Core/Src/stm32l4xx_it.o
 .debug_aranges
                0x0000000000000140       0x28 ./Core/Src/system_stm32l4xx.o
 .debug_aranges
                0x0000000000000168       0x28 ./Core/Startup/startup_stm32l496agix.o
 .debug_aranges
                0x0000000000000190      0x1d0 ./Drivers/BSP/Components/mfxstm32l152.o
 .debug_aranges
                0x0000000000000360      0x208 ./Drivers/BSP/STM32L496G-Discovery/stm32l496g_discovery.o
 .debug_aranges
                0x0000000000000568       0x50 ./Drivers/BSP/STM32L496G-Discovery/stm32l496g_discovery_io.o
 .debug_aranges
                0x00000000000005b8       0xe8 ./Drivers/BSP/STM32L496G-Discovery/stm32l496g_discovery_sd.o
 .debug_aranges
                0x00000000000006a0      0x130 ./Drivers/STM32L4xx_HAL_Driver/Src/stm32l4xx_hal.o
 .debug_aranges
                0x00000000000007d0      0x118 ./Drivers/STM32L4xx_HAL_Driver/Src/stm32l4xx_hal_cortex.o
 .debug_aranges
                0x00000000000008e8       0x80 ./Drivers/STM32L4xx_HAL_Driver/Src/stm32l4xx_hal_dma.o
 .debug_aranges
                0x0000000000000968       0x58 ./Drivers/STM32L4xx_HAL_Driver/Src/stm32l4xx_hal_gpio.o
 .debug_aranges
                0x00000000000009c0      0x290 ./Drivers/STM32L4xx_HAL_Driver/Src/stm32l4xx_hal_i2c.o
 .debug_aranges
                0x0000000000000c50       0x48 ./Drivers/STM32L4xx_HAL_Driver/Src/stm32l4xx_hal_i2c_ex.o
 .debug_aranges
                0x0000000000000c98      0x150 ./Drivers/STM32L4xx_HAL_Driver/Src/stm32l4xx_hal_pwr_ex.o
 .debug_aranges
                0x0000000000000de8       0x90 ./Drivers/STM32L4xx_HAL_Driver/Src/stm32l4xx_hal_rcc.o
 .debug_aranges
                0x0000000000000e78      0x108 ./Drivers/STM32L4xx_HAL_Driver/Src/stm32l4xx_hal_rcc_ex.o
 .debug_aranges
                0x0000000000000f80      0x168 ./Drivers/STM32L4xx_HAL_Driver/Src/stm32l4xx_hal_sd.o
 .debug_aranges
                0x00000000000010e8       0xb8 ./Drivers/STM32L4xx_HAL_Driver/Src/stm32l4xx_hal_sram.o
 .debug_aranges
                0x00000000000011a0       0x80 ./Drivers/STM32L4xx_HAL_Driver/Src/stm32l4xx_ll_fmc.o
 .debug_aranges
                0x0000000000001220      0x190 ./Drivers/STM32L4xx_HAL_Driver/Src/stm32l4xx_ll_sdmmc.o
 .debug_aranges
                0x00000000000013b0       0x28 ./FATFS/App/fatfs.o
 .debug_aranges
                0x00000000000013d8       0x60 ./FATFS/Target/sd_diskio.o
 .debug_aranges
                0x0000000000001438       0x40 ./Middlewares/Third_Party/FatFs/src/ff_gen_drv.o

.debug_ranges   0x0000000000000000     0x12f0
 .debug_ranges  0x0000000000000000       0x48 ./Core/Src/main.o
 .debug_ranges  0x0000000000000048       0x50 ./Core/Src/stm32l4xx_hal_msp.o
 .debug_ranges  0x0000000000000098       0x78 ./Core/Src/stm32l4xx_it.o
 .debug_ranges  0x0000000000000110       0x18 ./Core/Src/system_stm32l4xx.o
 .debug_ranges  0x0000000000000128       0x20 ./Core/Startup/startup_stm32l496agix.o
 .debug_ranges  0x0000000000000148      0x1c0 ./Drivers/BSP/Components/mfxstm32l152.o
 .debug_ranges  0x0000000000000308      0x1f8 ./Drivers/BSP/STM32L496G-Discovery/stm32l496g_discovery.o
 .debug_ranges  0x0000000000000500       0x40 ./Drivers/BSP/STM32L496G-Discovery/stm32l496g_discovery_io.o
 .debug_ranges  0x0000000000000540       0xd8 ./Drivers/BSP/STM32L496G-Discovery/stm32l496g_discovery_sd.o
 .debug_ranges  0x0000000000000618      0x120 ./Drivers/STM32L4xx_HAL_Driver/Src/stm32l4xx_hal.o
 .debug_ranges  0x0000000000000738      0x108 ./Drivers/STM32L4xx_HAL_Driver/Src/stm32l4xx_hal_cortex.o
 .debug_ranges  0x0000000000000840       0x70 ./Drivers/STM32L4xx_HAL_Driver/Src/stm32l4xx_hal_dma.o
 .debug_ranges  0x00000000000008b0       0x48 ./Drivers/STM32L4xx_HAL_Driver/Src/stm32l4xx_hal_gpio.o
 .debug_ranges  0x00000000000008f8      0x280 ./Drivers/STM32L4xx_HAL_Driver/Src/stm32l4xx_hal_i2c.o
 .debug_ranges  0x0000000000000b78       0x38 ./Drivers/STM32L4xx_HAL_Driver/Src/stm32l4xx_hal_i2c_ex.o
 .debug_ranges  0x0000000000000bb0      0x140 ./Drivers/STM32L4xx_HAL_Driver/Src/stm32l4xx_hal_pwr_ex.o
 .debug_ranges  0x0000000000000cf0       0x80 ./Drivers/STM32L4xx_HAL_Driver/Src/stm32l4xx_hal_rcc.o
 .debug_ranges  0x0000000000000d70       0xf8 ./Drivers/STM32L4xx_HAL_Driver/Src/stm32l4xx_hal_rcc_ex.o
 .debug_ranges  0x0000000000000e68      0x158 ./Drivers/STM32L4xx_HAL_Driver/Src/stm32l4xx_hal_sd.o
 .debug_ranges  0x0000000000000fc0       0xa8 ./Drivers/STM32L4xx_HAL_Driver/Src/stm32l4xx_hal_sram.o
 .debug_ranges  0x0000000000001068       0x70 ./Drivers/STM32L4xx_HAL_Driver/Src/stm32l4xx_ll_fmc.o
 .debug_ranges  0x00000000000010d8      0x180 ./Drivers/STM32L4xx_HAL_Driver/Src/stm32l4xx_ll_sdmmc.o
 .debug_ranges  0x0000000000001258       0x18 ./FATFS/App/fatfs.o
 .debug_ranges  0x0000000000001270       0x50 ./FATFS/Target/sd_diskio.o
 .debug_ranges  0x00000000000012c0       0x30 ./Middlewares/Third_Party/FatFs/src/ff_gen_drv.o

.debug_macro    0x0000000000000000    0x2bdc8
 .debug_macro   0x0000000000000000      0x37a ./Core/Src/main.o
 .debug_macro   0x000000000000037a      0xaa8 ./Core/Src/main.o
 .debug_macro   0x0000000000000e22      0x1ad ./Core/Src/main.o
 .debug_macro   0x0000000000000fcf       0x2e ./Core/Src/main.o
 .debug_macro   0x0000000000000ffd       0x28 ./Core/Src/main.o
 .debug_macro   0x0000000000001025       0x22 ./Core/Src/main.o
 .debug_macro   0x0000000000001047       0x8e ./Core/Src/main.o
 .debug_macro   0x00000000000010d5       0x51 ./Core/Src/main.o
 .debug_macro   0x0000000000001126      0x103 ./Core/Src/main.o
 .debug_macro   0x0000000000001229       0x6a ./Core/Src/main.o
 .debug_macro   0x0000000000001293      0x1df ./Core/Src/main.o
 .debug_macro   0x0000000000001472       0x1c ./Core/Src/main.o
 .debug_macro   0x000000000000148e       0x22 ./Core/Src/main.o
 .debug_macro   0x00000000000014b0      0x101 ./Core/Src/main.o
 .debug_macro   0x00000000000015b1     0x1011 ./Core/Src/main.o
 .debug_macro   0x00000000000025c2      0x11f ./Core/Src/main.o
 .debug_macro   0x00000000000026e1    0x1c1e0 ./Core/Src/main.o
 .debug_macro   0x000000000001e8c1       0x6d ./Core/Src/main.o
 .debug_macro   0x000000000001e92e     0x38e2 ./Core/Src/main.o
 .debug_macro   0x0000000000022210      0x174 ./Core/Src/main.o
 .debug_macro   0x0000000000022384       0x5c ./Core/Src/main.o
 .debug_macro   0x00000000000223e0     0x187d ./Core/Src/main.o
 .debug_macro   0x0000000000023c5d      0x773 ./Core/Src/main.o
 .debug_macro   0x00000000000243d0      0x1b9 ./Core/Src/main.o
 .debug_macro   0x0000000000024589      0x202 ./Core/Src/main.o
 .debug_macro   0x000000000002478b      0x26b ./Core/Src/main.o
 .debug_macro   0x00000000000249f6      0x23d ./Core/Src/main.o
 .debug_macro   0x0000000000024c33      0x241 ./Core/Src/main.o
 .debug_macro   0x0000000000024e74      0x3ad ./Core/Src/main.o
 .debug_macro   0x0000000000025221       0xe4 ./Core/Src/main.o
 .debug_macro   0x0000000000025305      0x22c ./Core/Src/main.o
 .debug_macro   0x0000000000025531       0x61 ./Core/Src/main.o
 .debug_macro   0x0000000000025592       0xa5 ./Core/Src/main.o
 .debug_macro   0x0000000000025637      0x122 ./Core/Src/main.o
 .debug_macro   0x0000000000025759      0x3ef ./Core/Src/main.o
 .debug_macro   0x0000000000025b48      0x77a ./Core/Src/main.o
 .debug_macro   0x00000000000262c2      0x1d5 ./Core/Src/main.o
 .debug_macro   0x0000000000026497      0x327 ./Core/Src/main.o
 .debug_macro   0x00000000000267be      0x433 ./Core/Src/main.o
 .debug_macro   0x0000000000026bf1      0x56f ./Core/Src/main.o
 .debug_macro   0x0000000000027160      0x4cb ./Core/Src/main.o
 .debug_macro   0x000000000002762b       0x52 ./Core/Src/main.o
 .debug_macro   0x000000000002767d       0x1c ./Core/Src/main.o
 .debug_macro   0x0000000000027699       0x40 ./Core/Src/main.o
 .debug_macro   0x00000000000276d9       0xe5 ./Core/Src/main.o
 .debug_macro   0x00000000000277be       0x18 ./Core/Src/main.o
 .debug_macro   0x00000000000277d6       0x52 ./Core/Src/main.o
 .debug_macro   0x0000000000027828       0x3c ./Core/Src/main.o
 .debug_macro   0x0000000000027864       0x34 ./Core/Src/main.o
 .debug_macro   0x0000000000027898       0x16 ./Core/Src/main.o
 .debug_macro   0x00000000000278ae       0x35 ./Core/Src/main.o
 .debug_macro   0x00000000000278e3       0x16 ./Core/Src/main.o
 .debug_macro   0x00000000000278f9       0x43 ./Core/Src/main.o
 .debug_macro   0x000000000002793c       0x34 ./Core/Src/main.o
 .debug_macro   0x0000000000027970       0x10 ./Core/Src/main.o
 .debug_macro   0x0000000000027980       0x58 ./Core/Src/main.o
 .debug_macro   0x00000000000279d8       0x71 ./Core/Src/main.o
 .debug_macro   0x0000000000027a49       0x1c ./Core/Src/main.o
 .debug_macro   0x0000000000027a65      0x12a ./Core/Src/main.o
 .debug_macro   0x0000000000027b8f      0x333 ./Core/Src/main.o
 .debug_macro   0x0000000000027ec2       0x16 ./Core/Src/main.o
 .debug_macro   0x0000000000027ed8       0x29 ./Core/Src/main.o
 .debug_macro   0x0000000000027f01       0x12 ./Core/Src/main.o
 .debug_macro   0x0000000000027f13       0xe2 ./Core/Src/main.o
 .debug_macro   0x0000000000027ff5       0x8e ./Core/Src/main.o
 .debug_macro   0x0000000000028083      0x237 ./Core/Src/stm32l4xx_hal_msp.o
 .debug_macro   0x00000000000282ba      0x241 ./Core/Src/stm32l4xx_it.o
 .debug_macro   0x00000000000284fb      0x1e4 ./Core/Src/system_stm32l4xx.o
 .debug_macro   0x00000000000286df       0x96 ./Drivers/BSP/Components/mfxstm32l152.o
 .debug_macro   0x0000000000028775      0x3dd ./Drivers/BSP/STM32L496G-Discovery/stm32l496g_discovery.o
 .debug_macro   0x0000000000028b52      0x569 ./Drivers/BSP/STM32L496G-Discovery/stm32l496g_discovery.o
 .debug_macro   0x00000000000290bb       0x16 ./Drivers/BSP/STM32L496G-Discovery/stm32l496g_discovery.o
 .debug_macro   0x00000000000290d1       0xe2 ./Drivers/BSP/STM32L496G-Discovery/stm32l496g_discovery.o
 .debug_macro   0x00000000000291b3       0x10 ./Drivers/BSP/STM32L496G-Discovery/stm32l496g_discovery.o
 .debug_macro   0x00000000000291c3      0x158 ./Drivers/BSP/STM32L496G-Discovery/stm32l496g_discovery.o
 .debug_macro   0x000000000002931b      0x22f ./Drivers/BSP/STM32L496G-Discovery/stm32l496g_discovery_io.o
 .debug_macro   0x000000000002954a      0x238 ./Drivers/BSP/STM32L496G-Discovery/stm32l496g_discovery_sd.o
 .debug_macro   0x0000000000029782       0x76 ./Drivers/BSP/STM32L496G-Discovery/stm32l496g_discovery_sd.o
 .debug_macro   0x00000000000297f8      0x232 ./Drivers/STM32L4xx_HAL_Driver/Src/stm32l4xx_hal.o
 .debug_macro   0x0000000000029a2a      0x1e4 ./Drivers/STM32L4xx_HAL_Driver/Src/stm32l4xx_hal_cortex.o
 .debug_macro   0x0000000000029c0e      0x1e4 ./Drivers/STM32L4xx_HAL_Driver/Src/stm32l4xx_hal_dma.o
 .debug_macro   0x0000000000029df2      0x1eb ./Drivers/STM32L4xx_HAL_Driver/Src/stm32l4xx_hal_gpio.o
 .debug_macro   0x0000000000029fdd      0x2b0 ./Drivers/STM32L4xx_HAL_Driver/Src/stm32l4xx_hal_i2c.o
 .debug_macro   0x000000000002a28d      0x1e4 ./Drivers/STM32L4xx_HAL_Driver/Src/stm32l4xx_hal_i2c_ex.o
 .debug_macro   0x000000000002a471      0x20e ./Drivers/STM32L4xx_HAL_Driver/Src/stm32l4xx_hal_pwr_ex.o
 .debug_macro   0x000000000002a67f      0x226 ./Drivers/STM32L4xx_HAL_Driver/Src/stm32l4xx_hal_rcc.o
 .debug_macro   0x000000000002a8a5      0x21a ./Drivers/STM32L4xx_HAL_Driver/Src/stm32l4xx_hal_rcc_ex.o
 .debug_macro   0x000000000002aabf      0x1fa ./Drivers/STM32L4xx_HAL_Driver/Src/stm32l4xx_hal_sd.o
 .debug_macro   0x000000000002acb9      0x1e4 ./Drivers/STM32L4xx_HAL_Driver/Src/stm32l4xx_hal_sram.o
 .debug_macro   0x000000000002ae9d      0x202 ./Drivers/STM32L4xx_HAL_Driver/Src/stm32l4xx_ll_fmc.o
 .debug_macro   0x000000000002b09f      0x1e5 ./Drivers/STM32L4xx_HAL_Driver/Src/stm32l4xx_ll_sdmmc.o
 .debug_macro   0x000000000002b284      0x374 ./FATFS/App/fatfs.o
 .debug_macro   0x000000000002b5f8      0x3a7 ./FATFS/Target/sd_diskio.o
 .debug_macro   0x000000000002b99f       0x16 ./FATFS/Target/sd_diskio.o
 .debug_macro   0x000000000002b9b5       0x7c ./FATFS/Target/sd_diskio.o
 .debug_macro   0x000000000002ba31       0x16 ./FATFS/Target/sd_diskio.o
 .debug_macro   0x000000000002ba47       0x20 ./FATFS/Target/sd_diskio.o
 .debug_macro   0x000000000002ba67      0x361 ./Middlewares/Third_Party/FatFs/src/ff_gen_drv.o

.debug_line     0x0000000000000000    0x16ca2
 .debug_line    0x0000000000000000      0xcdb ./Core/Src/main.o
 .debug_line    0x0000000000000cdb      0xb0c ./Core/Src/stm32l4xx_hal_msp.o
 .debug_line    0x00000000000017e7      0x9fc ./Core/Src/stm32l4xx_it.o
 .debug_line    0x00000000000021e3      0x7b6 ./Core/Src/system_stm32l4xx.o
 .debug_line    0x0000000000002999       0x88 ./Core/Startup/startup_stm32l496agix.o
 .debug_line    0x0000000000002a21      0xdee ./Drivers/BSP/Components/mfxstm32l152.o
 .debug_line    0x000000000000380f     0x15a0 ./Drivers/BSP/STM32L496G-Discovery/stm32l496g_discovery.o
 .debug_line    0x0000000000004daf      0x9d1 ./Drivers/BSP/STM32L496G-Discovery/stm32l496g_discovery_io.o
 .debug_line    0x0000000000005780      0xc60 ./Drivers/BSP/STM32L496G-Discovery/stm32l496g_discovery_sd.o
 .debug_line    0x00000000000063e0      0xb10 ./Drivers/STM32L4xx_HAL_Driver/Src/stm32l4xx_hal.o
 .debug_line    0x0000000000006ef0      0xcb7 ./Drivers/STM32L4xx_HAL_Driver/Src/stm32l4xx_hal_cortex.o
 .debug_line    0x0000000000007ba7      0xcef ./Drivers/STM32L4xx_HAL_Driver/Src/stm32l4xx_hal_dma.o
 .debug_line    0x0000000000008896      0xb6c ./Drivers/STM32L4xx_HAL_Driver/Src/stm32l4xx_hal_gpio.o
 .debug_line    0x0000000000009402     0x33a8 ./Drivers/STM32L4xx_HAL_Driver/Src/stm32l4xx_hal_i2c.o
 .debug_line    0x000000000000c7aa      0x93e ./Drivers/STM32L4xx_HAL_Driver/Src/stm32l4xx_hal_i2c_ex.o
 .debug_line    0x000000000000d0e8      0xcd6 ./Drivers/STM32L4xx_HAL_Driver/Src/stm32l4xx_hal_pwr_ex.o
 .debug_line    0x000000000000ddbe      0xfbe ./Drivers/STM32L4xx_HAL_Driver/Src/stm32l4xx_hal_rcc.o
 .debug_line    0x000000000000ed7c     0x1718 ./Drivers/STM32L4xx_HAL_Driver/Src/stm32l4xx_hal_rcc_ex.o
 .debug_line    0x0000000000010494     0x1e5f ./Drivers/STM32L4xx_HAL_Driver/Src/stm32l4xx_hal_sd.o
 .debug_line    0x00000000000122f3      0xd31 ./Drivers/STM32L4xx_HAL_Driver/Src/stm32l4xx_hal_sram.o
 .debug_line    0x0000000000013024      0x97d ./Drivers/STM32L4xx_HAL_Driver/Src/stm32l4xx_ll_fmc.o
 .debug_line    0x00000000000139a1      0xfc1 ./Drivers/STM32L4xx_HAL_Driver/Src/stm32l4xx_ll_sdmmc.o
 .debug_line    0x0000000000014962      0xae0 ./FATFS/App/fatfs.o
 .debug_line    0x0000000000015442      0xcf1 ./FATFS/Target/sd_diskio.o
 .debug_line    0x0000000000016133      0xb6f ./Middlewares/Third_Party/FatFs/src/ff_gen_drv.o

.debug_str      0x0000000000000000   0x103a04
 .debug_str     0x0000000000000000    0xfc711 ./Core/Src/main.o
                                      0xfcdb0 (size before relaxing)
 .debug_str     0x00000000000fc711      0x340 ./Core/Src/stm32l4xx_hal_msp.o
                                      0xf9212 (size before relaxing)
 .debug_str     0x00000000000fca51      0x108 ./Core/Src/stm32l4xx_it.o
                                      0xf843a (size before relaxing)
 .debug_str     0x00000000000fcb59       0xb8 ./Core/Src/system_stm32l4xx.o
                                      0xf312c (size before relaxing)
 .debug_str     0x00000000000fcc11       0x36 ./Core/Startup/startup_stm32l496agix.o
                                         0x7a (size before relaxing)
 .debug_str     0x00000000000fcc47      0x6b7 ./Drivers/BSP/Components/mfxstm32l152.o
                                       0x69b0 (size before relaxing)
 .debug_str     0x00000000000fd2fe     0x2416 ./Drivers/BSP/STM32L496G-Discovery/stm32l496g_discovery.o
                                      0xfe5b2 (size before relaxing)
 .debug_str     0x00000000000ff714      0x10b ./Drivers/BSP/STM32L496G-Discovery/stm32l496g_discovery_io.o
                                      0xf8048 (size before relaxing)
 .debug_str     0x00000000000ff81f      0x41d ./Drivers/BSP/STM32L496G-Discovery/stm32l496g_discovery_sd.o
                                      0xf9264 (size before relaxing)
 .debug_str     0x00000000000ffc3c      0x5af ./Drivers/STM32L4xx_HAL_Driver/Src/stm32l4xx_hal.o
                                      0xf3ca0 (size before relaxing)