stm32l496g_discovery.c:237:13:BSP_ErrorHandler	4	static
stm32l496g_discovery.c:250:10:BSP_GetVersion	4	static
stm32l496g_discovery.c:265:6:BSP_LED_Init	40	static
stm32l496g_discovery.c:309:6:BSP_LED_DeInit	24	static
stm32l496g_discovery.c:329:6:BSP_LED_On	16	static
stm32l496g_discovery.c:350:6:BSP_LED_Off	16	static
stm32l496g_discovery.c:371:6:BSP_LED_Toggle	16	static
stm32l496g_discovery.c:392:9:BSP_JOY_Init	64	static
stm32l496g_discovery.c:431:6:BSP_JOY_DeInit	32	static
stm32l496g_discovery.c:456:18:BSP_JOY_GetState	16	static
stm32l496g_discovery.c:554:6:I2C2_Init	8	static
stm32l496g_discovery.c:578:13:I2C2_MspInit	192	static
stm32l496g_discovery.c:627:6:I2C2_DeInit	8	static
stm32l496g_discovery.c:642:13:I2C2_MspDeInit	24	static
stm32l496g_discovery.c:677:13:I2C2_WriteData	48	static,ignoring_inline_asm
stm32l496g_discovery.c:705:26:I2C2_WriteBuffer	48	static,ignoring_inline_asm
stm32l496g_discovery.c:733:16:I2C2_ReadData	40	static,ignoring_inline_asm
stm32l496g_discovery.c:755:16:I2C2_isDeviceReady	24	static,ignoring_inline_asm
stm32l496g_discovery.c:786:26:I2C2_ReadBuffer	48	static,ignoring_inline_asm
stm32l496g_discovery.c:810:13:I2C2_Error	8	static
stm32l496g_discovery.c:829:13:I2Cx_Init	16	static
stm32l496g_discovery.c:884:26:I2Cx_ReadMultiple	48	static
stm32l496g_discovery.c:914:26:I2Cx_WriteMultiple	48	static
stm32l496g_discovery.c:940:13:I2Cx_Error	16	static
stm32l496g_discovery.c:970:6:MFX_IO_Init	8	static
stm32l496g_discovery.c:985:6:MFX_IO_DeInit	40	static
stm32l496g_discovery.c:1012:6:MFX_IO_ITConfig	32	static
stm32l496g_discovery.c:1035:6:MFX_IO_EnableWakeupPin	32	static
stm32l496g_discovery.c:1054:6:MFX_IO_Wakeup	8	static
stm32l496g_discovery.c:1073:6:MFX_IO_Write	16	static
stm32l496g_discovery.c:1084:9:MFX_IO_Read	16	static
stm32l496g_discovery.c:1097:10:MFX_IO_ReadMultiple	32	static
stm32l496g_discovery.c:1110:6:MFX_IO_WriteMultiple	32	static
stm32l496g_discovery.c:1120:6:MFX_IO_Delay	16	static
stm32l496g_discovery.c:1131:6:AUDIO_IO_Init	40	static
stm32l496g_discovery.c:1172:6:AUDIO_IO_DeInit	16	static
stm32l496g_discovery.c:1207:6:AUDIO_IO_Write	24	static
stm32l496g_discovery.c:1218:9:AUDIO_IO_Read	32	static
stm32l496g_discovery.c:1232:6:AUDIO_IO_Delay	16	static
stm32l496g_discovery.c:1246:6:FMC_BANK1_MspInit	56	static
stm32l496g_discovery.c:1293:6:FMC_BANK1_Init	152	static
stm32l496g_discovery.c:1351:6:FMC_BANK1_MspDeInit	32	static
stm32l496g_discovery.c:1382:13:FMC_BANK1_WriteData	16	static
stm32l496g_discovery.c:1393:13:FMC_BANK1_WriteReg	16	static
stm32l496g_discovery.c:1404:17:FMC_BANK1_ReadData	4	static
stm32l496g_discovery.c:1420:6:LCD_IO_Init	8	static
stm32l496g_discovery.c:1430:6:LCD_IO_WriteData	16	static
stm32l496g_discovery.c:1442:6:LCD_IO_WriteMultipleData	24	static
stm32l496g_discovery.c:1457:6:LCD_IO_WriteReg	16	static
stm32l496g_discovery.c:1468:10:LCD_IO_ReadData	8	static
stm32l496g_discovery.c:1478:6:LCD_IO_Delay	16	static
stm32l496g_discovery.c:1489:6:TS_IO_Init	8	static
stm32l496g_discovery.c:1518:6:TS_IO_Write	24	static
stm32l496g_discovery.c:1529:9:TS_IO_Read	16	static
stm32l496g_discovery.c:1543:10:TS_IO_ReadMultiple	24	static
stm32l496g_discovery.c:1557:6:TS_IO_WriteMultiple	24	static
stm32l496g_discovery.c:1567:6:TS_IO_Delay	16	static
stm32l496g_discovery.c:1578:6:CAMERA_IO_Init	8	static
stm32l496g_discovery.c:1590:6:CAMERA_IO_Write	24	static
stm32l496g_discovery.c:1601:9:CAMERA_IO_Read	32	static
stm32l496g_discovery.c:1615:6:CAMERA_Delay	16	static
stm32l496g_discovery.c:1623:16:BSP_LCD_Init	16	static
