stm32l496g_discovery_sd.c:106:9:BSP_SD_Init	16	static
stm32l496g_discovery_sd.c:159:9:BSP_SD_DeInit	16	static
stm32l496g_discovery_sd.c:183:9:BSP_SD_ITConfig	8	static
stm32l496g_discovery_sd.c:203:9:BSP_SD_IsDetected	16	static
stm32l496g_discovery_sd.c:224:9:BSP_SD_ReadBlocks	40	static
stm32l496g_discovery_sd.c:248:9:BSP_SD_WriteBlocks	40	static
stm32l496g_discovery_sd.c:271:9:BSP_SD_ReadBlocks_DMA	32	static
stm32l496g_discovery_sd.c:304:9:BSP_SD_WriteBlocks_DMA	32	static
stm32l496g_discovery_sd.c:336:9:BSP_SD_Erase	24	static
stm32l496g_discovery_sd.c:356:6:BSP_SD_IRQHandler	8	static
stm32l496g_discovery_sd.c:365:6:BSP_SD_DMA_Tx_IRQHandler	8	static
stm32l496g_discovery_sd.c:374:6:BSP_SD_DMA_Rx_IRQHandler	8	static
stm32l496g_discovery_sd.c:384:9:BSP_SD_GetCardState	16	static
stm32l496g_discovery_sd.c:410:6:BSP_SD_GetCardInfo	16	static
stm32l496g_discovery_sd.c:424:13:BSP_SD_MspInit	192	static
stm32l496g_discovery_sd.c:484:13:BSP_SD_MspDeInit	48	static
stm32l496g_discovery_sd.c:525:13:BSP_SD_AbortCallback	4	static
stm32l496g_discovery_sd.c:534:13:BSP_SD_WriteCpltCallback	4	static
stm32l496g_discovery_sd.c:543:13:BSP_SD_ReadCpltCallback	4	static
stm32l496g_discovery_sd.c:553:6:HAL_SD_AbortCallback	16	static
stm32l496g_discovery_sd.c:563:6:HAL_SD_TxCpltCallback	16	static
stm32l496g_discovery_sd.c:573:6:HAL_SD_RxCpltCallback	16	static
stm32l496g_discovery_sd.c:593:13:SD_Detect_MspInit	8	static
stm32l496g_discovery_sd.c:608:13:SD_Detect_MspDeInit	8	static
stm32l496g_discovery_sd.c:625:26:SD_DMAConfigRx	24	static
stm32l496g_discovery_sd.c:665:26:SD_DMAConfigTx	24	static
